Loading config: /DataVol/projects/murmura/experiments/paper/dmtt/exp1_main_comparison/c1_static_fedavg/c1_static_byz20_s42.yaml
Device: cuda

Experiment: C1-StaticFedAvg-byz20-s42
  Backend:    simulation
  Rounds:     50
  Topology:   fully (10 nodes)
  Aggregation:fedavg
  Attack: topology_liar (20% nodes)

Loading dataset: wearables.uci_har
Loading model: examples.wearables.uci_har
Using evidential deep learning (EDL)

Creating network…
Gaussian Attack: Compromised 2/10 nodes
  Compromised nodes: [0, 1]
  Noise std: 10.0

Starting training…


=== Round 1/50 ===
Round 1: Mean Accuracy = 0.1393 ± 0.1730
  Honest: 0.1087, Compromised: 0.2617
  Uncertainty: Vacuity=nan, Entropy=nan, Strength=nan

=== Round 2/50 ===
Round 2: Mean Accuracy = 0.1400 ± 0.1574
  Honest: 0.1091, Compromised: 0.2636
  Uncertainty: Vacuity=0.0186, Entropy=0.7034, Strength=534.38

=== Round 3/50 ===
Round 3: Mean Accuracy = 0.1128 ± 0.1327
  Honest: 0.1091, Compromised: 0.1278
  Uncertainty: Vacuity=0.0431, Entropy=0.8223, Strength=182.70

=== Round 4/50 ===
Round 4: Mean Accuracy = 0.1312 ± 0.1591
  Honest: 0.1082, Compromised: 0.2231
  Uncertainty: Vacuity=0.0144, Entropy=0.8566, Strength=526.14

=== Round 5/50 ===
Round 5: Mean Accuracy = 0.1474 ± 0.1659
  Honest: 0.1176, Compromised: 0.2666
  Uncertainty: Vacuity=0.0285, Entropy=0.4683, Strength=288.98

=== Round 6/50 ===
Round 6: Mean Accuracy = 0.1377 ± 0.1446
  Honest: 0.0726, Compromised: 0.3981
  Uncertainty: Vacuity=0.0131, Entropy=1.0022, Strength=494.19

=== Round 7/50 ===
Round 7: Mean Accuracy = 0.1391 ± 0.1406
  Honest: 0.1068, Compromised: 0.2682
  Uncertainty: Vacuity=0.0081, Entropy=0.9688, Strength=826.09

=== Round 8/50 ===
Round 8: Mean Accuracy = 0.1507 ± 0.1391
  Honest: 0.0896, Compromised: 0.3950
  Uncertainty: Vacuity=0.0077, Entropy=1.1344, Strength=830.43

=== Round 9/50 ===
Round 9: Mean Accuracy = 0.2097 ± 0.0930
  Honest: 0.2166, Compromised: 0.1822
  Uncertainty: Vacuity=0.0060, Entropy=1.1362, Strength=1067.41

=== Round 10/50 ===
Round 10: Mean Accuracy = 0.1476 ± 0.1322
  Honest: 0.1365, Compromised: 0.1916
  Uncertainty: Vacuity=0.0058, Entropy=1.1710, Strength=1069.72

=== Round 11/50 ===
Round 11: Mean Accuracy = 0.2730 ± 0.1452
  Honest: 0.2230, Compromised: 0.4731
  Uncertainty: Vacuity=0.0056, Entropy=1.1938, Strength=1111.19

=== Round 12/50 ===
Round 12: Mean Accuracy = 0.1399 ± 0.1708
  Honest: 0.1087, Compromised: 0.2649
  Uncertainty: Vacuity=0.0063, Entropy=0.8535, Strength=1006.33

=== Round 13/50 ===
Round 13: Mean Accuracy = 0.1341 ± 0.1635
  Honest: 0.1069, Compromised: 0.2431
  Uncertainty: Vacuity=0.0050, Entropy=1.0546, Strength=1301.19

=== Round 14/50 ===
Round 14: Mean Accuracy = 0.1405 ± 0.1722
  Honest: 0.1099, Compromised: 0.2630
  Uncertainty: Vacuity=0.0099, Entropy=0.5160, Strength=653.27

=== Round 15/50 ===
Round 15: Mean Accuracy = 0.1394 ± 0.1729
  Honest: 0.1088, Compromised: 0.2617
  Uncertainty: Vacuity=0.0068, Entropy=0.7081, Strength=964.64

=== Round 16/50 ===
Round 16: Mean Accuracy = 0.1394 ± 0.1671
  Honest: 0.1084, Compromised: 0.2638
  Uncertainty: Vacuity=0.0092, Entropy=0.7050, Strength=730.78

=== Round 17/50 ===
Round 17: Mean Accuracy = 0.1531 ± 0.1448
  Honest: 0.1185, Compromised: 0.2915
  Uncertainty: Vacuity=0.0095, Entropy=0.8911, Strength=776.55

=== Round 18/50 ===
Round 18: Mean Accuracy = 0.1322 ± 0.1578
  Honest: 0.1089, Compromised: 0.2251
  Uncertainty: Vacuity=0.0065, Entropy=0.7337, Strength=1096.27

=== Round 19/50 ===
Round 19: Mean Accuracy = 0.1432 ± 0.1709
  Honest: 0.1113, Compromised: 0.2708
  Uncertainty: Vacuity=0.0066, Entropy=0.9687, Strength=992.56

=== Round 20/50 ===
Round 20: Mean Accuracy = 0.1391 ± 0.1727
  Honest: 0.1087, Compromised: 0.2610
  Uncertainty: Vacuity=0.0051, Entropy=0.8429, Strength=1367.77

=== Round 21/50 ===
Round 21: Mean Accuracy = 0.1050 ± 0.0981
  Honest: 0.0762, Compromised: 0.2203
  Uncertainty: Vacuity=0.0043, Entropy=1.1931, Strength=1581.86

=== Round 22/50 ===
Round 22: Mean Accuracy = 0.1940 ± 0.1339
  Honest: 0.1804, Compromised: 0.2485
  Uncertainty: Vacuity=0.0055, Entropy=1.1536, Strength=1203.38

=== Round 23/50 ===
Round 23: Mean Accuracy = 0.1627 ± 0.1624
  Honest: 0.1254, Compromised: 0.3117
  Uncertainty: Vacuity=0.0066, Entropy=0.9655, Strength=1174.55

=== Round 24/50 ===
Round 24: Mean Accuracy = 0.1353 ± 0.1578
  Honest: 0.1123, Compromised: 0.2274
  Uncertainty: Vacuity=0.0054, Entropy=0.9504, Strength=1284.48

=== Round 25/50 ===
Round 25: Mean Accuracy = 0.1150 ± 0.0645
  Honest: 0.1004, Compromised: 0.1735
  Uncertainty: Vacuity=0.0064, Entropy=1.3153, Strength=1168.65

=== Round 26/50 ===
Round 26: Mean Accuracy = 0.0767 ± 0.0368
  Honest: 0.0745, Compromised: 0.0854
  Uncertainty: Vacuity=0.0079, Entropy=1.1702, Strength=957.15

=== Round 27/50 ===
Round 27: Mean Accuracy = 0.1080 ± 0.1264
  Honest: 0.1018, Compromised: 0.1331
  Uncertainty: Vacuity=0.0094, Entropy=0.8676, Strength=982.10

=== Round 28/50 ===
Round 28: Mean Accuracy = 0.1301 ± 0.1658
  Honest: 0.1001, Compromised: 0.2505
  Uncertainty: Vacuity=0.0086, Entropy=0.7563, Strength=894.52

=== Round 29/50 ===
Round 29: Mean Accuracy = 0.1313 ± 0.1600
  Honest: 0.1076, Compromised: 0.2258
  Uncertainty: Vacuity=0.0081, Entropy=0.4537, Strength=873.94

=== Round 30/50 ===
Round 30: Mean Accuracy = 0.1358 ± 0.1690
  Honest: 0.1050, Compromised: 0.2593
  Uncertainty: Vacuity=0.0054, Entropy=0.6398, Strength=1235.97

=== Round 31/50 ===
Round 31: Mean Accuracy = 0.1317 ± 0.1621
  Honest: 0.1047, Compromised: 0.2393
  Uncertainty: Vacuity=0.0070, Entropy=0.6566, Strength=1195.73

=== Round 32/50 ===
Round 32: Mean Accuracy = 0.1303 ± 0.1527
  Honest: 0.1079, Compromised: 0.2199
  Uncertainty: Vacuity=0.0143, Entropy=0.7001, Strength=964.87

=== Round 33/50 ===
Round 33: Mean Accuracy = 0.1927 ± 0.1449
  Honest: 0.1760, Compromised: 0.2596
  Uncertainty: Vacuity=0.0284, Entropy=0.7660, Strength=748.36

=== Round 34/50 ===
Round 34: Mean Accuracy = 0.0872 ± 0.0984
  Honest: 0.0554, Compromised: 0.2142
  Uncertainty: Vacuity=0.0108, Entropy=0.8388, Strength=915.01

=== Round 35/50 ===
Round 35: Mean Accuracy = 0.1121 ± 0.0664
  Honest: 0.1075, Compromised: 0.1306
  Uncertainty: Vacuity=0.0266, Entropy=0.8337, Strength=812.72

=== Round 36/50 ===
Round 36: Mean Accuracy = 0.1120 ± 0.1392
  Honest: 0.0827, Compromised: 0.2292
  Uncertainty: Vacuity=0.0133, Entropy=0.7333, Strength=1037.60

=== Round 37/50 ===
Round 37: Mean Accuracy = 0.1031 ± 0.1246
  Honest: 0.0786, Compromised: 0.2009
  Uncertainty: Vacuity=0.0164, Entropy=0.6797, Strength=896.79

=== Round 38/50 ===
Round 38: Mean Accuracy = 0.0813 ± 0.0485
  Honest: 0.0712, Compromised: 0.1217
  Uncertainty: Vacuity=0.0058, Entropy=1.0028, Strength=1360.84

=== Round 39/50 ===
Round 39: Mean Accuracy = 0.0963 ± 0.0843
  Honest: 0.0877, Compromised: 0.1309
  Uncertainty: Vacuity=0.0053, Entropy=1.0816, Strength=1341.13

=== Round 40/50 ===
Round 40: Mean Accuracy = 0.1590 ± 0.0767
  Honest: 0.1717, Compromised: 0.1082
  Uncertainty: Vacuity=0.0046, Entropy=1.2860, Strength=1499.78

=== Round 41/50 ===
Round 41: Mean Accuracy = 0.1693 ± 0.1228
  Honest: 0.1825, Compromised: 0.1165
  Uncertainty: Vacuity=0.0048, Entropy=1.2338, Strength=1419.15

=== Round 42/50 ===
Round 42: Mean Accuracy = 0.1544 ± 0.0603
  Honest: 0.1742, Compromised: 0.0750
  Uncertainty: Vacuity=0.0036, Entropy=1.3167, Strength=1820.76

=== Round 43/50 ===
Round 43: Mean Accuracy = 0.1637 ± 0.0746
  Honest: 0.1781, Compromised: 0.1060
  Uncertainty: Vacuity=0.0039, Entropy=1.2851, Strength=1688.77

=== Round 44/50 ===
Round 44: Mean Accuracy = 0.2201 ± 0.1226
  Honest: 0.2244, Compromised: 0.2028
  Uncertainty: Vacuity=0.0070, Entropy=0.9893, Strength=1108.84

=== Round 45/50 ===
Round 45: Mean Accuracy = 0.2028 ± 0.1001
  Honest: 0.2334, Compromised: 0.0806
  Uncertainty: Vacuity=0.0045, Entropy=1.2868, Strength=1478.42

=== Round 46/50 ===
Round 46: Mean Accuracy = 0.1673 ± 0.0860
  Honest: 0.1726, Compromised: 0.1459
  Uncertainty: Vacuity=0.0057, Entropy=1.2122, Strength=1362.03

=== Round 47/50 ===
Round 47: Mean Accuracy = 0.1898 ± 0.1067
  Honest: 0.2034, Compromised: 0.1356
  Uncertainty: Vacuity=0.0089, Entropy=1.0243, Strength=1285.86

=== Round 48/50 ===
Round 48: Mean Accuracy = 0.1957 ± 0.0786
  Honest: 0.2274, Compromised: 0.0687
  Uncertainty: Vacuity=0.0129, Entropy=0.9372, Strength=1038.53

=== Round 49/50 ===
Round 49: Mean Accuracy = 0.1878 ± 0.0794
  Honest: 0.2095, Compromised: 0.1010
  Uncertainty: Vacuity=0.0087, Entropy=1.0842, Strength=1109.07

=== Round 50/50 ===
Round 50: Mean Accuracy = 0.2350 ± 0.1149
  Honest: 0.2474, Compromised: 0.1854
  Uncertainty: Vacuity=0.0060, Entropy=1.2510, Strength=1707.46
                                   Training Results                                   
┏━━━━━━━┳━━━━━━━━━━┳━━━━━━━━━┳━━━━━━━━━━━━┳━━━━━━━━━━━┳━━━━━━━━━┳━━━━━━━━━┳━━━━━━━━━━┓
┃ Round ┃ Mean Acc ┃ Std Acc ┃ Honest Acc ┃ Comp. Acc ┃ Vacuity ┃ Entropy ┃ Strength ┃
┡━━━━━━━╇━━━━━━━━━━╇━━━━━━━━━╇━━━━━━━━━━━━╇━━━━━━━━━━━╇━━━━━━━━━╇━━━━━━━━━╇━━━━━━━━━━┩
│ 1     │ 0.1393   │ 0.1730  │ 0.1087     │ 0.2617    │ nan     │ nan     │ nan      │
│ 2     │ 0.1400   │ 0.1574  │ 0.1091     │ 0.2636    │ 0.0186  │ 0.7034  │ 534.38   │
│ 3     │ 0.1128   │ 0.1327  │ 0.1091     │ 0.1278    │ 0.0431  │ 0.8223  │ 182.70   │
│ 4     │ 0.1312   │ 0.1591  │ 0.1082     │ 0.2231    │ 0.0144  │ 0.8566  │ 526.14   │
│ 5     │ 0.1474   │ 0.1659  │ 0.1176     │ 0.2666    │ 0.0285  │ 0.4683  │ 288.98   │
│ 6     │ 0.1377   │ 0.1446  │ 0.0726     │ 0.3981    │ 0.0131  │ 1.0022  │ 494.19   │
│ 7     │ 0.1391   │ 0.1406  │ 0.1068     │ 0.2682    │ 0.0081  │ 0.9688  │ 826.09   │
│ 8     │ 0.1507   │ 0.1391  │ 0.0896     │ 0.3950    │ 0.0077  │ 1.1344  │ 830.43   │
│ 9     │ 0.2097   │ 0.0930  │ 0.2166     │ 0.1822    │ 0.0060  │ 1.1362  │ 1067.41  │
│ 10    │ 0.1476   │ 0.1322  │ 0.1365     │ 0.1916    │ 0.0058  │ 1.1710  │ 1069.72  │
│ 11    │ 0.2730   │ 0.1452  │ 0.2230     │ 0.4731    │ 0.0056  │ 1.1938  │ 1111.19  │
│ 12    │ 0.1399   │ 0.1708  │ 0.1087     │ 0.2649    │ 0.0063  │ 0.8535  │ 1006.33  │
│ 13    │ 0.1341   │ 0.1635  │ 0.1069     │ 0.2431    │ 0.0050  │ 1.0546  │ 1301.19  │
│ 14    │ 0.1405   │ 0.1722  │ 0.1099     │ 0.2630    │ 0.0099  │ 0.5160  │ 653.27   │
│ 15    │ 0.1394   │ 0.1729  │ 0.1088     │ 0.2617    │ 0.0068  │ 0.7081  │ 964.64   │
│ 16    │ 0.1394   │ 0.1671  │ 0.1084     │ 0.2638    │ 0.0092  │ 0.7050  │ 730.78   │
│ 17    │ 0.1531   │ 0.1448  │ 0.1185     │ 0.2915    │ 0.0095  │ 0.8911  │ 776.55   │
│ 18    │ 0.1322   │ 0.1578  │ 0.1089     │ 0.2251    │ 0.0065  │ 0.7337  │ 1096.27  │
│ 19    │ 0.1432   │ 0.1709  │ 0.1113     │ 0.2708    │ 0.0066  │ 0.9687  │ 992.56   │
│ 20    │ 0.1391   │ 0.1727  │ 0.1087     │ 0.2610    │ 0.0051  │ 0.8429  │ 1367.77  │
│ 21    │ 0.1050   │ 0.0981  │ 0.0762     │ 0.2203    │ 0.0043  │ 1.1931  │ 1581.86  │
│ 22    │ 0.1940   │ 0.1339  │ 0.1804     │ 0.2485    │ 0.0055  │ 1.1536  │ 1203.38  │
│ 23    │ 0.1627   │ 0.1624  │ 0.1254     │ 0.3117    │ 0.0066  │ 0.9655  │ 1174.55  │
│ 24    │ 0.1353   │ 0.1578  │ 0.1123     │ 0.2274    │ 0.0054  │ 0.9504  │ 1284.48  │
│ 25    │ 0.1150   │ 0.0645  │ 0.1004     │ 0.1735    │ 0.0064  │ 1.3153  │ 1168.65  │
│ 26    │ 0.0767   │ 0.0368  │ 0.0745     │ 0.0854    │ 0.0079  │ 1.1702  │ 957.15   │
│ 27    │ 0.1080   │ 0.1264  │ 0.1018     │ 0.1331    │ 0.0094  │ 0.8676  │ 982.10   │
│ 28    │ 0.1301   │ 0.1658  │ 0.1001     │ 0.2505    │ 0.0086  │ 0.7563  │ 894.52   │
│ 29    │ 0.1313   │ 0.1600  │ 0.1076     │ 0.2258    │ 0.0081  │ 0.4537  │ 873.94   │
│ 30    │ 0.1358   │ 0.1690  │ 0.1050     │ 0.2593    │ 0.0054  │ 0.6398  │ 1235.97  │
│ 31    │ 0.1317   │ 0.1621  │ 0.1047     │ 0.2393    │ 0.0070  │ 0.6566  │ 1195.73  │
│ 32    │ 0.1303   │ 0.1527  │ 0.1079     │ 0.2199    │ 0.0143  │ 0.7001  │ 964.87   │
│ 33    │ 0.1927   │ 0.1449  │ 0.1760     │ 0.2596    │ 0.0284  │ 0.7660  │ 748.36   │
│ 34    │ 0.0872   │ 0.0984  │ 0.0554     │ 0.2142    │ 0.0108  │ 0.8388  │ 915.01   │
│ 35    │ 0.1121   │ 0.0664  │ 0.1075     │ 0.1306    │ 0.0266  │ 0.8337  │ 812.72   │
│ 36    │ 0.1120   │ 0.1392  │ 0.0827     │ 0.2292    │ 0.0133  │ 0.7333  │ 1037.60  │
│ 37    │ 0.1031   │ 0.1246  │ 0.0786     │ 0.2009    │ 0.0164  │ 0.6797  │ 896.79   │
│ 38    │ 0.0813   │ 0.0485  │ 0.0712     │ 0.1217    │ 0.0058  │ 1.0028  │ 1360.84  │
│ 39    │ 0.0963   │ 0.0843  │ 0.0877     │ 0.1309    │ 0.0053  │ 1.0816  │ 1341.13  │
│ 40    │ 0.1590   │ 0.0767  │ 0.1717     │ 0.1082    │ 0.0046  │ 1.2860  │ 1499.78  │
│ 41    │ 0.1693   │ 0.1228  │ 0.1825     │ 0.1165    │ 0.0048  │ 1.2338  │ 1419.15  │
│ 42    │ 0.1544   │ 0.0603  │ 0.1742     │ 0.0750    │ 0.0036  │ 1.3167  │ 1820.76  │
│ 43    │ 0.1637   │ 0.0746  │ 0.1781     │ 0.1060    │ 0.0039  │ 1.2851  │ 1688.77  │
│ 44    │ 0.2201   │ 0.1226  │ 0.2244     │ 0.2028    │ 0.0070  │ 0.9893  │ 1108.84  │
│ 45    │ 0.2028   │ 0.1001  │ 0.2334     │ 0.0806    │ 0.0045  │ 1.2868  │ 1478.42  │
│ 46    │ 0.1673   │ 0.0860  │ 0.1726     │ 0.1459    │ 0.0057  │ 1.2122  │ 1362.03  │
│ 47    │ 0.1898   │ 0.1067  │ 0.2034     │ 0.1356    │ 0.0089  │ 1.0243  │ 1285.86  │
│ 48    │ 0.1957   │ 0.0786  │ 0.2274     │ 0.0687    │ 0.0129  │ 0.9372  │ 1038.53  │
│ 49    │ 0.1878   │ 0.0794  │ 0.2095     │ 0.1010    │ 0.0087  │ 1.0842  │ 1109.07  │
│ 50    │ 0.2350   │ 0.1149  │ 0.2474     │ 0.1854    │ 0.0060  │ 1.2510  │ 1707.46  │
└───────┴──────────┴─────────┴────────────┴───────────┴─────────┴─────────┴──────────┘

Uncertainty Metrics:
  • Vacuity: epistemic uncertainty — lower is more confident
  • Entropy: aleatoric uncertainty — lower is more decisive
  • Strength: Dirichlet strength — higher means more evidence
Results written → /DataVol/projects/murmura/experiments/paper/dmtt/exp1_main_comparison/results/C1-StaticFedAvg-byz20-s42.parquet

✓ Training complete
