Loading config: /DataVol/projects/murmura/experiments/paper/dmtt/exp1_main_comparison/c2_dynamic_fedavg/c2_dyn_fedavg_byz20_s123.yaml

Experiment: C2-DynFedAvg-byz20-s123
  Backend:    distributed (ZMQ IPC)
  Rounds:     50
  Topology:   fully (10 nodes)
  Aggregation:fedavg
  Attack: topology_liar (20% nodes)

Launching distributed processes…

Gaussian Attack: Compromised 2/10 nodes
  Compromised nodes: [0, 4]
  Noise std: 10.0
[DistributedRunner] run_id=5cbe0f91  t_start=976532.779  (startup_grace=5.0s)
[Monitor] Round 1 (10/10 nodes): acc=0.3352 ± 0.1938
[Monitor]   Honest: 0.3009  Compromised: 0.4721
[Monitor] Round 2 (10/10 nodes): acc=0.3418 ± 0.2401
[Monitor]   Honest: 0.3365  Compromised: 0.3632
[Monitor] Round 3 (10/10 nodes): acc=0.2292 ± 0.1679
[Monitor]   Honest: 0.2591  Compromised: 0.1095
[Monitor] Round 4 (10/10 nodes): acc=0.2302 ± 0.1947
[Monitor]   Honest: 0.2847  Compromised: 0.0121
[Monitor] Round 5 (10/10 nodes): acc=0.1821 ± 0.1495
[Monitor]   Honest: 0.2174  Compromised: 0.0408
[Monitor] Round 6 (10/10 nodes): acc=0.1849 ± 0.1899
[Monitor]   Honest: 0.2031  Compromised: 0.1121
[Monitor] Round 7 (10/10 nodes): acc=0.1860 ± 0.1494
[Monitor]   Honest: 0.1965  Compromised: 0.1441
[Monitor] Round 8 (10/10 nodes): acc=0.1927 ± 0.1611
[Monitor]   Honest: 0.2190  Compromised: 0.0874
[Monitor] Round 9 (10/10 nodes): acc=0.1820 ± 0.1041
[Monitor]   Honest: 0.1963  Compromised: 0.1250
[Monitor] Round 10 (10/10 nodes): acc=0.2306 ± 0.1332
[Monitor]   Honest: 0.2441  Compromised: 0.1763
[Monitor] Round 11 (10/10 nodes): acc=0.1265 ± 0.1226
[Monitor]   Honest: 0.1490  Compromised: 0.0365
[Monitor] Round 12 (10/10 nodes): acc=0.1337 ± 0.1058
[Monitor]   Honest: 0.1613  Compromised: 0.0234
[Monitor] Round 13 (10/10 nodes): acc=0.1183 ± 0.0946
[Monitor]   Honest: 0.1409  Compromised: 0.0281
[Monitor] Round 14 (10/10 nodes): acc=0.1586 ± 0.1494
[Monitor]   Honest: 0.1931  Compromised: 0.0210
[Monitor] Round 15 (10/10 nodes): acc=0.1518 ± 0.1469
[Monitor]   Honest: 0.1826  Compromised: 0.0288
[Monitor] Round 16 (10/10 nodes): acc=0.1602 ± 0.1401
[Monitor]   Honest: 0.1888  Compromised: 0.0461
[Monitor] Round 17 (10/10 nodes): acc=0.2491 ± 0.1767
[Monitor]   Honest: 0.2687  Compromised: 0.1707
[Monitor] Round 18 (10/10 nodes): acc=0.1687 ± 0.1356
[Monitor]   Honest: 0.1987  Compromised: 0.0488
[Monitor] Round 19 (10/10 nodes): acc=0.1859 ± 0.1482
[Monitor]   Honest: 0.2033  Compromised: 0.1162
[Monitor] Round 20 (10/10 nodes): acc=0.1812 ± 0.1374
[Monitor]   Honest: 0.1969  Compromised: 0.1183
[Monitor] Round 21 (10/10 nodes): acc=0.1482 ± 0.1507
[Monitor]   Honest: 0.1795  Compromised: 0.0231
[Monitor] Round 22 (10/10 nodes): acc=0.1834 ± 0.1752
[Monitor]   Honest: 0.1813  Compromised: 0.1916
[Monitor] Round 23 (10/10 nodes): acc=0.1733 ± 0.1515
[Monitor]   Honest: 0.1914  Compromised: 0.1011
[Monitor] Round 24 (10/10 nodes): acc=0.2580 ± 0.1918
[Monitor]   Honest: 0.2708  Compromised: 0.2066
[Monitor] Round 25 (10/10 nodes): acc=0.1483 ± 0.1487
[Monitor]   Honest: 0.1809  Compromised: 0.0181
[Monitor] Round 26 (10/10 nodes): acc=0.1274 ± 0.1332
[Monitor]   Honest: 0.1559  Compromised: 0.0133
[Monitor] Round 27 (10/10 nodes): acc=0.1257 ± 0.1243
[Monitor]   Honest: 0.1416  Compromised: 0.0620
[Monitor] Round 28 (10/10 nodes): acc=0.1734 ± 0.1290
[Monitor]   Honest: 0.1742  Compromised: 0.1703
[Monitor] Round 29 (10/10 nodes): acc=0.2154 ± 0.1347
[Monitor]   Honest: 0.1967  Compromised: 0.2900
[Monitor] Round 30 (10/10 nodes): acc=0.1630 ± 0.1248
[Monitor]   Honest: 0.1853  Compromised: 0.0737
[Monitor] Round 31 (10/10 nodes): acc=0.1196 ± 0.1186
[Monitor]   Honest: 0.1305  Compromised: 0.0761
[Monitor] Round 32 (10/10 nodes): acc=0.1746 ± 0.1315
[Monitor]   Honest: 0.1793  Compromised: 0.1558
[Monitor] Round 33 (10/10 nodes): acc=0.1507 ± 0.1135
[Monitor]   Honest: 0.1727  Compromised: 0.0627
[Monitor] Round 34 (10/10 nodes): acc=0.1343 ± 0.0779
[Monitor]   Honest: 0.1324  Compromised: 0.1415
[Monitor] Round 35 (10/10 nodes): acc=0.2031 ± 0.1639
[Monitor]   Honest: 0.1980  Compromised: 0.2236
[Monitor] Round 36 (10/10 nodes): acc=0.1582 ± 0.1236
[Monitor]   Honest: 0.1615  Compromised: 0.1453
[Monitor] Round 37 (10/10 nodes): acc=0.1196 ± 0.1307
[Monitor]   Honest: 0.1463  Compromised: 0.0129
[Monitor] Round 38 (10/10 nodes): acc=0.1092 ± 0.0966
[Monitor]   Honest: 0.1319  Compromised: 0.0188
[Monitor] Round 39 (10/10 nodes): acc=0.1360 ± 0.1389
[Monitor]   Honest: 0.1174  Compromised: 0.2102
[Monitor] Round 40 (10/10 nodes): acc=0.1545 ± 0.1381
[Monitor]   Honest: 0.1390  Compromised: 0.2164
[Monitor] Round 41 (10/10 nodes): acc=0.1589 ± 0.1348
[Monitor]   Honest: 0.1453  Compromised: 0.2131
[Monitor] Round 42 (10/10 nodes): acc=0.1469 ± 0.1436
[Monitor]   Honest: 0.1247  Compromised: 0.2353
[Monitor] Round 43 (10/10 nodes): acc=0.1194 ± 0.1229
[Monitor]   Honest: 0.0957  Compromised: 0.2143
[Monitor] Round 44 (10/10 nodes): acc=0.1318 ± 0.1435
[Monitor]   Honest: 0.1018  Compromised: 0.2520
[Monitor] Round 45 (10/10 nodes): acc=0.1476 ± 0.1520
[Monitor]   Honest: 0.1276  Compromised: 0.2277
[Monitor] Round 46 (10/10 nodes): acc=0.1370 ± 0.1183
[Monitor]   Honest: 0.1163  Compromised: 0.2198
[Monitor] Round 47 (10/10 nodes): acc=0.1404 ± 0.1343
[Monitor]   Honest: 0.1211  Compromised: 0.2174
[Monitor] Round 48 (10/10 nodes): acc=0.1356 ± 0.1172
[Monitor]   Honest: 0.1143  Compromised: 0.2210
[Monitor] Round 49 (10/10 nodes): acc=0.1216 ± 0.1213
[Monitor]   Honest: 0.0986  Compromised: 0.2138
Gaussian Attack: Compromised 2/10 nodes
  Compromised nodes: [0, 4]
  Noise std: 10.0
Gaussian Attack: Compromised 2/10 nodes
  Compromised nodes: [0, 4]
  Noise std: 10.0
Gaussian Attack: Compromised 2/10 nodes
  Compromised nodes: [0, 4]
  Noise std: 10.0
Gaussian Attack: Compromised 2/10 nodes
  Compromised nodes: [0, 4]
  Noise std: 10.0
Gaussian Attack: Compromised 2/10 nodes
  Compromised nodes: [0, 4]
  Noise std: 10.0
Gaussian Attack: Compromised 2/10 nodes
  Compromised nodes: [0, 4]
  Noise std: 10.0
Gaussian Attack: Compromised 2/10 nodes
  Compromised nodes: [0, 4]
  Noise std: 10.0
Gaussian Attack: Compromised 2/10 nodes
  Compromised nodes: [0, 4]
  Noise std: 10.0
Gaussian Attack: Compromised 2/10 nodes
  Compromised nodes: [0, 4]
  Noise std: 10.0
[Monitor] Round 50 (10/10 nodes): acc=0.0946 ± 0.0691
[Monitor]   Honest: 0.0848  Compromised: 0.1338
Gaussian Attack: Compromised 2/10 nodes
  Compromised nodes: [0, 4]
  Noise std: 10.0
                                   Training Results                                   
┏━━━━━━━┳━━━━━━━━━━┳━━━━━━━━━┳━━━━━━━━━━━━┳━━━━━━━━━━━┳━━━━━━━━━┳━━━━━━━━━┳━━━━━━━━━━┓
┃ Round ┃ Mean Acc ┃ Std Acc ┃ Honest Acc ┃ Comp. Acc ┃ Vacuity ┃ Entropy ┃ Strength ┃
┡━━━━━━━╇━━━━━━━━━━╇━━━━━━━━━╇━━━━━━━━━━━━╇━━━━━━━━━━━╇━━━━━━━━━╇━━━━━━━━━╇━━━━━━━━━━┩
│ 1     │ 0.3352   │ 0.1938  │ 0.3009     │ 0.4721    │ nan     │ nan     │ nan      │
│ 2     │ 0.3418   │ 0.2401  │ 0.3365     │ 0.3632    │ nan     │ nan     │ nan      │
│ 3     │ 0.2292   │ 0.1679  │ 0.2591     │ 0.1095    │ 0.1454  │ 1.1858  │ 1028.29  │
│ 4     │ 0.2302   │ 0.1947  │ 0.2847     │ 0.0121    │ 0.1566  │ 1.1008  │ 881.75   │
│ 5     │ 0.1821   │ 0.1495  │ 0.2174     │ 0.0408    │ 0.1099  │ 1.0343  │ 564.36   │
│ 6     │ 0.1849   │ 0.1899  │ 0.2031     │ 0.1121    │ 0.0859  │ 1.0491  │ 1432.30  │
│ 7     │ 0.1860   │ 0.1494  │ 0.1965     │ 0.1441    │ 0.1181  │ 1.1046  │ 758.96   │
│ 8     │ 0.1927   │ 0.1611  │ 0.2190     │ 0.0874    │ 0.0569  │ 0.8997  │ 874.67   │
│ 9     │ 0.1820   │ 0.1041  │ 0.1963     │ 0.1250    │ 0.1851  │ 1.0559  │ 817.95   │
│ 10    │ 0.2306   │ 0.1332  │ 0.2441     │ 0.1763    │ 0.1449  │ 0.9452  │ 1486.94  │
│ 11    │ 0.1265   │ 0.1226  │ 0.1490     │ 0.0365    │ 0.0667  │ 0.8811  │ 1253.68  │
│ 12    │ 0.1337   │ 0.1058  │ 0.1613     │ 0.0234    │ 0.0798  │ 0.9075  │ 990.02   │
│ 13    │ 0.1183   │ 0.0946  │ 0.1409     │ 0.0281    │ 0.0723  │ 0.8743  │ 800.23   │
│ 14    │ 0.1586   │ 0.1494  │ 0.1931     │ 0.0210    │ 0.0632  │ 0.8803  │ 1022.19  │
│ 15    │ 0.1518   │ 0.1469  │ 0.1826     │ 0.0288    │ 0.0485  │ 0.9478  │ 793.52   │
│ 16    │ 0.1602   │ 0.1401  │ 0.1888     │ 0.0461    │ 0.0476  │ 1.0125  │ 1279.24  │
│ 17    │ 0.2491   │ 0.1767  │ 0.2687     │ 0.1707    │ 0.0472  │ 1.0425  │ 1763.67  │
│ 18    │ 0.1687   │ 0.1356  │ 0.1987     │ 0.0488    │ 0.0501  │ 0.9779  │ 1466.15  │
│ 19    │ 0.1859   │ 0.1482  │ 0.2033     │ 0.1162    │ 0.0349  │ 1.0408  │ 1456.71  │
│ 20    │ 0.1812   │ 0.1374  │ 0.1969     │ 0.1183    │ 0.0301  │ 0.9442  │ 1413.40  │
│ 21    │ 0.1482   │ 0.1507  │ 0.1795     │ 0.0231    │ 0.0240  │ 1.0756  │ 833.58   │
│ 22    │ 0.1834   │ 0.1752  │ 0.1813     │ 0.1916    │ 0.0216  │ 1.0598  │ 781.34   │
│ 23    │ 0.1733   │ 0.1515  │ 0.1914     │ 0.1011    │ 0.0474  │ 1.0735  │ 651.22   │
│ 24    │ 0.2580   │ 0.1918  │ 0.2708     │ 0.2066    │ 0.0169  │ 1.0725  │ 616.88   │
│ 25    │ 0.1483   │ 0.1487  │ 0.1809     │ 0.0181    │ 0.0169  │ 0.9896  │ 604.20   │
│ 26    │ 0.1274   │ 0.1332  │ 0.1559     │ 0.0133    │ 0.0171  │ 1.0434  │ 1018.48  │
│ 27    │ 0.1257   │ 0.1243  │ 0.1416     │ 0.0620    │ 0.0186  │ 1.0993  │ 1055.52  │
│ 28    │ 0.1734   │ 0.1290  │ 0.1742     │ 0.1703    │ 0.0182  │ 1.1091  │ 883.18   │
│ 29    │ 0.2154   │ 0.1347  │ 0.1967     │ 0.2900    │ 0.0176  │ 1.1222  │ 1274.24  │
│ 30    │ 0.1630   │ 0.1248  │ 0.1853     │ 0.0737    │ 0.0150  │ 1.1021  │ 1274.83  │
│ 31    │ 0.1196   │ 0.1186  │ 0.1305     │ 0.0761    │ 0.0144  │ 1.0453  │ 924.23   │
│ 32    │ 0.1746   │ 0.1315  │ 0.1793     │ 0.1558    │ 0.0120  │ 0.9186  │ 1034.35  │
│ 33    │ 0.1507   │ 0.1135  │ 0.1727     │ 0.0627    │ 0.0112  │ 0.8964  │ 999.80   │
│ 34    │ 0.1343   │ 0.0779  │ 0.1324     │ 0.1415    │ 0.0124  │ 0.9735  │ 895.36   │
│ 35    │ 0.2031   │ 0.1639  │ 0.1980     │ 0.2236    │ 0.0142  │ 0.9184  │ 1049.51  │
│ 36    │ 0.1582   │ 0.1236  │ 0.1615     │ 0.1453    │ 0.0105  │ 1.0332  │ 1009.35  │
│ 37    │ 0.1196   │ 0.1307  │ 0.1463     │ 0.0129    │ 0.0390  │ 1.0873  │ 1330.94  │
│ 38    │ 0.1092   │ 0.0966  │ 0.1319     │ 0.0188    │ 0.0095  │ 1.0256  │ 1923.40  │
│ 39    │ 0.1360   │ 0.1389  │ 0.1174     │ 0.2102    │ 0.0072  │ 0.9961  │ 1523.35  │
│ 40    │ 0.1545   │ 0.1381  │ 0.1390     │ 0.2164    │ 0.0060  │ 0.9969  │ 1332.53  │
│ 41    │ 0.1589   │ 0.1348  │ 0.1453     │ 0.2131    │ 0.0076  │ 0.9347  │ 1201.65  │
│ 42    │ 0.1469   │ 0.1436  │ 0.1247     │ 0.2353    │ 0.0072  │ 0.8659  │ 1142.96  │
│ 43    │ 0.1194   │ 0.1229  │ 0.0957     │ 0.2143    │ 0.0077  │ 0.9003  │ 1001.46  │
│ 44    │ 0.1318   │ 0.1435  │ 0.1018     │ 0.2520    │ 0.0079  │ 0.9216  │ 950.93   │
│ 45    │ 0.1476   │ 0.1520  │ 0.1276     │ 0.2277    │ 0.0074  │ 0.9256  │ 1044.59  │
│ 46    │ 0.1370   │ 0.1183  │ 0.1163     │ 0.2198    │ 0.0067  │ 0.9850  │ 1243.82  │
│ 47    │ 0.1404   │ 0.1343  │ 0.1211     │ 0.2174    │ 0.0520  │ 0.9207  │ 851.97   │
│ 48    │ 0.1356   │ 0.1172  │ 0.1143     │ 0.2210    │ 0.0067  │ 0.9924  │ 1324.69  │
│ 49    │ 0.1216   │ 0.1213  │ 0.0986     │ 0.2138    │ 0.0072  │ 0.9391  │ 1101.56  │
│ 50    │ 0.0946   │ 0.0691  │ 0.0848     │ 0.1338    │ 0.0068  │ 0.9654  │ 1099.05  │
└───────┴──────────┴─────────┴────────────┴───────────┴─────────┴─────────┴──────────┘

Uncertainty Metrics:
  • Vacuity: epistemic uncertainty — lower is more confident
  • Entropy: aleatoric uncertainty — lower is more decisive
  • Strength: Dirichlet strength — higher means more evidence
Results written → /DataVol/projects/murmura/experiments/paper/dmtt/exp1_main_comparison/results/C2-DynFedAvg-byz20-s123.parquet

✓ Distributed training complete
