Loading config: /DataVol/projects/murmura/experiments/paper/dmtt/exp1_main_comparison/c2_dynamic_fedavg/c2_dyn_fedavg_byz30_s123.yaml

Experiment: C2-DynFedAvg-byz30-s123
  Backend:    distributed (ZMQ IPC)
  Rounds:     50
  Topology:   fully (10 nodes)
  Aggregation:fedavg
  Attack: topology_liar (30% nodes)

Launching distributed processes…

Gaussian Attack: Compromised 3/10 nodes
  Compromised nodes: [0, 1, 4]
  Noise std: 10.0
[DistributedRunner] run_id=e191c9f9  t_start=980967.633  (startup_grace=5.0s)
[Monitor] Round 1 (10/10 nodes): acc=0.3473 ± 0.2015
[Monitor]   Honest: 0.3355  Compromised: 0.3750
[Monitor] Round 2 (10/10 nodes): acc=0.3975 ± 0.2111
[Monitor]   Honest: 0.3803  Compromised: 0.4377
[Monitor] Round 3 (10/10 nodes): acc=0.2774 ± 0.1761
[Monitor]   Honest: 0.2826  Compromised: 0.2653
[Monitor] Round 4 (10/10 nodes): acc=0.2864 ± 0.1924
[Monitor]   Honest: 0.3228  Compromised: 0.2012
[Monitor] Round 5 (10/10 nodes): acc=0.2388 ± 0.1631
[Monitor]   Honest: 0.2464  Compromised: 0.2212
[Monitor] Round 6 (10/10 nodes): acc=0.2408 ± 0.2010
[Monitor]   Honest: 0.2309  Compromised: 0.2639
[Monitor] Round 7 (10/10 nodes): acc=0.2341 ± 0.1720
[Monitor]   Honest: 0.2207  Compromised: 0.2653
[Monitor] Round 8 (10/10 nodes): acc=0.2470 ± 0.1736
[Monitor]   Honest: 0.2465  Compromised: 0.2482
[Monitor] Round 9 (10/10 nodes): acc=0.2331 ± 0.1324
[Monitor]   Honest: 0.2192  Compromised: 0.2653
[Monitor] Round 10 (10/10 nodes): acc=0.2734 ± 0.1491
[Monitor]   Honest: 0.2769  Compromised: 0.2653
[Monitor] Round 11 (10/10 nodes): acc=0.1758 ± 0.1668
[Monitor]   Honest: 0.1661  Compromised: 0.1984
[Monitor] Round 12 (10/10 nodes): acc=0.1830 ± 0.1527
[Monitor]   Honest: 0.1764  Compromised: 0.1984
[Monitor] Round 13 (10/10 nodes): acc=0.1705 ± 0.1477
[Monitor]   Honest: 0.1585  Compromised: 0.1984
[Monitor] Round 14 (10/10 nodes): acc=0.2113 ± 0.1756
[Monitor]   Honest: 0.2168  Compromised: 0.1984
[Monitor] Round 15 (10/10 nodes): acc=0.2041 ± 0.1759
[Monitor]   Honest: 0.2053  Compromised: 0.2012
[Monitor] Round 16 (10/10 nodes): acc=0.2130 ± 0.1672
[Monitor]   Honest: 0.2107  Compromised: 0.2183
[Monitor] Round 17 (10/10 nodes): acc=0.2454 ± 0.1561
[Monitor]   Honest: 0.2204  Compromised: 0.3038
[Monitor] Round 18 (10/10 nodes): acc=0.2214 ± 0.1607
[Monitor]   Honest: 0.2233  Compromised: 0.2169
[Monitor] Round 19 (10/10 nodes): acc=0.2365 ± 0.1686
[Monitor]   Honest: 0.2260  Compromised: 0.2611
[Monitor] Round 20 (10/10 nodes): acc=0.2315 ± 0.1610
[Monitor]   Honest: 0.2183  Compromised: 0.2625
[Monitor] Round 21 (10/10 nodes): acc=0.1921 ± 0.1609
[Monitor]   Honest: 0.2054  Compromised: 0.1611
[Monitor] Round 22 (10/10 nodes): acc=0.2126 ± 0.1897
[Monitor]   Honest: 0.2159  Compromised: 0.2051
[Monitor] Round 23 (10/10 nodes): acc=0.1866 ± 0.1191
[Monitor]   Honest: 0.2375  Compromised: 0.0680
[Monitor] Round 24 (10/10 nodes): acc=0.1719 ± 0.1770
[Monitor]   Honest: 0.2364  Compromised: 0.0214
[Monitor] Round 25 (10/10 nodes): acc=0.1202 ± 0.1191
[Monitor]   Honest: 0.1486  Compromised: 0.0540
[Monitor] Round 26 (10/10 nodes): acc=0.1633 ± 0.1465
[Monitor]   Honest: 0.1666  Compromised: 0.1556
[Monitor] Round 27 (10/10 nodes): acc=0.1393 ± 0.1431
[Monitor]   Honest: 0.1307  Compromised: 0.1593
[Monitor] Round 28 (10/10 nodes): acc=0.1390 ± 0.1263
[Monitor]   Honest: 0.1853  Compromised: 0.0308
[Monitor] Round 29 (10/10 nodes): acc=0.1873 ± 0.1513
[Monitor]   Honest: 0.2007  Compromised: 0.1562
[Monitor] Round 30 (10/10 nodes): acc=0.1801 ± 0.1496
[Monitor]   Honest: 0.1834  Compromised: 0.1723
[Monitor] Round 31 (10/10 nodes): acc=0.1417 ± 0.1505
[Monitor]   Honest: 0.1381  Compromised: 0.1499
[Monitor] Round 32 (10/10 nodes): acc=0.1320 ± 0.1352
[Monitor]   Honest: 0.1454  Compromised: 0.1006
[Monitor] Round 33 (10/10 nodes): acc=0.1781 ± 0.1597
[Monitor]   Honest: 0.1853  Compromised: 0.1612
[Monitor] Round 34 (10/10 nodes): acc=0.1613 ± 0.1548
[Monitor]   Honest: 0.1607  Compromised: 0.1628
[Monitor] Round 35 (10/10 nodes): acc=0.1727 ± 0.1587
[Monitor]   Honest: 0.1760  Compromised: 0.1651
[Monitor] Round 36 (10/10 nodes): acc=0.2292 ± 0.1986
[Monitor]   Honest: 0.2288  Compromised: 0.2301
[Monitor] Round 37 (10/10 nodes): acc=0.1754 ± 0.1628
[Monitor]   Honest: 0.1848  Compromised: 0.1536
[Monitor] Round 38 (10/10 nodes): acc=0.1588 ± 0.1359
[Monitor]   Honest: 0.1644  Compromised: 0.1458
[Monitor] Round 39 (10/10 nodes): acc=0.1351 ± 0.1565
[Monitor]   Honest: 0.1298  Compromised: 0.1477
[Monitor] Round 40 (10/10 nodes): acc=0.1730 ± 0.1480
[Monitor]   Honest: 0.1779  Compromised: 0.1617
[Monitor] Round 41 (10/10 nodes): acc=0.1762 ± 0.1606
[Monitor]   Honest: 0.1828  Compromised: 0.1611
[Monitor] Round 42 (10/10 nodes): acc=0.1488 ± 0.1552
[Monitor]   Honest: 0.1444  Compromised: 0.1590
[Monitor] Round 43 (10/10 nodes): acc=0.1459 ± 0.1608
[Monitor]   Honest: 0.1440  Compromised: 0.1504
[Monitor] Round 44 (10/10 nodes): acc=0.1099 ± 0.0986
[Monitor]   Honest: 0.1149  Compromised: 0.0982
[Monitor] Round 45 (10/10 nodes): acc=0.1332 ± 0.1355
[Monitor]   Honest: 0.1189  Compromised: 0.1665
[Monitor] Round 46 (10/10 nodes): acc=0.1229 ± 0.1257
[Monitor]   Honest: 0.1118  Compromised: 0.1487
[Monitor] Round 47 (10/10 nodes): acc=0.1346 ± 0.1581
[Monitor]   Honest: 0.1073  Compromised: 0.1983
[Monitor] Round 48 (10/10 nodes): acc=0.1635 ± 0.1738
[Monitor]   Honest: 0.1453  Compromised: 0.2060
[Monitor] Round 49 (10/10 nodes): acc=0.1073 ± 0.0842
[Monitor]   Honest: 0.1081  Compromised: 0.1055
Gaussian Attack: Compromised 3/10 nodes
  Compromised nodes: [0, 1, 4]
  Noise std: 10.0
Gaussian Attack: Compromised 3/10 nodes
  Compromised nodes: [0, 1, 4]
  Noise std: 10.0
Gaussian Attack: Compromised 3/10 nodes
  Compromised nodes: [0, 1, 4]
  Noise std: 10.0
Gaussian Attack: Compromised 3/10 nodes
  Compromised nodes: [0, 1, 4]
  Noise std: 10.0
Gaussian Attack: Compromised 3/10 nodes
  Compromised nodes: [0, 1, 4]
  Noise std: 10.0
Gaussian Attack: Compromised 3/10 nodes
  Compromised nodes: [0, 1, 4]
  Noise std: 10.0
Gaussian Attack: Compromised 3/10 nodes
  Compromised nodes: [0, 1, 4]
  Noise std: 10.0
Gaussian Attack: Compromised 3/10 nodes
  Compromised nodes: [0, 1, 4]
  Noise std: 10.0
Gaussian Attack: Compromised 3/10 nodes
  Compromised nodes: [0, 1, 4]
  Noise std: 10.0
[Monitor] Round 50 (10/10 nodes): acc=0.0895 ± 0.0795
[Monitor]   Honest: 0.1168  Compromised: 0.0257
Gaussian Attack: Compromised 3/10 nodes
  Compromised nodes: [0, 1, 4]
  Noise std: 10.0
                                   Training Results                                   
┏━━━━━━━┳━━━━━━━━━━┳━━━━━━━━━┳━━━━━━━━━━━━┳━━━━━━━━━━━┳━━━━━━━━━┳━━━━━━━━━┳━━━━━━━━━━┓
┃ Round ┃ Mean Acc ┃ Std Acc ┃ Honest Acc ┃ Comp. Acc ┃ Vacuity ┃ Entropy ┃ Strength ┃
┡━━━━━━━╇━━━━━━━━━━╇━━━━━━━━━╇━━━━━━━━━━━━╇━━━━━━━━━━━╇━━━━━━━━━╇━━━━━━━━━╇━━━━━━━━━━┩
│ 1     │ 0.3473   │ 0.2015  │ 0.3355     │ 0.3750    │ nan     │ nan     │ nan      │
│ 2     │ 0.3975   │ 0.2111  │ 0.3803     │ 0.4377    │ nan     │ nan     │ nan      │
│ 3     │ 0.2774   │ 0.1761  │ 0.2826     │ 0.2653    │ nan     │ nan     │ nan      │
│ 4     │ 0.2864   │ 0.1924  │ 0.3228     │ 0.2012    │ nan     │ nan     │ nan      │
│ 5     │ 0.2388   │ 0.1631  │ 0.2464     │ 0.2212    │ nan     │ nan     │ nan      │
│ 6     │ 0.2408   │ 0.2010  │ 0.2309     │ 0.2639    │ nan     │ nan     │ nan      │
│ 7     │ 0.2341   │ 0.1720  │ 0.2207     │ 0.2653    │ nan     │ nan     │ nan      │
│ 8     │ 0.2470   │ 0.1736  │ 0.2465     │ 0.2482    │ nan     │ nan     │ nan      │
│ 9     │ 0.2331   │ 0.1324  │ 0.2192     │ 0.2653    │ nan     │ nan     │ nan      │
│ 10    │ 0.2734   │ 0.1491  │ 0.2769     │ 0.2653    │ nan     │ nan     │ nan      │
│ 11    │ 0.1758   │ 0.1668  │ 0.1661     │ 0.1984    │ nan     │ nan     │ nan      │
│ 12    │ 0.1830   │ 0.1527  │ 0.1764     │ 0.1984    │ nan     │ nan     │ nan      │
│ 13    │ 0.1705   │ 0.1477  │ 0.1585     │ 0.1984    │ nan     │ nan     │ nan      │
│ 14    │ 0.2113   │ 0.1756  │ 0.2168     │ 0.1984    │ nan     │ nan     │ nan      │
│ 15    │ 0.2041   │ 0.1759  │ 0.2053     │ 0.2012    │ nan     │ nan     │ nan      │
│ 16    │ 0.2130   │ 0.1672  │ 0.2107     │ 0.2183    │ nan     │ nan     │ nan      │
│ 17    │ 0.2454   │ 0.1561  │ 0.2204     │ 0.3038    │ nan     │ nan     │ nan      │
│ 18    │ 0.2214   │ 0.1607  │ 0.2233     │ 0.2169    │ nan     │ nan     │ nan      │
│ 19    │ 0.2365   │ 0.1686  │ 0.2260     │ 0.2611    │ nan     │ nan     │ nan      │
│ 20    │ 0.2315   │ 0.1610  │ 0.2183     │ 0.2625    │ nan     │ nan     │ nan      │
│ 21    │ 0.1921   │ 0.1609  │ 0.2054     │ 0.1611    │ 0.0209  │ 0.9313  │ 64448.34 │
│ 22    │ 0.2126   │ 0.1897  │ 0.2159     │ 0.2051    │ 0.0225  │ 0.9768  │ 90366.50 │
│ 23    │ 0.1866   │ 0.1191  │ 0.2375     │ 0.0680    │ 0.0180  │ 0.9256  │ 3809.21  │
│ 24    │ 0.1719   │ 0.1770  │ 0.2364     │ 0.0214    │ 0.0229  │ 0.9362  │ 1481.68  │
│ 25    │ 0.1202   │ 0.1191  │ 0.1486     │ 0.0540    │ 0.0299  │ 0.7987  │ 2777.14  │
│ 26    │ 0.1633   │ 0.1465  │ 0.1666     │ 0.1556    │ 0.0324  │ 0.6897  │ 4205.06  │
│ 27    │ 0.1393   │ 0.1431  │ 0.1307     │ 0.1593    │ 0.0320  │ 0.7167  │ 4841.78  │
│ 28    │ 0.1390   │ 0.1263  │ 0.1853     │ 0.0308    │ 0.0316  │ 0.8494  │ 8428.93  │
│ 29    │ 0.1873   │ 0.1513  │ 0.2007     │ 0.1562    │ 0.0314  │ 0.8542  │ 10676.45 │
│ 30    │ 0.1801   │ 0.1496  │ 0.1834     │ 0.1723    │ 0.0255  │ 0.8217  │ 9150.55  │
│ 31    │ 0.1417   │ 0.1505  │ 0.1381     │ 0.1499    │ 0.0270  │ 0.7063  │ 6481.13  │
│ 32    │ 0.1320   │ 0.1352  │ 0.1454     │ 0.1006    │ 0.0206  │ 0.8329  │ 13458.67 │
│ 33    │ 0.1781   │ 0.1597  │ 0.1853     │ 0.1612    │ 0.0247  │ 0.6391  │ 9962.20  │
│ 34    │ 0.1613   │ 0.1548  │ 0.1607     │ 0.1628    │ 0.0262  │ 0.6135  │ 15491.00 │
│ 35    │ 0.1727   │ 0.1587  │ 0.1760     │ 0.1651    │ 0.0244  │ 0.6185  │ 18132.99 │
│ 36    │ 0.2292   │ 0.1986  │ 0.2288     │ 0.2301    │ 0.0205  │ 0.6341  │ 11111.39 │
│ 37    │ 0.1754   │ 0.1628  │ 0.1848     │ 0.1536    │ 0.0480  │ 0.7251  │ 18888.46 │
│ 38    │ 0.1588   │ 0.1359  │ 0.1644     │ 0.1458    │ 0.0253  │ 0.7468  │ 26476.08 │
│ 39    │ 0.1351   │ 0.1565  │ 0.1298     │ 0.1477    │ 0.0188  │ 0.7269  │ 22527.39 │
│ 40    │ 0.1730   │ 0.1480  │ 0.1779     │ 0.1617    │ 0.0150  │ 0.7181  │ 12333.73 │
│ 41    │ 0.1762   │ 0.1606  │ 0.1828     │ 0.1611    │ 0.0091  │ 0.6618  │ 17001.22 │
│ 42    │ 0.1488   │ 0.1552  │ 0.1444     │ 0.1590    │ 0.0075  │ 0.7537  │ 11085.92 │
│ 43    │ 0.1459   │ 0.1608  │ 0.1440     │ 0.1504    │ 0.0095  │ 0.6590  │ 6863.46  │
│ 44    │ 0.1099   │ 0.0986  │ 0.1149     │ 0.0982    │ 0.0095  │ 0.6449  │ 4645.93  │
│ 45    │ 0.1332   │ 0.1355  │ 0.1189     │ 0.1665    │ 0.0082  │ 0.7527  │ 4521.88  │
│ 46    │ 0.1229   │ 0.1257  │ 0.1118     │ 0.1487    │ 0.0087  │ 0.6473  │ 4243.46  │
│ 47    │ 0.1346   │ 0.1581  │ 0.1073     │ 0.1983    │ 0.0078  │ 0.6311  │ 3552.80  │
│ 48    │ 0.1635   │ 0.1738  │ 0.1453     │ 0.2060    │ 0.0080  │ 0.8149  │ 6723.95  │
│ 49    │ 0.1073   │ 0.0842  │ 0.1081     │ 0.1055    │ 0.0394  │ 0.6885  │ 2233.30  │
│ 50    │ 0.0895   │ 0.0795  │ 0.1168     │ 0.0257    │ 0.0097  │ 0.7213  │ 4990.91  │
└───────┴──────────┴─────────┴────────────┴───────────┴─────────┴─────────┴──────────┘

Uncertainty Metrics:
  • Vacuity: epistemic uncertainty — lower is more confident
  • Entropy: aleatoric uncertainty — lower is more decisive
  • Strength: Dirichlet strength — higher means more evidence
Results written → /DataVol/projects/murmura/experiments/paper/dmtt/exp1_main_comparison/results/C2-DynFedAvg-byz30-s123.parquet

✓ Distributed training complete
