Loading config: /DataVol/projects/murmura/experiments/paper/dmtt/exp1_main_comparison/c2_dynamic_fedavg/c2_dyn_fedavg_byz20_s777.yaml

Experiment: C2-DynFedAvg-byz20-s777
  Backend:    distributed (ZMQ IPC)
  Rounds:     50
  Topology:   fully (10 nodes)
  Aggregation:fedavg
  Attack: topology_liar (20% nodes)

Launching distributed processes…

Gaussian Attack: Compromised 2/10 nodes
  Compromised nodes: [3, 7]
  Noise std: 10.0
[DistributedRunner] run_id=406a941b  t_start=979489.282  (startup_grace=5.0s)
[Monitor] Round 1 (10/10 nodes): acc=0.3804 ± 0.1706
[Monitor]   Honest: 0.4053  Compromised: 0.2808
[Monitor] Round 2 (10/10 nodes): acc=0.3316 ± 0.2693
[Monitor]   Honest: 0.3756  Compromised: 0.1554
[Monitor] Round 3 (10/10 nodes): acc=0.2542 ± 0.2482
[Monitor]   Honest: 0.2938  Compromised: 0.0961
[Monitor] Round 4 (10/10 nodes): acc=0.2544 ± 0.2634
[Monitor]   Honest: 0.2805  Compromised: 0.1500
[Monitor] Round 5 (10/10 nodes): acc=0.2306 ± 0.2154
[Monitor]   Honest: 0.2512  Compromised: 0.1482
[Monitor] Round 6 (10/10 nodes): acc=0.2562 ± 0.2129
[Monitor]   Honest: 0.2509  Compromised: 0.2774
[Monitor] Round 7 (10/10 nodes): acc=0.2173 ± 0.2198
[Monitor]   Honest: 0.2313  Compromised: 0.1614
[Monitor] Round 8 (10/10 nodes): acc=0.2909 ± 0.1934
[Monitor]   Honest: 0.3134  Compromised: 0.2011
[Monitor] Round 9 (10/10 nodes): acc=0.2682 ± 0.2289
[Monitor]   Honest: 0.2996  Compromised: 0.1424
[Monitor] Round 10 (10/10 nodes): acc=0.2378 ± 0.2453
[Monitor]   Honest: 0.2809  Compromised: 0.0654
[Monitor] Round 11 (10/10 nodes): acc=0.3004 ± 0.2741
[Monitor]   Honest: 0.3489  Compromised: 0.1066
[Monitor] Round 12 (10/10 nodes): acc=0.3072 ± 0.2335
[Monitor]   Honest: 0.3351  Compromised: 0.1957
[Monitor] Round 13 (10/10 nodes): acc=0.2672 ± 0.2571
[Monitor]   Honest: 0.3072  Compromised: 0.1072
[Monitor] Round 14 (10/10 nodes): acc=0.2004 ± 0.2624
[Monitor]   Honest: 0.2069  Compromised: 0.1745
[Monitor] Round 15 (10/10 nodes): acc=0.2889 ± 0.3039
[Monitor]   Honest: 0.3015  Compromised: 0.2385
[Monitor] Round 16 (10/10 nodes): acc=0.2760 ± 0.2725
[Monitor]   Honest: 0.2940  Compromised: 0.2039
[Monitor] Round 17 (10/10 nodes): acc=0.2636 ± 0.2992
[Monitor]   Honest: 0.2440  Compromised: 0.3419
[Monitor] Round 18 (10/10 nodes): acc=0.2898 ± 0.2802
[Monitor]   Honest: 0.3037  Compromised: 0.2343
[Monitor] Round 19 (10/10 nodes): acc=0.2665 ± 0.2849
[Monitor]   Honest: 0.2795  Compromised: 0.2142
[Monitor] Round 20 (10/10 nodes): acc=0.2498 ± 0.2710
[Monitor]   Honest: 0.2869  Compromised: 0.1013
[Monitor] Round 21 (10/10 nodes): acc=0.1124 ± 0.1441
[Monitor]   Honest: 0.1215  Compromised: 0.0759
[Monitor] Round 22 (10/10 nodes): acc=0.0562 ± 0.0567
[Monitor]   Honest: 0.0507  Compromised: 0.0779
[Monitor] Round 23 (10/10 nodes): acc=0.1049 ± 0.0951
[Monitor]   Honest: 0.0627  Compromised: 0.2737
[Monitor] Round 24 (10/10 nodes): acc=0.1416 ± 0.1676
[Monitor]   Honest: 0.1205  Compromised: 0.2259
[Monitor] Round 25 (10/10 nodes): acc=0.1375 ± 0.1427
[Monitor]   Honest: 0.1087  Compromised: 0.2527
[Monitor] Round 26 (10/10 nodes): acc=0.1377 ± 0.1290
[Monitor]   Honest: 0.1309  Compromised: 0.1650
[Monitor] Round 27 (10/10 nodes): acc=0.1039 ± 0.0858
[Monitor]   Honest: 0.0672  Compromised: 0.2509
[Monitor] Round 28 (10/10 nodes): acc=0.0784 ± 0.0742
[Monitor]   Honest: 0.0466  Compromised: 0.2058
[Monitor] Round 29 (10/10 nodes): acc=0.1592 ± 0.1929
[Monitor]   Honest: 0.1448  Compromised: 0.2169
[Monitor] Round 30 (10/10 nodes): acc=0.1501 ± 0.1184
[Monitor]   Honest: 0.1136  Compromised: 0.2962
[Monitor] Round 31 (10/10 nodes): acc=0.1566 ± 0.1054
[Monitor]   Honest: 0.1279  Compromised: 0.2715
[Monitor] Round 32 (10/10 nodes): acc=0.1703 ± 0.0922
[Monitor]   Honest: 0.1472  Compromised: 0.2628
[Monitor] Round 33 (10/10 nodes): acc=0.2114 ± 0.2070
[Monitor]   Honest: 0.2032  Compromised: 0.2441
[Monitor] Round 34 (10/10 nodes): acc=0.2365 ± 0.2457
[Monitor]   Honest: 0.2095  Compromised: 0.3443
[Monitor] Round 35 (10/10 nodes): acc=0.2101 ± 0.2313
[Monitor]   Honest: 0.2117  Compromised: 0.2036
[Monitor] Round 36 (10/10 nodes): acc=0.1960 ± 0.1282
[Monitor]   Honest: 0.1683  Compromised: 0.3066
[Monitor] Round 37 (10/10 nodes): acc=0.1601 ± 0.1236
[Monitor]   Honest: 0.1512  Compromised: 0.1956
[Monitor] Round 38 (10/10 nodes): acc=0.1674 ± 0.1021
[Monitor]   Honest: 0.1696  Compromised: 0.1588
[Monitor] Round 39 (10/10 nodes): acc=0.1433 ± 0.0953
[Monitor]   Honest: 0.1177  Compromised: 0.2457
[Monitor] Round 40 (10/10 nodes): acc=0.1549 ± 0.1156
[Monitor]   Honest: 0.1284  Compromised: 0.2611
[Monitor] Round 41 (10/10 nodes): acc=0.1282 ± 0.0967
[Monitor]   Honest: 0.1092  Compromised: 0.2042
[Monitor] Round 42 (10/10 nodes): acc=0.1186 ± 0.0752
[Monitor]   Honest: 0.0927  Compromised: 0.2225
[Monitor] Round 43 (10/10 nodes): acc=0.1235 ± 0.0911
[Monitor]   Honest: 0.0992  Compromised: 0.2204
[Monitor] Round 44 (10/10 nodes): acc=0.1634 ± 0.1212
[Monitor]   Honest: 0.1417  Compromised: 0.2501
[Monitor] Round 45 (10/10 nodes): acc=0.1436 ± 0.1263
[Monitor]   Honest: 0.1050  Compromised: 0.2978
[Monitor] Round 46 (10/10 nodes): acc=0.1543 ± 0.1259
[Monitor]   Honest: 0.1186  Compromised: 0.2971
[Monitor] Round 47 (10/10 nodes): acc=0.1621 ± 0.1463
[Monitor]   Honest: 0.1125  Compromised: 0.3605
[Monitor] Round 48 (10/10 nodes): acc=0.1537 ± 0.1256
[Monitor]   Honest: 0.1178  Compromised: 0.2973
[Monitor] Round 49 (10/10 nodes): acc=0.1816 ± 0.1645
[Monitor]   Honest: 0.1405  Compromised: 0.3460
Gaussian Attack: Compromised 2/10 nodes
  Compromised nodes: [3, 7]
  Noise std: 10.0
Gaussian Attack: Compromised 2/10 nodes
  Compromised nodes: [3, 7]
  Noise std: 10.0
Gaussian Attack: Compromised 2/10 nodes
  Compromised nodes: [3, 7]
  Noise std: 10.0
Gaussian Attack: Compromised 2/10 nodes
  Compromised nodes: [3, 7]
  Noise std: 10.0
Gaussian Attack: Compromised 2/10 nodes
  Compromised nodes: [3, 7]
  Noise std: 10.0
Gaussian Attack: Compromised 2/10 nodes
  Compromised nodes: [3, 7]
  Noise std: 10.0
Gaussian Attack: Compromised 2/10 nodes
  Compromised nodes: [3, 7]
  Noise std: 10.0
Gaussian Attack: Compromised 2/10 nodes
  Compromised nodes: [3, 7]
  Noise std: 10.0
Gaussian Attack: Compromised 2/10 nodes
  Compromised nodes: [3, 7]
  Noise std: 10.0
[Monitor] Round 50 (10/10 nodes): acc=0.1268 ± 0.1323
[Monitor]   Honest: 0.1112  Compromised: 0.1896
Gaussian Attack: Compromised 2/10 nodes
  Compromised nodes: [3, 7]
  Noise std: 10.0
                                   Training Results                                   
┏━━━━━━━┳━━━━━━━━━━┳━━━━━━━━━┳━━━━━━━━━━━━┳━━━━━━━━━━━┳━━━━━━━━━┳━━━━━━━━━┳━━━━━━━━━━┓
┃ Round ┃ Mean Acc ┃ Std Acc ┃ Honest Acc ┃ Comp. Acc ┃ Vacuity ┃ Entropy ┃ Strength ┃
┡━━━━━━━╇━━━━━━━━━━╇━━━━━━━━━╇━━━━━━━━━━━━╇━━━━━━━━━━━╇━━━━━━━━━╇━━━━━━━━━╇━━━━━━━━━━┩
│ 1     │ 0.3804   │ 0.1706  │ 0.4053     │ 0.2808    │ nan     │ nan     │ nan      │
│ 2     │ 0.3316   │ 0.2693  │ 0.3756     │ 0.1554    │ 0.2972  │ 1.3976  │ 356.24   │
│ 3     │ 0.2542   │ 0.2482  │ 0.2938     │ 0.0961    │ 0.2376  │ 1.3536  │ 341.01   │
│ 4     │ 0.2544   │ 0.2634  │ 0.2805     │ 0.1500    │ 0.2250  │ 1.3155  │ 431.05   │
│ 5     │ 0.2306   │ 0.2154  │ 0.2512     │ 0.1482    │ 0.1872  │ 1.3163  │ 490.50   │
│ 6     │ 0.2562   │ 0.2129  │ 0.2509     │ 0.2774    │ 0.1669  │ 1.3557  │ 354.91   │
│ 7     │ 0.2173   │ 0.2198  │ 0.2313     │ 0.1614    │ 0.1658  │ 1.3476  │ 517.35   │
│ 8     │ 0.2909   │ 0.1934  │ 0.3134     │ 0.2011    │ 0.1566  │ 1.1638  │ 325.56   │
│ 9     │ 0.2682   │ 0.2289  │ 0.2996     │ 0.1424    │ 0.1454  │ 1.3355  │ 1653.58  │
│ 10    │ 0.2378   │ 0.2453  │ 0.2809     │ 0.0654    │ 0.1362  │ 1.1683  │ 530.45   │
│ 11    │ 0.3004   │ 0.2741  │ 0.3489     │ 0.1066    │ 0.1327  │ 1.0332  │ 513.30   │
│ 12    │ 0.3072   │ 0.2335  │ 0.3351     │ 0.1957    │ 0.1236  │ 1.0847  │ 1918.93  │
│ 13    │ 0.2672   │ 0.2571  │ 0.3072     │ 0.1072    │ 0.1195  │ 1.1622  │ 961.26   │
│ 14    │ 0.2004   │ 0.2624  │ 0.2069     │ 0.1745    │ 0.1409  │ 1.1779  │ 657.39   │
│ 15    │ 0.2889   │ 0.3039  │ 0.3015     │ 0.2385    │ 0.1224  │ 1.1964  │ 1548.63  │
│ 16    │ 0.2760   │ 0.2725  │ 0.2940     │ 0.2039    │ 0.1136  │ 1.1840  │ 1216.45  │
│ 17    │ 0.2636   │ 0.2992  │ 0.2440     │ 0.3419    │ 0.1116  │ 1.0963  │ 1043.44  │
│ 18    │ 0.2898   │ 0.2802  │ 0.3037     │ 0.2343    │ 0.1105  │ 1.1800  │ 1406.63  │
│ 19    │ 0.2665   │ 0.2849  │ 0.2795     │ 0.2142    │ 0.1101  │ 1.1599  │ 955.87   │
│ 20    │ 0.2498   │ 0.2710  │ 0.2869     │ 0.1013    │ 0.1113  │ 1.1281  │ 874.06   │
│ 21    │ 0.1124   │ 0.1441  │ 0.1215     │ 0.0759    │ 0.0378  │ 0.9503  │ 435.59   │
│ 22    │ 0.0562   │ 0.0567  │ 0.0507     │ 0.0779    │ 0.0314  │ 0.9644  │ 953.29   │
│ 23    │ 0.1049   │ 0.0951  │ 0.0627     │ 0.2737    │ 0.0164  │ 1.0679  │ 685.42   │
│ 24    │ 0.1416   │ 0.1676  │ 0.1205     │ 0.2259    │ 0.0198  │ 1.0653  │ 500.39   │
│ 25    │ 0.1375   │ 0.1427  │ 0.1087     │ 0.2527    │ 0.0175  │ 1.0751  │ 1721.29  │
│ 26    │ 0.1377   │ 0.1290  │ 0.1309     │ 0.1650    │ 0.0135  │ 1.1538  │ 1375.02  │
│ 27    │ 0.1039   │ 0.0858  │ 0.0672     │ 0.2509    │ 0.0147  │ 1.0762  │ 1129.12  │
│ 28    │ 0.0784   │ 0.0742  │ 0.0466     │ 0.2058    │ 0.0192  │ 1.0144  │ 1205.59  │
│ 29    │ 0.1592   │ 0.1929  │ 0.1448     │ 0.2169    │ 0.0148  │ 1.0277  │ 1058.08  │
│ 30    │ 0.1501   │ 0.1184  │ 0.1136     │ 0.2962    │ 0.0158  │ 0.9265  │ 745.98   │
│ 31    │ 0.1566   │ 0.1054  │ 0.1279     │ 0.2715    │ 0.0130  │ 0.9208  │ 1290.45  │
│ 32    │ 0.1703   │ 0.0922  │ 0.1472     │ 0.2628    │ 0.0111  │ 1.1504  │ 1013.41  │
│ 33    │ 0.2114   │ 0.2070  │ 0.2032     │ 0.2441    │ 0.0141  │ 0.9581  │ 739.53   │
│ 34    │ 0.2365   │ 0.2457  │ 0.2095     │ 0.3443    │ 0.0117  │ 0.9949  │ 2629.10  │
│ 35    │ 0.2101   │ 0.2313  │ 0.2117     │ 0.2036    │ 0.0099  │ 1.0700  │ 2109.17  │
│ 36    │ 0.1960   │ 0.1282  │ 0.1683     │ 0.3066    │ 0.0096  │ 1.0773  │ 1049.31  │
│ 37    │ 0.1601   │ 0.1236  │ 0.1512     │ 0.1956    │ 0.0107  │ 1.0509  │ 1277.46  │
│ 38    │ 0.1674   │ 0.1021  │ 0.1696     │ 0.1588    │ 0.0109  │ 1.0188  │ 1049.54  │
│ 39    │ 0.1433   │ 0.0953  │ 0.1177     │ 0.2457    │ 0.0104  │ 1.0952  │ 1350.25  │
│ 40    │ 0.1549   │ 0.1156  │ 0.1284     │ 0.2611    │ 0.0107  │ 1.1194  │ 1476.64  │
│ 41    │ 0.1282   │ 0.0967  │ 0.1092     │ 0.2042    │ 0.0083  │ 1.0640  │ 1417.65  │
│ 42    │ 0.1186   │ 0.0752  │ 0.0927     │ 0.2225    │ 0.0076  │ 1.0962  │ 1587.02  │
│ 43    │ 0.1235   │ 0.0911  │ 0.0992     │ 0.2204    │ 0.0075  │ 1.0371  │ 1467.71  │
│ 44    │ 0.1634   │ 0.1212  │ 0.1417     │ 0.2501    │ 0.0060  │ 1.1047  │ 2023.26  │
│ 45    │ 0.1436   │ 0.1263  │ 0.1050     │ 0.2978    │ 0.0055  │ 1.0027  │ 1454.16  │
│ 46    │ 0.1543   │ 0.1259  │ 0.1186     │ 0.2971    │ 0.0062  │ 1.0498  │ 1365.35  │
│ 47    │ 0.1621   │ 0.1463  │ 0.1125     │ 0.3605    │ 0.0049  │ 1.1441  │ 1882.55  │
│ 48    │ 0.1537   │ 0.1256  │ 0.1178     │ 0.2973    │ 0.0048  │ 1.1110  │ 1693.12  │
│ 49    │ 0.1816   │ 0.1645  │ 0.1405     │ 0.3460    │ 0.0057  │ 1.0677  │ 1438.66  │
│ 50    │ 0.1268   │ 0.1323  │ 0.1112     │ 0.1896    │ 0.0046  │ 1.0660  │ 1738.95  │
└───────┴──────────┴─────────┴────────────┴───────────┴─────────┴─────────┴──────────┘

Uncertainty Metrics:
  • Vacuity: epistemic uncertainty — lower is more confident
  • Entropy: aleatoric uncertainty — lower is more decisive
  • Strength: Dirichlet strength — higher means more evidence
Results written → /DataVol/projects/murmura/experiments/paper/dmtt/exp1_main_comparison/results/C2-DynFedAvg-byz20-s777.parquet

✓ Distributed training complete
