Loading config: /DataVol/projects/murmura/experiments/paper/dmtt/exp1_main_comparison/c2_dynamic_fedavg/c2_dyn_fedavg_byz10_s777.yaml

Experiment: C2-DynFedAvg-byz10-s777
  Backend:    distributed (ZMQ IPC)
  Rounds:     50
  Topology:   fully (10 nodes)
  Aggregation:fedavg
  Attack: topology_liar (10% nodes)

Launching distributed processes…

Gaussian Attack: Compromised 1/10 nodes
  Compromised nodes: [3]
  Noise std: 10.0
[DistributedRunner] run_id=c8302eee  t_start=975054.396  (startup_grace=5.0s)
[Monitor] Round 1 (10/10 nodes): acc=0.4106 ± 0.1920
[Monitor]   Honest: 0.4188  Compromised: 0.3372
[Monitor] Round 2 (10/10 nodes): acc=0.3845 ± 0.3000
[Monitor]   Honest: 0.4190  Compromised: 0.0744
[Monitor] Round 3 (10/10 nodes): acc=0.2930 ± 0.2902
[Monitor]   Honest: 0.3172  Compromised: 0.0756
[Monitor] Round 4 (10/10 nodes): acc=0.2325 ± 0.2738
[Monitor]   Honest: 0.2500  Compromised: 0.0756
[Monitor] Round 5 (10/10 nodes): acc=0.1787 ± 0.2090
[Monitor]   Honest: 0.1902  Compromised: 0.0756
[Monitor] Round 6 (10/10 nodes): acc=0.1995 ± 0.2198
[Monitor]   Honest: 0.2133  Compromised: 0.0756
[Monitor] Round 7 (10/10 nodes): acc=0.1982 ± 0.2234
[Monitor]   Honest: 0.2105  Compromised: 0.0872
[Monitor] Round 8 (10/10 nodes): acc=0.2428 ± 0.2375
[Monitor]   Honest: 0.2455  Compromised: 0.2186
[Monitor] Round 9 (10/10 nodes): acc=0.1806 ± 0.2410
[Monitor]   Honest: 0.1840  Compromised: 0.1500
[Monitor] Round 10 (10/10 nodes): acc=0.2244 ± 0.2497
[Monitor]   Honest: 0.2486  Compromised: 0.0058
[Monitor] Round 11 (10/10 nodes): acc=0.2701 ± 0.2416
[Monitor]   Honest: 0.2921  Compromised: 0.0721
[Monitor] Round 12 (10/10 nodes): acc=0.3256 ± 0.2334
[Monitor]   Honest: 0.3274  Compromised: 0.3093
[Monitor] Round 13 (10/10 nodes): acc=0.2296 ± 0.2487
[Monitor]   Honest: 0.2475  Compromised: 0.0686
[Monitor] Round 14 (10/10 nodes): acc=0.2642 ± 0.2457
[Monitor]   Honest: 0.2870  Compromised: 0.0593
[Monitor] Round 15 (10/10 nodes): acc=0.2251 ± 0.2645
[Monitor]   Honest: 0.2429  Compromised: 0.0651
[Monitor] Round 16 (10/10 nodes): acc=0.2666 ± 0.2451
[Monitor]   Honest: 0.2716  Compromised: 0.2221
[Monitor] Round 17 (10/10 nodes): acc=0.2169 ± 0.2608
[Monitor]   Honest: 0.2343  Compromised: 0.0605
[Monitor] Round 18 (10/10 nodes): acc=0.2649 ± 0.2597
[Monitor]   Honest: 0.2688  Compromised: 0.2291
[Monitor] Round 19 (10/10 nodes): acc=0.2615 ± 0.2799
[Monitor]   Honest: 0.2839  Compromised: 0.0593
[Monitor] Round 20 (10/10 nodes): acc=0.2472 ± 0.2681
[Monitor]   Honest: 0.2576  Compromised: 0.1535
[Monitor] Round 21 (10/10 nodes): acc=0.1174 ± 0.1289
[Monitor]   Honest: 0.1274  Compromised: 0.0279
[Monitor] Round 22 (10/10 nodes): acc=0.1002 ± 0.0820
[Monitor]   Honest: 0.1054  Compromised: 0.0535
[Monitor] Round 23 (10/10 nodes): acc=0.1144 ± 0.0894
[Monitor]   Honest: 0.0932  Compromised: 0.3058
[Monitor] Round 24 (10/10 nodes): acc=0.1489 ± 0.1117
[Monitor]   Honest: 0.1445  Compromised: 0.1884
[Monitor] Round 25 (10/10 nodes): acc=0.1370 ± 0.1318
[Monitor]   Honest: 0.1288  Compromised: 0.2105
[Monitor] Round 26 (10/10 nodes): acc=0.1311 ± 0.1052
[Monitor]   Honest: 0.1078  Compromised: 0.3407
[Monitor] Round 27 (10/10 nodes): acc=0.1398 ± 0.0963
[Monitor]   Honest: 0.1173  Compromised: 0.3419
[Monitor] Round 28 (10/10 nodes): acc=0.1374 ± 0.0892
[Monitor]   Honest: 0.1164  Compromised: 0.3256
[Monitor] Round 29 (10/10 nodes): acc=0.1134 ± 0.0642
[Monitor]   Honest: 0.1100  Compromised: 0.1442
[Monitor] Round 30 (10/10 nodes): acc=0.1228 ± 0.1054
[Monitor]   Honest: 0.1280  Compromised: 0.0756
[Monitor] Round 31 (10/10 nodes): acc=0.0830 ± 0.0779
[Monitor]   Honest: 0.0662  Compromised: 0.2337
[Monitor] Round 32 (10/10 nodes): acc=0.1755 ± 0.1100
[Monitor]   Honest: 0.1621  Compromised: 0.2965
[Monitor] Round 33 (10/10 nodes): acc=0.1445 ± 0.1193
[Monitor]   Honest: 0.1355  Compromised: 0.2256
[Monitor] Round 34 (10/10 nodes): acc=0.1767 ± 0.1407
[Monitor]   Honest: 0.1645  Compromised: 0.2860
[Monitor] Round 35 (10/10 nodes): acc=0.1794 ± 0.1386
[Monitor]   Honest: 0.1639  Compromised: 0.3198
[Monitor] Round 36 (10/10 nodes): acc=0.1618 ± 0.1243
[Monitor]   Honest: 0.1443  Compromised: 0.3198
[Monitor] Round 37 (10/10 nodes): acc=0.1356 ± 0.0834
[Monitor]   Honest: 0.1209  Compromised: 0.2674
[Monitor] Round 38 (10/10 nodes): acc=0.1440 ± 0.0974
[Monitor]   Honest: 0.1239  Compromised: 0.3256
[Monitor] Round 39 (10/10 nodes): acc=0.1640 ± 0.1038
[Monitor]   Honest: 0.1525  Compromised: 0.2674
[Monitor] Round 40 (10/10 nodes): acc=0.1511 ± 0.1048
[Monitor]   Honest: 0.1390  Compromised: 0.2593
[Monitor] Round 41 (10/10 nodes): acc=0.1375 ± 0.1325
[Monitor]   Honest: 0.1215  Compromised: 0.2814
[Monitor] Round 42 (10/10 nodes): acc=0.1028 ± 0.0775
[Monitor]   Honest: 0.0944  Compromised: 0.1791
[Monitor] Round 43 (10/10 nodes): acc=0.0845 ± 0.0518
[Monitor]   Honest: 0.0726  Compromised: 0.1907
[Monitor] Round 44 (10/10 nodes): acc=0.1111 ± 0.0792
[Monitor]   Honest: 0.0983  Compromised: 0.2256
[Monitor] Round 45 (10/10 nodes): acc=0.1592 ± 0.1228
[Monitor]   Honest: 0.1449  Compromised: 0.2884
[Monitor] Round 46 (10/10 nodes): acc=0.1354 ± 0.1122
[Monitor]   Honest: 0.1165  Compromised: 0.3047
[Monitor] Round 47 (10/10 nodes): acc=0.1217 ± 0.0933
[Monitor]   Honest: 0.1145  Compromised: 0.1860
[Monitor] Round 48 (10/10 nodes): acc=0.1366 ± 0.0911
[Monitor]   Honest: 0.1292  Compromised: 0.2035
[Monitor] Round 49 (10/10 nodes): acc=0.1328 ± 0.0920
[Monitor]   Honest: 0.1240  Compromised: 0.2128
Gaussian Attack: Compromised 1/10 nodes
  Compromised nodes: [3]
  Noise std: 10.0
Gaussian Attack: Compromised 1/10 nodes
  Compromised nodes: [3]
  Noise std: 10.0
Gaussian Attack: Compromised 1/10 nodes
  Compromised nodes: [3]
  Noise std: 10.0
Gaussian Attack: Compromised 1/10 nodes
  Compromised nodes: [3]
  Noise std: 10.0
Gaussian Attack: Compromised 1/10 nodes
  Compromised nodes: [3]
  Noise std: 10.0
Gaussian Attack: Compromised 1/10 nodes
  Compromised nodes: [3]
  Noise std: 10.0
Gaussian Attack: Compromised 1/10 nodes
  Compromised nodes: [3]
  Noise std: 10.0
Gaussian Attack: Compromised 1/10 nodes
  Compromised nodes: [3]
  Noise std: 10.0
Gaussian Attack: Compromised 1/10 nodes
  Compromised nodes: [3]
  Noise std: 10.0
[Monitor] Round 50 (10/10 nodes): acc=0.1388 ± 0.1060
[Monitor]   Honest: 0.1195  Compromised: 0.3128
Gaussian Attack: Compromised 1/10 nodes
  Compromised nodes: [3]
  Noise std: 10.0
                                   Training Results                                   
┏━━━━━━━┳━━━━━━━━━━┳━━━━━━━━━┳━━━━━━━━━━━━┳━━━━━━━━━━━┳━━━━━━━━━┳━━━━━━━━━┳━━━━━━━━━━┓
┃ Round ┃ Mean Acc ┃ Std Acc ┃ Honest Acc ┃ Comp. Acc ┃ Vacuity ┃ Entropy ┃ Strength ┃
┡━━━━━━━╇━━━━━━━━━━╇━━━━━━━━━╇━━━━━━━━━━━━╇━━━━━━━━━━━╇━━━━━━━━━╇━━━━━━━━━╇━━━━━━━━━━┩
│ 1     │ 0.4106   │ 0.1920  │ 0.4188     │ 0.3372    │ nan     │ nan     │ nan      │
│ 2     │ 0.3845   │ 0.3000  │ 0.4190     │ 0.0744    │ nan     │ nan     │ nan      │
│ 3     │ 0.2930   │ 0.2902  │ 0.3172     │ 0.0756    │ 0.3384  │ 1.3360  │ 424.63   │
│ 4     │ 0.2325   │ 0.2738  │ 0.2500     │ 0.0756    │ 0.2402  │ 1.2387  │ 127.23   │
│ 5     │ 0.1787   │ 0.2090  │ 0.1902     │ 0.0756    │ 0.2151  │ 1.2876  │ 502.83   │
│ 6     │ 0.1995   │ 0.2198  │ 0.2133     │ 0.0756    │ 0.2019  │ 1.2951  │ 411.94   │
│ 7     │ 0.1982   │ 0.2234  │ 0.2105     │ 0.0872    │ 0.1925  │ 1.3515  │ 945.20   │
│ 8     │ 0.2428   │ 0.2375  │ 0.2455     │ 0.2186    │ 0.2253  │ 1.2949  │ 138.46   │
│ 9     │ 0.1806   │ 0.2410  │ 0.1840     │ 0.1500    │ 0.2023  │ 1.4101  │ 3260.43  │
│ 10    │ 0.2244   │ 0.2497  │ 0.2486     │ 0.0058    │ 0.2190  │ 1.2949  │ 458.96   │
│ 11    │ 0.2701   │ 0.2416  │ 0.2921     │ 0.0721    │ 0.1934  │ 1.2582  │ 760.99   │
│ 12    │ 0.3256   │ 0.2334  │ 0.3274     │ 0.3093    │ 0.1860  │ 1.3181  │ 647.69   │
│ 13    │ 0.2296   │ 0.2487  │ 0.2475     │ 0.0686    │ 0.1860  │ 1.3236  │ 388.96   │
│ 14    │ 0.2642   │ 0.2457  │ 0.2870     │ 0.0593    │ 0.1678  │ 1.2992  │ 272.20   │
│ 15    │ 0.2251   │ 0.2645  │ 0.2429     │ 0.0651    │ 0.1561  │ 1.4078  │ 794.45   │
│ 16    │ 0.2666   │ 0.2451  │ 0.2716     │ 0.2221    │ 0.1527  │ 1.3700  │ 677.70   │
│ 17    │ 0.2169   │ 0.2608  │ 0.2343     │ 0.0605    │ 0.1513  │ 1.3339  │ 378.17   │
│ 18    │ 0.2649   │ 0.2597  │ 0.2688     │ 0.2291    │ 0.1524  │ 1.3781  │ 795.61   │
│ 19    │ 0.2615   │ 0.2799  │ 0.2839     │ 0.0593    │ 0.1387  │ 1.3654  │ 572.58   │
│ 20    │ 0.2472   │ 0.2681  │ 0.2576     │ 0.1535    │ 0.1399  │ 1.3118  │ 662.47   │
│ 21    │ 0.1174   │ 0.1289  │ 0.1274     │ 0.0279    │ 0.0807  │ 1.2751  │ 307.62   │
│ 22    │ 0.1002   │ 0.0820  │ 0.1054     │ 0.0535    │ 0.0790  │ 1.1992  │ 492.69   │
│ 23    │ 0.1144   │ 0.0894  │ 0.0932     │ 0.3058    │ 0.0528  │ 1.2427  │ 387.47   │
│ 24    │ 0.1489   │ 0.1117  │ 0.1445     │ 0.1884    │ 0.0404  │ 1.2208  │ 407.67   │
│ 25    │ 0.1370   │ 0.1318  │ 0.1288     │ 0.2105    │ 0.0382  │ 1.2511  │ 1275.37  │
│ 26    │ 0.1311   │ 0.1052  │ 0.1078     │ 0.3407    │ 0.0346  │ 1.2778  │ 421.66   │
│ 27    │ 0.1398   │ 0.0963  │ 0.1173     │ 0.3419    │ 0.0342  │ 1.2629  │ 501.89   │
│ 28    │ 0.1374   │ 0.0892  │ 0.1164     │ 0.3256    │ 0.0352  │ 1.2943  │ 766.18   │
│ 29    │ 0.1134   │ 0.0642  │ 0.1100     │ 0.1442    │ 0.0361  │ 1.2777  │ 938.40   │
│ 30    │ 0.1228   │ 0.1054  │ 0.1280     │ 0.0756    │ 0.0334  │ 1.1159  │ 338.08   │
│ 31    │ 0.0830   │ 0.0779  │ 0.0662     │ 0.2337    │ 0.0217  │ 1.1271  │ 417.38   │
│ 32    │ 0.1755   │ 0.1100  │ 0.1621     │ 0.2965    │ 0.0208  │ 1.3430  │ 584.81   │
│ 33    │ 0.1445   │ 0.1193  │ 0.1355     │ 0.2256    │ 0.0208  │ 1.2122  │ 400.11   │
│ 34    │ 0.1767   │ 0.1407  │ 0.1645     │ 0.2860    │ 0.0185  │ 1.2938  │ 1550.91  │
│ 35    │ 0.1794   │ 0.1386  │ 0.1639     │ 0.3198    │ 0.0174  │ 1.3194  │ 1514.07  │
│ 36    │ 0.1618   │ 0.1243  │ 0.1443     │ 0.3198    │ 0.0199  │ 1.2529  │ 509.45   │
│ 37    │ 0.1356   │ 0.0834  │ 0.1209     │ 0.2674    │ 0.0178  │ 1.2261  │ 637.64   │
│ 38    │ 0.1440   │ 0.0974  │ 0.1239     │ 0.3256    │ 0.0173  │ 1.2407  │ 663.38   │
│ 39    │ 0.1640   │ 0.1038  │ 0.1525     │ 0.2674    │ 0.0170  │ 1.3102  │ 678.28   │
│ 40    │ 0.1511   │ 0.1048  │ 0.1390     │ 0.2593    │ 0.0159  │ 1.2720  │ 631.87   │
│ 41    │ 0.1375   │ 0.1325  │ 0.1215     │ 0.2814    │ 0.0143  │ 1.2610  │ 1061.65  │
│ 42    │ 0.1028   │ 0.0775  │ 0.0944     │ 0.1791    │ 0.0131  │ 1.3384  │ 712.88   │
│ 43    │ 0.0845   │ 0.0518  │ 0.0726     │ 0.1907    │ 0.0134  │ 1.3420  │ 590.81   │
│ 44    │ 0.1111   │ 0.0792  │ 0.0983     │ 0.2256    │ 0.0114  │ 1.2991  │ 2169.51  │
│ 45    │ 0.1592   │ 0.1228  │ 0.1449     │ 0.2884    │ 0.0112  │ 1.2543  │ 718.62   │
│ 46    │ 0.1354   │ 0.1122  │ 0.1165     │ 0.3047    │ 0.0106  │ 1.2327  │ 734.93   │
│ 47    │ 0.1217   │ 0.0933  │ 0.1145     │ 0.1860    │ 0.0104  │ 1.3129  │ 795.78   │
│ 48    │ 0.1366   │ 0.0911  │ 0.1292     │ 0.2035    │ 0.0101  │ 1.3388  │ 799.99   │
│ 49    │ 0.1328   │ 0.0920  │ 0.1240     │ 0.2128    │ 0.0096  │ 1.2282  │ 1033.82  │
│ 50    │ 0.1388   │ 0.1060  │ 0.1195     │ 0.3128    │ 0.0094  │ 1.2515  │ 888.50   │
└───────┴──────────┴─────────┴────────────┴───────────┴─────────┴─────────┴──────────┘

Uncertainty Metrics:
  • Vacuity: epistemic uncertainty — lower is more confident
  • Entropy: aleatoric uncertainty — lower is more decisive
  • Strength: Dirichlet strength — higher means more evidence
Results written → /DataVol/projects/murmura/experiments/paper/dmtt/exp1_main_comparison/results/C2-DynFedAvg-byz10-s777.parquet

✓ Distributed training complete
