Loading config: /DataVol/projects/murmura/experiments/paper/dmtt/exp1_main_comparison/c2_dynamic_fedavg/c2_dyn_fedavg_byz20_s42.yaml

Experiment: C2-DynFedAvg-byz20-s42
  Backend:    distributed (ZMQ IPC)
  Rounds:     50
  Topology:   fully (10 nodes)
  Aggregation:fedavg
  Attack: topology_liar (20% nodes)

Launching distributed processes…

Gaussian Attack: Compromised 2/10 nodes
  Compromised nodes: [0, 1]
  Noise std: 10.0
[DistributedRunner] run_id=57e05b5b  t_start=978011.084  (startup_grace=5.0s)
[Monitor] Round 1 (10/10 nodes): acc=0.3128 ± 0.1689
[Monitor]   Honest: 0.3256  Compromised: 0.2617
[Monitor] Round 2 (10/10 nodes): acc=0.5106 ± 0.2230
[Monitor]   Honest: 0.5728  Compromised: 0.2617
[Monitor] Round 3 (10/10 nodes): acc=0.5583 ± 0.2295
[Monitor]   Honest: 0.6325  Compromised: 0.2617
[Monitor] Round 4 (10/10 nodes): acc=0.5894 ± 0.2515
[Monitor]   Honest: 0.6713  Compromised: 0.2617
[Monitor] Round 5 (10/10 nodes): acc=0.5631 ± 0.2442
[Monitor]   Honest: 0.6385  Compromised: 0.2617
[Monitor] Round 6 (10/10 nodes): acc=0.6011 ± 0.2579
[Monitor]   Honest: 0.6860  Compromised: 0.2617
[Monitor] Round 7 (10/10 nodes): acc=0.6781 ± 0.2556
[Monitor]   Honest: 0.7822  Compromised: 0.2617
[Monitor] Round 8 (10/10 nodes): acc=0.5676 ± 0.2316
[Monitor]   Honest: 0.6441  Compromised: 0.2617
[Monitor] Round 9 (10/10 nodes): acc=0.5573 ± 0.2430
[Monitor]   Honest: 0.6312  Compromised: 0.2617
[Monitor] Round 10 (10/10 nodes): acc=0.7072 ± 0.2485
[Monitor]   Honest: 0.8186  Compromised: 0.2617
[Monitor] Round 11 (10/10 nodes): acc=0.6474 ± 0.2631
[Monitor]   Honest: 0.7438  Compromised: 0.2617
[Monitor] Round 12 (10/10 nodes): acc=0.6488 ± 0.2648
[Monitor]   Honest: 0.7455  Compromised: 0.2617
[Monitor] Round 13 (10/10 nodes): acc=0.6418 ± 0.2756
[Monitor]   Honest: 0.7369  Compromised: 0.2617
[Monitor] Round 14 (10/10 nodes): acc=0.7086 ± 0.2546
[Monitor]   Honest: 0.8203  Compromised: 0.2617
[Monitor] Round 15 (10/10 nodes): acc=0.7218 ± 0.2665
[Monitor]   Honest: 0.8368  Compromised: 0.2617
[Monitor] Round 16 (10/10 nodes): acc=0.7293 ± 0.2704
[Monitor]   Honest: 0.8462  Compromised: 0.2617
[Monitor] Round 17 (10/10 nodes): acc=0.7328 ± 0.2726
[Monitor]   Honest: 0.8505  Compromised: 0.2617
[Monitor] Round 18 (10/10 nodes): acc=0.7264 ± 0.2864
[Monitor]   Honest: 0.8426  Compromised: 0.2617
[Monitor] Round 19 (10/10 nodes): acc=0.7253 ± 0.2785
[Monitor]   Honest: 0.8412  Compromised: 0.2617
[Monitor] Round 20 (10/10 nodes): acc=0.7373 ± 0.2868
[Monitor]   Honest: 0.8562  Compromised: 0.2617
[Monitor] Round 21 (10/10 nodes): acc=0.5733 ± 0.3673
[Monitor]   Honest: 0.6511  Compromised: 0.2617
[Monitor] Round 22 (10/10 nodes): acc=0.3636 ± 0.3453
[Monitor]   Honest: 0.3891  Compromised: 0.2617
[Monitor] Round 23 (10/10 nodes): acc=0.2729 ± 0.2787
[Monitor]   Honest: 0.3080  Compromised: 0.1327
[Monitor] Round 24 (10/10 nodes): acc=0.1675 ± 0.1341
[Monitor]   Honest: 0.1440  Compromised: 0.2617
[Monitor] Round 25 (10/10 nodes): acc=0.1627 ± 0.1707
[Monitor]   Honest: 0.1380  Compromised: 0.2617
[Monitor] Round 26 (10/10 nodes): acc=0.1472 ± 0.1214
[Monitor]   Honest: 0.1186  Compromised: 0.2617
[Monitor] Round 27 (10/10 nodes): acc=0.1530 ± 0.1193
[Monitor]   Honest: 0.1259  Compromised: 0.2617
[Monitor] Round 28 (10/10 nodes): acc=0.1625 ± 0.1201
[Monitor]   Honest: 0.1377  Compromised: 0.2617
[Monitor] Round 29 (10/10 nodes): acc=0.1666 ± 0.1190
[Monitor]   Honest: 0.1428  Compromised: 0.2617
[Monitor] Round 30 (10/10 nodes): acc=0.1458 ± 0.1291
[Monitor]   Honest: 0.1169  Compromised: 0.2617
[Monitor] Round 31 (10/10 nodes): acc=0.1605 ± 0.1271
[Monitor]   Honest: 0.1352  Compromised: 0.2617
[Monitor] Round 32 (10/10 nodes): acc=0.1966 ± 0.1439
[Monitor]   Honest: 0.1458  Compromised: 0.3998
[Monitor] Round 33 (10/10 nodes): acc=0.1351 ± 0.1185
[Monitor]   Honest: 0.1034  Compromised: 0.2617
[Monitor] Round 34 (10/10 nodes): acc=0.1716 ± 0.1311
[Monitor]   Honest: 0.1490  Compromised: 0.2617
[Monitor] Round 35 (10/10 nodes): acc=0.1453 ± 0.1166
[Monitor]   Honest: 0.1162  Compromised: 0.2617
[Monitor] Round 36 (10/10 nodes): acc=0.1744 ± 0.1428
[Monitor]   Honest: 0.1588  Compromised: 0.2366
[Monitor] Round 37 (10/10 nodes): acc=0.1816 ± 0.1686
[Monitor]   Honest: 0.2139  Compromised: 0.0525
[Monitor] Round 38 (10/10 nodes): acc=0.1811 ± 0.1511
[Monitor]   Honest: 0.2217  Compromised: 0.0185
[Monitor] Round 39 (10/10 nodes): acc=0.1854 ± 0.1525
[Monitor]   Honest: 0.2221  Compromised: 0.0385
[Monitor] Round 40 (10/10 nodes): acc=0.1742 ± 0.1453
[Monitor]   Honest: 0.1986  Compromised: 0.0766
[Monitor] Round 41 (10/10 nodes): acc=0.2258 ± 0.1321
[Monitor]   Honest: 0.1992  Compromised: 0.3322
[Monitor] Round 42 (10/10 nodes): acc=0.2430 ± 0.1438
[Monitor]   Honest: 0.1979  Compromised: 0.4233
[Monitor] Round 43 (10/10 nodes): acc=0.1996 ± 0.1202
[Monitor]   Honest: 0.2088  Compromised: 0.1627
[Monitor] Round 44 (10/10 nodes): acc=0.2097 ± 0.1435
[Monitor]   Honest: 0.2273  Compromised: 0.1395
[Monitor] Round 45 (10/10 nodes): acc=0.1506 ± 0.0832
[Monitor]   Honest: 0.1462  Compromised: 0.1682
[Monitor] Round 46 (10/10 nodes): acc=0.2030 ± 0.1175
[Monitor]   Honest: 0.2136  Compromised: 0.1605
[Monitor] Round 47 (10/10 nodes): acc=0.1880 ± 0.0952
[Monitor]   Honest: 0.1624  Compromised: 0.2906
[Monitor] Round 48 (10/10 nodes): acc=0.1929 ± 0.1329
[Monitor]   Honest: 0.2210  Compromised: 0.0807
[Monitor] Round 49 (10/10 nodes): acc=0.1698 ± 0.0818
[Monitor]   Honest: 0.1928  Compromised: 0.0780
Gaussian Attack: Compromised 2/10 nodes
  Compromised nodes: [0, 1]
  Noise std: 10.0
Gaussian Attack: Compromised 2/10 nodes
  Compromised nodes: [0, 1]
  Noise std: 10.0
Gaussian Attack: Compromised 2/10 nodes
  Compromised nodes: [0, 1]
  Noise std: 10.0
Gaussian Attack: Compromised 2/10 nodes
  Compromised nodes: [0, 1]
  Noise std: 10.0
Gaussian Attack: Compromised 2/10 nodes
  Compromised nodes: [0, 1]
  Noise std: 10.0
Gaussian Attack: Compromised 2/10 nodes
  Compromised nodes: [0, 1]
  Noise std: 10.0
Gaussian Attack: Compromised 2/10 nodes
  Compromised nodes: [0, 1]
  Noise std: 10.0
Gaussian Attack: Compromised 2/10 nodes
  Compromised nodes: [0, 1]
  Noise std: 10.0
Gaussian Attack: Compromised 2/10 nodes
  Compromised nodes: [0, 1]
  Noise std: 10.0
[Monitor] Round 50 (10/10 nodes): acc=0.2181 ± 0.1329
[Monitor]   Honest: 0.2193  Compromised: 0.2131
Gaussian Attack: Compromised 2/10 nodes
  Compromised nodes: [0, 1]
  Noise std: 10.0
                                   Training Results                                    
┏━━━━━━━┳━━━━━━━━━━┳━━━━━━━━━┳━━━━━━━━━━━━┳━━━━━━━━━━━┳━━━━━━━━━┳━━━━━━━━━┳━━━━━━━━━━━┓
┃ Round ┃ Mean Acc ┃ Std Acc ┃ Honest Acc ┃ Comp. Acc ┃ Vacuity ┃ Entropy ┃ Strength  ┃
┡━━━━━━━╇━━━━━━━━━━╇━━━━━━━━━╇━━━━━━━━━━━━╇━━━━━━━━━━━╇━━━━━━━━━╇━━━━━━━━━╇━━━━━━━━━━━┩
│ 1     │ 0.3128   │ 0.1689  │ 0.3256     │ 0.2617    │ nan     │ nan     │ nan       │
│ 2     │ 0.5106   │ 0.2230  │ 0.5728     │ 0.2617    │ nan     │ nan     │ nan       │
│ 3     │ 0.5583   │ 0.2295  │ 0.6325     │ 0.2617    │ nan     │ nan     │ nan       │
│ 4     │ 0.5894   │ 0.2515  │ 0.6713     │ 0.2617    │ nan     │ nan     │ nan       │
│ 5     │ 0.5631   │ 0.2442  │ 0.6385     │ 0.2617    │ nan     │ nan     │ nan       │
│ 6     │ 0.6011   │ 0.2579  │ 0.6860     │ 0.2617    │ nan     │ nan     │ nan       │
│ 7     │ 0.6781   │ 0.2556  │ 0.7822     │ 0.2617    │ nan     │ nan     │ nan       │
│ 8     │ 0.5676   │ 0.2316  │ 0.6441     │ 0.2617    │ nan     │ nan     │ nan       │
│ 9     │ 0.5573   │ 0.2430  │ 0.6312     │ 0.2617    │ nan     │ nan     │ nan       │
│ 10    │ 0.7072   │ 0.2485  │ 0.8186     │ 0.2617    │ nan     │ nan     │ nan       │
│ 11    │ 0.6474   │ 0.2631  │ 0.7438     │ 0.2617    │ nan     │ nan     │ nan       │
│ 12    │ 0.6488   │ 0.2648  │ 0.7455     │ 0.2617    │ nan     │ nan     │ nan       │
│ 13    │ 0.6418   │ 0.2756  │ 0.7369     │ 0.2617    │ nan     │ nan     │ nan       │
│ 14    │ 0.7086   │ 0.2546  │ 0.8203     │ 0.2617    │ nan     │ nan     │ nan       │
│ 15    │ 0.7218   │ 0.2665  │ 0.8368     │ 0.2617    │ nan     │ nan     │ nan       │
│ 16    │ 0.7293   │ 0.2704  │ 0.8462     │ 0.2617    │ nan     │ nan     │ nan       │
│ 17    │ 0.7328   │ 0.2726  │ 0.8505     │ 0.2617    │ nan     │ nan     │ nan       │
│ 18    │ 0.7264   │ 0.2864  │ 0.8426     │ 0.2617    │ nan     │ nan     │ nan       │
│ 19    │ 0.7253   │ 0.2785  │ 0.8412     │ 0.2617    │ nan     │ nan     │ nan       │
│ 20    │ 0.7373   │ 0.2868  │ 0.8562     │ 0.2617    │ nan     │ nan     │ nan       │
│ 21    │ 0.5733   │ 0.3673  │ 0.6511     │ 0.2617    │ nan     │ nan     │ nan       │
│ 22    │ 0.3636   │ 0.3453  │ 0.3891     │ 0.2617    │ nan     │ nan     │ nan       │
│ 23    │ 0.2729   │ 0.2787  │ 0.3080     │ 0.1327    │ nan     │ nan     │ nan       │
│ 24    │ 0.1675   │ 0.1341  │ 0.1440     │ 0.2617    │ nan     │ nan     │ nan       │
│ 25    │ 0.1627   │ 0.1707  │ 0.1380     │ 0.2617    │ nan     │ nan     │ nan       │
│ 26    │ 0.1472   │ 0.1214  │ 0.1186     │ 0.2617    │ nan     │ nan     │ nan       │
│ 27    │ 0.1530   │ 0.1193  │ 0.1259     │ 0.2617    │ nan     │ nan     │ nan       │
│ 28    │ 0.1625   │ 0.1201  │ 0.1377     │ 0.2617    │ nan     │ nan     │ nan       │
│ 29    │ 0.1666   │ 0.1190  │ 0.1428     │ 0.2617    │ nan     │ nan     │ nan       │
│ 30    │ 0.1458   │ 0.1291  │ 0.1169     │ 0.2617    │ nan     │ nan     │ nan       │
│ 31    │ 0.1605   │ 0.1271  │ 0.1352     │ 0.2617    │ nan     │ nan     │ nan       │
│ 32    │ 0.1966   │ 0.1439  │ 0.1458     │ 0.3998    │ nan     │ nan     │ nan       │
│ 33    │ 0.1351   │ 0.1185  │ 0.1034     │ 0.2617    │ nan     │ nan     │ nan       │
│ 34    │ 0.1716   │ 0.1311  │ 0.1490     │ 0.2617    │ nan     │ nan     │ nan       │
│ 35    │ 0.1453   │ 0.1166  │ 0.1162     │ 0.2617    │ nan     │ nan     │ nan       │
│ 36    │ 0.1744   │ 0.1428  │ 0.1588     │ 0.2366    │ nan     │ nan     │ nan       │
│ 37    │ 0.1816   │ 0.1686  │ 0.2139     │ 0.0525    │ 0.3690  │ 1.1854  │ 120288.04 │
│ 38    │ 0.1811   │ 0.1511  │ 0.2217     │ 0.0185    │ 0.3021  │ 1.0554  │ 128250.83 │
│ 39    │ 0.1854   │ 0.1525  │ 0.2221     │ 0.0385    │ 0.3000  │ 1.1266  │ 377071.83 │
│ 40    │ 0.1742   │ 0.1453  │ 0.1986     │ 0.0766    │ 0.2570  │ 0.9802  │ 165819.04 │
│ 41    │ 0.2258   │ 0.1321  │ 0.1992     │ 0.3322    │ 0.1537  │ 0.9340  │ 136771.31 │
│ 42    │ 0.2430   │ 0.1438  │ 0.1979     │ 0.4233    │ 0.1028  │ 0.9798  │ 157263.95 │
│ 43    │ 0.1996   │ 0.1202  │ 0.2088     │ 0.1627    │ 0.1155  │ 0.9231  │ 145045.41 │
│ 44    │ 0.2097   │ 0.1435  │ 0.2273     │ 0.1395    │ 0.1322  │ 0.9185  │ 85144.69  │
│ 45    │ 0.1506   │ 0.0832  │ 0.1462     │ 0.1682    │ 0.1630  │ 0.8400  │ 17393.46  │
│ 46    │ 0.2030   │ 0.1175  │ 0.2136     │ 0.1605    │ 0.1473  │ 0.9497  │ 10285.61  │
│ 47    │ 0.1880   │ 0.0952  │ 0.1624     │ 0.2906    │ 0.1460  │ 0.9377  │ 7532.15   │
│ 48    │ 0.1929   │ 0.1329  │ 0.2210     │ 0.0807    │ 0.1461  │ 0.9032  │ 17654.31  │
│ 49    │ 0.1698   │ 0.0818  │ 0.1928     │ 0.0780    │ 0.1513  │ 1.0014  │ 12956.22  │
│ 50    │ 0.2181   │ 0.1329  │ 0.2193     │ 0.2131    │ 0.1615  │ 0.9284  │ 15799.60  │
└───────┴──────────┴─────────┴────────────┴───────────┴─────────┴─────────┴───────────┘

Uncertainty Metrics:
  • Vacuity: epistemic uncertainty — lower is more confident
  • Entropy: aleatoric uncertainty — lower is more decisive
  • Strength: Dirichlet strength — higher means more evidence
Results written → /DataVol/projects/murmura/experiments/paper/dmtt/exp1_main_comparison/results/C2-DynFedAvg-byz20-s42.parquet

✓ Distributed training complete
