Loading config: /DataVol/projects/murmura/experiments/paper/dmtt/exp1_main_comparison/c3_dmtt/c3_dmtt_byz10_s42.yaml

Experiment: C3-DMTT-byz10-s42
  Backend:    distributed (ZMQ IPC)
  Rounds:     50
  Topology:   fully (10 nodes)
  Aggregation:fedavg
  Attack: topology_liar (10% nodes)

Launching distributed processes…

Gaussian Attack: Compromised 1/10 nodes
  Compromised nodes: [1]
  Noise std: 10.0
[DistributedRunner] run_id=d792b357  t_start=1026799.835  (startup_grace=5.0s)
Gaussian Attack: Compromised 1/10 nodes
  Compromised nodes: [1]
  Noise std: 10.0
[DMTT Node 3] Round 1: collaborators → [6]
Gaussian Attack: Compromised 1/10 nodes
  Compromised nodes: [1]
  Noise std: 10.0
[DMTT Node 2] Round 1: collaborators → [7]
Gaussian Attack: Compromised 1/10 nodes
  Compromised nodes: [1]
  Noise std: 10.0
[DMTT Node 7] Round 1: collaborators → [2]
Gaussian Attack: Compromised 1/10 nodes
  Compromised nodes: [1]
  Noise std: 10.0
[DMTT Node 0] Round 1: collaborators → [1]
Gaussian Attack: Compromised 1/10 nodes
  Compromised nodes: [1]
  Noise std: 10.0
[DMTT Node 5] Round 1: collaborators → [4]
Gaussian Attack: Compromised 1/10 nodes
  Compromised nodes: [1]
  Noise std: 10.0
[DMTT Node 4] Round 1: collaborators → [5]
Gaussian Attack: Compromised 1/10 nodes
  Compromised nodes: [1]
  Noise std: 10.0
[DMTT Node 8] Round 1: collaborators → [9]
Gaussian Attack: Compromised 1/10 nodes
  Compromised nodes: [1]
  Noise std: 10.0
[DMTT Node 6] Round 1: collaborators → [9, 3]
Gaussian Attack: Compromised 1/10 nodes
  Compromised nodes: [1]
  Noise std: 10.0
[DMTT Node 9] Round 1: collaborators → [6, 8]
Gaussian Attack: Compromised 1/10 nodes
  Compromised nodes: [1]
  Noise std: 10.0
[DMTT Node 1] Round 1: collaborators → [0]
[Monitor] Round 1 (10/10 nodes): acc=0.2740 ± 0.1757
[Monitor]   Honest: 0.2968  Compromised: 0.0693
[DMTT Node 2] Round 2: collaborators → [7, 4]
[DMTT Node 7] Round 2: collaborators → [2, 4]
[DMTT Node 8] Round 2: collaborators → [9]
[DMTT Node 0] Round 2: collaborators → [1]
[DMTT Node 4] Round 2: collaborators → [2, 7, 3]
[DMTT Node 3] Round 2: collaborators → [4]
[DMTT Node 1] Round 2: collaborators → [0]
[DMTT Node 5] Round 2: collaborators → [6]
[DMTT Node 6] Round 2: collaborators → [9, 5]
[DMTT Node 9] Round 2: collaborators → [6, 8]
[Monitor] Round 2 (10/10 nodes): acc=0.6052 ± 0.1804
[Monitor]   Honest: 0.6217  Compromised: 0.4572
[DMTT Node 8] Round 3: collaborators → [9]
[DMTT Node 5] Round 3: collaborators → [6]
[DMTT Node 1] Round 3: collaborators → [0]
[DMTT Node 0] Round 3: collaborators → [1]
[DMTT Node 3] Round 3: collaborators → [4]
[DMTT Node 9] Round 3: collaborators → [6, 8]
[DMTT Node 2] Round 3: collaborators → [7, 4]
[DMTT Node 7] Round 3: collaborators → [2]
[DMTT Node 6] Round 3: collaborators → [9, 5]
[DMTT Node 4] Round 3: collaborators → [2, 3]
[Monitor] Round 3 (10/10 nodes): acc=0.6075 ± 0.2327
[Monitor]   Honest: 0.6024  Compromised: 0.6534
[DMTT Node 7] Round 4: collaborators → [2, 4]
[DMTT Node 5] Round 4: collaborators → [6]
[DMTT Node 8] Round 4: collaborators → [9]
[DMTT Node 3] Round 4: collaborators → [4]
[DMTT Node 1] Round 4: collaborators → [0]
[DMTT Node 0] Round 4: collaborators → [1]
[DMTT Node 6] Round 4: collaborators → [9, 5]
[DMTT Node 9] Round 4: collaborators → [6, 8]
[DMTT Node 2] Round 4: collaborators → [7, 4]
[DMTT Node 4] Round 4: collaborators → [2, 3, 7]
[Monitor] Round 4 (10/10 nodes): acc=0.5316 ± 0.2860
[Monitor]   Honest: 0.5829  Compromised: 0.0693
[DMTT Node 5] Round 5: collaborators → [6]
[DMTT Node 0] Round 5: collaborators → [1]
[DMTT Node 1] Round 5: collaborators → [0]
[DMTT Node 8] Round 5: collaborators → [9]
[DMTT Node 3] Round 5: collaborators → [9]
[DMTT Node 2] Round 5: collaborators → [7, 4]
[DMTT Node 7] Round 5: collaborators → [2]
[DMTT Node 9] Round 5: collaborators → [8, 3]
[DMTT Node 6] Round 5: collaborators → [5]
[DMTT Node 4] Round 5: collaborators → [2]
[Monitor] Round 5 (10/10 nodes): acc=0.5514 ± 0.3113
[Monitor]   Honest: 0.6050  Compromised: 0.0693
[DMTT Node 7] Round 6: collaborators → [2]
[DMTT Node 6] Round 6: collaborators → [9, 5]
[DMTT Node 1] Round 6: collaborators → [0]
[DMTT Node 5] Round 6: collaborators → [6]
[DMTT Node 3] Round 6: collaborators → [4]
[DMTT Node 8] Round 6: collaborators → [9]
[DMTT Node 0] Round 6: collaborators → [1]
[DMTT Node 4] Round 6: collaborators → [2, 3]
[DMTT Node 9] Round 6: collaborators → [6, 8]
[DMTT Node 2] Round 6: collaborators → [7, 4]
[Monitor] Round 6 (10/10 nodes): acc=0.5333 ± 0.3005
[Monitor]   Honest: 0.5833  Compromised: 0.0826
[DMTT Node 7] Round 7: collaborators → [2]
[DMTT Node 1] Round 7: collaborators → [0]
[DMTT Node 0] Round 7: collaborators → [1]
[DMTT Node 3] Round 7: collaborators → [2]
[DMTT Node 5] Round 7: collaborators → [4]
[DMTT Node 8] Round 7: collaborators → [9]
[DMTT Node 2] Round 7: collaborators → [7, 3]
[DMTT Node 9] Round 7: collaborators → [6, 8]
[DMTT Node 6] Round 7: collaborators → [9]
[DMTT Node 4] Round 7: collaborators → [5]
[Monitor] Round 7 (10/10 nodes): acc=0.5557 ± 0.3208
[Monitor]   Honest: 0.6117  Compromised: 0.0516
[DMTT Node 3] Round 8: collaborators → [6]
[DMTT Node 7] Round 8: collaborators → [8]
[DMTT Node 1] Round 8: collaborators → [0]
[DMTT Node 5] Round 8: collaborators → [6]
[DMTT Node 0] Round 8: collaborators → [1]
[DMTT Node 2] Round 8: collaborators → [4]
[DMTT Node 6] Round 8: collaborators → [9, 5, 3]
[DMTT Node 8] Round 8: collaborators → [7]
[DMTT Node 9] Round 8: collaborators → [6]
[DMTT Node 4] Round 8: collaborators → [2]
[Monitor] Round 8 (10/10 nodes): acc=0.6563 ± 0.2994
[Monitor]   Honest: 0.7115  Compromised: 0.1593
[DMTT Node 8] Round 9: collaborators → [7]
[DMTT Node 7] Round 9: collaborators → [2, 8]
[DMTT Node 9] Round 9: collaborators → [5]
[DMTT Node 5] Round 9: collaborators → [4, 9]
[DMTT Node 3] Round 9: collaborators → [6]
[DMTT Node 1] Round 9: collaborators → [0]
[DMTT Node 0] Round 9: collaborators → [1]
[DMTT Node 2] Round 9: collaborators → [7]
[DMTT Node 4] Round 9: collaborators → [5]
[DMTT Node 6] Round 9: collaborators → [3]
[Monitor] Round 9 (10/10 nodes): acc=0.5421 ± 0.2715
[Monitor]   Honest: 0.5973  Compromised: 0.0457
[DMTT Node 2] Round 10: collaborators → [7]
[DMTT Node 8] Round 10: collaborators → [9]
[DMTT Node 6] Round 10: collaborators → [9]
[DMTT Node 3] Round 10: collaborators → [4]
[DMTT Node 0] Round 10: collaborators → [1]
[DMTT Node 9] Round 10: collaborators → [6, 8]
[DMTT Node 7] Round 10: collaborators → [2]
[DMTT Node 1] Round 10: collaborators → [0]
[DMTT Node 4] Round 10: collaborators → [3, 5]
[DMTT Node 5] Round 10: collaborators → [4]
[Monitor] Round 10 (10/10 nodes): acc=0.5470 ± 0.2580
[Monitor]   Honest: 0.5993  Compromised: 0.0767
[DMTT Node 7] Round 11: collaborators → [8]
[DMTT Node 2] Round 11: collaborators → [6, 9]
[DMTT Node 1] Round 11: collaborators → [0]
[DMTT Node 0] Round 11: collaborators → [1]
[DMTT Node 5] Round 11: collaborators → [6]
[DMTT Node 6] Round 11: collaborators → [9, 5, 2]
[DMTT Node 8] Round 11: collaborators → [7]
[DMTT Node 3] Round 11: collaborators → [4]
[DMTT Node 4] Round 11: collaborators → [3]
[DMTT Node 9] Round 11: collaborators → [6, 2]
[Monitor] Round 11 (10/10 nodes): acc=0.6893 ± 0.2799
[Monitor]   Honest: 0.7578  Compromised: 0.0723
[DMTT Node 7] Round 12: collaborators → [8]
[DMTT Node 8] Round 12: collaborators → [7]
[DMTT Node 1] Round 12: collaborators → [0]
[DMTT Node 0] Round 12: collaborators → [1]
[DMTT Node 3] Round 12: collaborators → [4]
[DMTT Node 4] Round 12: collaborators → [3]
[DMTT Node 5] Round 12: collaborators → [6]
[DMTT Node 2] Round 12: collaborators → [6, 9]
[DMTT Node 9] Round 12: collaborators → [6, 2]
[DMTT Node 6] Round 12: collaborators → [9, 5, 2]
[Monitor] Round 12 (10/10 nodes): acc=0.6148 ± 0.3240
[Monitor]   Honest: 0.6759  Compromised: 0.0649
[DMTT Node 7] Round 13: collaborators → [2, 9]
[DMTT Node 8] Round 13: collaborators → [9]
[DMTT Node 0] Round 13: collaborators → [1]
[DMTT Node 1] Round 13: collaborators → [0]
[DMTT Node 5] Round 13: collaborators → [6]
[DMTT Node 3] Round 13: collaborators → [4]
[DMTT Node 2] Round 13: collaborators → [7]
[DMTT Node 9] Round 13: collaborators → [6, 8, 7]
[DMTT Node 4] Round 13: collaborators → [3]
[DMTT Node 6] Round 13: collaborators → [9, 5]
[Monitor] Round 13 (10/10 nodes): acc=0.6180 ± 0.3278
[Monitor]   Honest: 0.6795  Compromised: 0.0649
[DMTT Node 2] Round 14: collaborators → [7, 3]
[DMTT Node 5] Round 14: collaborators → [4, 3]
[DMTT Node 0] Round 14: collaborators → [1]
[DMTT Node 1] Round 14: collaborators → [0]
[DMTT Node 4] Round 14: collaborators → [5]
[DMTT Node 8] Round 14: collaborators → [9]
[DMTT Node 3] Round 14: collaborators → [2, 5]
[DMTT Node 7] Round 14: collaborators → [2, 9]
[DMTT Node 6] Round 14: collaborators → [9]
[DMTT Node 9] Round 14: collaborators → [6, 8, 7]
[Monitor] Round 14 (10/10 nodes): acc=0.6081 ± 0.3364
[Monitor]   Honest: 0.6683  Compromised: 0.0664
[DMTT Node 8] Round 15: collaborators → [7]
[DMTT Node 3] Round 15: collaborators → [4]
[DMTT Node 2] Round 15: collaborators → [9, 6]
[DMTT Node 6] Round 15: collaborators → [9, 5, 2]
[DMTT Node 1] Round 15: collaborators → [0]
[DMTT Node 4] Round 15: collaborators → [3]
[DMTT Node 0] Round 15: collaborators → [1]
[DMTT Node 5] Round 15: collaborators → [6]
[DMTT Node 7] Round 15: collaborators → [8]
[DMTT Node 9] Round 15: collaborators → [6, 2]
[Monitor] Round 15 (10/10 nodes): acc=0.6898 ± 0.3172
[Monitor]   Honest: 0.7587  Compromised: 0.0693
[DMTT Node 7] Round 16: collaborators → [8]
[DMTT Node 8] Round 16: collaborators → [7]
[DMTT Node 5] Round 16: collaborators → [6]
[DMTT Node 3] Round 16: collaborators → [4]
[DMTT Node 1] Round 16: collaborators → [0]
[DMTT Node 4] Round 16: collaborators → [3]
[DMTT Node 0] Round 16: collaborators → [1]
[DMTT Node 2] Round 16: collaborators → [6, 9]
[DMTT Node 9] Round 16: collaborators → [6, 2]
[DMTT Node 6] Round 16: collaborators → [9, 5, 2]
[Monitor] Round 16 (10/10 nodes): acc=0.6949 ± 0.3276
[Monitor]   Honest: 0.7634  Compromised: 0.0782
[DMTT Node 7] Round 17: collaborators → [8]
[DMTT Node 8] Round 17: collaborators → [7]
[DMTT Node 5] Round 17: collaborators → [6]
[DMTT Node 1] Round 17: collaborators → [0]
[DMTT Node 0] Round 17: collaborators → [1]
[DMTT Node 3] Round 17: collaborators → [4]
[DMTT Node 4] Round 17: collaborators → [3]
[DMTT Node 2] Round 17: collaborators → [6, 9]
[DMTT Node 9] Round 17: collaborators → [6, 2]
[DMTT Node 6] Round 17: collaborators → [9, 5, 2]
[Monitor] Round 17 (10/10 nodes): acc=0.7031 ± 0.3314
[Monitor]   Honest: 0.7739  Compromised: 0.0664
[DMTT Node 8] Round 18: collaborators → [7]
[DMTT Node 7] Round 18: collaborators → [8]
[DMTT Node 5] Round 18: collaborators → [6]
[DMTT Node 0] Round 18: collaborators → [1]
[DMTT Node 1] Round 18: collaborators → [0]
[DMTT Node 3] Round 18: collaborators → [4]
[DMTT Node 4] Round 18: collaborators → [3]
[DMTT Node 2] Round 18: collaborators → [6, 9]
[DMTT Node 9] Round 18: collaborators → [6, 2]
[DMTT Node 6] Round 18: collaborators → [9, 5, 2]
[Monitor] Round 18 (10/10 nodes): acc=0.7126 ± 0.3221
[Monitor]   Honest: 0.7781  Compromised: 0.1239
[DMTT Node 7] Round 19: collaborators → [9, 6]
[DMTT Node 8] Round 19: collaborators → [9]
[DMTT Node 1] Round 19: collaborators → [0]
[DMTT Node 0] Round 19: collaborators → [1]
[DMTT Node 3] Round 19: collaborators → [4]
[DMTT Node 5] Round 19: collaborators → [9, 2]
[DMTT Node 4] Round 19: collaborators → [3]
[DMTT Node 2] Round 19: collaborators → [5]
[DMTT Node 9] Round 19: collaborators → [6, 8, 7, 5]
[DMTT Node 6] Round 19: collaborators → [9, 7]
[Monitor] Round 19 (10/10 nodes): acc=0.7372 ± 0.2954
[Monitor]   Honest: 0.7824  Compromised: 0.3304
[DMTT Node 2] Round 20: collaborators → [7, 5]
[DMTT Node 8] Round 20: collaborators → [9]
[DMTT Node 0] Round 20: collaborators → [1]
[DMTT Node 3] Round 20: collaborators → [4]
[DMTT Node 4] Round 20: collaborators → [3]
[DMTT Node 5] Round 20: collaborators → [2]
[DMTT Node 1] Round 20: collaborators → [0]
[DMTT Node 7] Round 20: collaborators → [2]
[DMTT Node 6] Round 20: collaborators → [9]
[DMTT Node 9] Round 20: collaborators → [6, 8]
[Monitor] Round 20 (10/10 nodes): acc=0.7643 ± 0.2348
[Monitor]   Honest: 0.8201  Compromised: 0.2625
[DMTT Node 7] Round 21: collaborators → [2, 6]
[DMTT Node 5] Round 21: collaborators → [6]
[DMTT Node 1] Round 21: collaborators → [2]
[DMTT Node 0] Round 21: collaborators → [8]
[DMTT Node 3] Round 21: collaborators → [4]
[DMTT Node 4] Round 21: collaborators → [3, 8]
[DMTT Node 8] Round 21: collaborators → [0, 4]
[DMTT Node 2] Round 21: collaborators → [7, 6, 9, 1]
[DMTT Node 6] Round 21: collaborators → [9, 5, 2, 7]
[DMTT Node 9] Round 21: collaborators → [6, 2]
[Monitor] Round 21 (10/10 nodes): acc=0.7242 ± 0.3284
[Monitor]   Honest: 0.7872  Compromised: 0.1578
[DMTT Node 1] Round 22: collaborators → [0]
[DMTT Node 0] Round 22: collaborators → [1]
[DMTT Node 5] Round 22: collaborators → [6]
[DMTT Node 3] Round 22: collaborators → [4]
[DMTT Node 7] Round 22: collaborators → [8]
[DMTT Node 8] Round 22: collaborators → [7]
[DMTT Node 9] Round 22: collaborators → [6, 2]
[DMTT Node 4] Round 22: collaborators → [3]
[DMTT Node 2] Round 22: collaborators → [6, 9]
[DMTT Node 6] Round 22: collaborators → [9, 5, 2]
[Monitor] Round 22 (10/10 nodes): acc=0.5698 ± 0.4027
[Monitor]   Honest: 0.5949  Compromised: 0.3437
[DMTT Node 7] Round 23: collaborators → [8]
[DMTT Node 8] Round 23: collaborators → [7]
[DMTT Node 5] Round 23: collaborators → [6]
[DMTT Node 3] Round 23: collaborators → [4]
[DMTT Node 1] Round 23: collaborators → [2]
[DMTT Node 0] Round 23: collaborators → [4]
[DMTT Node 4] Round 23: collaborators → [3, 0]
[DMTT Node 2] Round 23: collaborators → [6, 1]
[DMTT Node 9] Round 23: collaborators → [6]
[DMTT Node 6] Round 23: collaborators → [9, 5, 2]
[Monitor] Round 23 (10/10 nodes): acc=0.3297 ± 0.3626
[Monitor]   Honest: 0.3660  Compromised: 0.0029
[DMTT Node 7] Round 24: collaborators → [3]
[DMTT Node 8] Round 24: collaborators → [9]
[DMTT Node 1] Round 24: collaborators → [0]
[DMTT Node 5] Round 24: collaborators → [4]
[DMTT Node 9] Round 24: collaborators → [6, 8, 2]
[DMTT Node 3] Round 24: collaborators → [7]
[DMTT Node 0] Round 24: collaborators → [1]
[DMTT Node 2] Round 24: collaborators → [9, 6]
[DMTT Node 4] Round 24: collaborators → [5]
[DMTT Node 6] Round 24: collaborators → [9, 2]
[Monitor] Round 24 (10/10 nodes): acc=0.2561 ± 0.2767
[Monitor]   Honest: 0.2842  Compromised: 0.0029
[DMTT Node 3] Round 25: collaborators → [4, 7]
[DMTT Node 7] Round 25: collaborators → [3]
[DMTT Node 5] Round 25: collaborators → [6]
[DMTT Node 4] Round 25: collaborators → [3]
[DMTT Node 8] Round 25: collaborators → [9]
[DMTT Node 1] Round 25: collaborators → [0]
[DMTT Node 6] Round 25: collaborators → [5, 9, 2]
[DMTT Node 0] Round 25: collaborators → [1]
[DMTT Node 9] Round 25: collaborators → [6, 8, 2]
[DMTT Node 2] Round 25: collaborators → [6, 9]
[Monitor] Round 25 (10/10 nodes): acc=0.1483 ± 0.1187
[Monitor]   Honest: 0.1645  Compromised: 0.0029
[DMTT Node 7] Round 26: collaborators → [8]
[DMTT Node 5] Round 26: collaborators → [6]
[DMTT Node 0] Round 26: collaborators → [1]
[DMTT Node 1] Round 26: collaborators → [0]
[DMTT Node 8] Round 26: collaborators → [7]
[DMTT Node 4] Round 26: collaborators → [3]
[DMTT Node 9] Round 26: collaborators → [6, 2]
[DMTT Node 3] Round 26: collaborators → [4]
[DMTT Node 2] Round 26: collaborators → [6, 9]
[DMTT Node 6] Round 26: collaborators → [9, 5, 2]
[Monitor] Round 26 (10/10 nodes): acc=0.1502 ± 0.1209
[Monitor]   Honest: 0.1161  Compromised: 0.4572
[DMTT Node 7] Round 27: collaborators → [8]
[DMTT Node 8] Round 27: collaborators → [7]
[DMTT Node 1] Round 27: collaborators → [0]
[DMTT Node 5] Round 27: collaborators → [6]
[DMTT Node 3] Round 27: collaborators → [4]
[DMTT Node 0] Round 27: collaborators → [1]
[DMTT Node 4] Round 27: collaborators → [3]
[DMTT Node 2] Round 27: collaborators → [6, 9]
[DMTT Node 9] Round 27: collaborators → [2]
[DMTT Node 6] Round 27: collaborators → [5, 2]
[Monitor] Round 27 (10/10 nodes): acc=0.1158 ± 0.0772
[Monitor]   Honest: 0.1208  Compromised: 0.0708
[DMTT Node 8] Round 28: collaborators → [7]
[DMTT Node 7] Round 28: collaborators → [8]
[DMTT Node 5] Round 28: collaborators → [6]
[DMTT Node 4] Round 28: collaborators → [3]
[DMTT Node 3] Round 28: collaborators → [4]
[DMTT Node 1] Round 28: collaborators → [0]
[DMTT Node 9] Round 28: collaborators → [6, 2]
[DMTT Node 0] Round 28: collaborators → [1]
[DMTT Node 2] Round 28: collaborators → [6, 9]
[DMTT Node 6] Round 28: collaborators → [9, 5, 2]
[Monitor] Round 28 (10/10 nodes): acc=0.1612 ± 0.0822
[Monitor]   Honest: 0.1516  Compromised: 0.2478
[DMTT Node 7] Round 29: collaborators → [8]
[DMTT Node 8] Round 29: collaborators → [7]
[DMTT Node 1] Round 29: collaborators → [0]
[DMTT Node 5] Round 29: collaborators → [6]
[DMTT Node 0] Round 29: collaborators → [1]
[DMTT Node 3] Round 29: collaborators → [4]
[DMTT Node 4] Round 29: collaborators → [3]
[DMTT Node 2] Round 29: collaborators → [6, 9]
[DMTT Node 6] Round 29: collaborators → [9, 5, 2]
[DMTT Node 9] Round 29: collaborators → [6, 2]
[Monitor] Round 29 (10/10 nodes): acc=0.1592 ± 0.0909
[Monitor]   Honest: 0.1532  Compromised: 0.2139
[DMTT Node 7] Round 30: collaborators → [8]
[DMTT Node 8] Round 30: collaborators → [7]
[DMTT Node 1] Round 30: collaborators → [0]
[DMTT Node 5] Round 30: collaborators → [4]
[DMTT Node 3] Round 30: collaborators → [2]
[DMTT Node 4] Round 30: collaborators → [5]
[DMTT Node 0] Round 30: collaborators → [1]
[DMTT Node 2] Round 30: collaborators → [9, 3]
[DMTT Node 9] Round 30: collaborators → [6, 2]
[DMTT Node 6] Round 30: collaborators → [9]
[Monitor] Round 30 (10/10 nodes): acc=0.1892 ± 0.1326
[Monitor]   Honest: 0.1594  Compromised: 0.4572
[DMTT Node 8] Round 31: collaborators → [7]
[DMTT Node 3] Round 31: collaborators → [6, 2]
[DMTT Node 7] Round 31: collaborators → [8]
[DMTT Node 6] Round 31: collaborators → [9, 3]
[DMTT Node 1] Round 31: collaborators → [0]
[DMTT Node 4] Round 31: collaborators → [5]
[DMTT Node 5] Round 31: collaborators → [4]
[DMTT Node 0] Round 31: collaborators → [1]
[DMTT Node 2] Round 31: collaborators → [9, 3]
[DMTT Node 9] Round 31: collaborators → [6, 2]
[Monitor] Round 31 (10/10 nodes): acc=0.1405 ± 0.1146
[Monitor]   Honest: 0.1063  Compromised: 0.4484
[DMTT Node 7] Round 32: collaborators → [8]
[DMTT Node 8] Round 32: collaborators → [7]
[DMTT Node 5] Round 32: collaborators → [6, 4, 2, 3]
[DMTT Node 0] Round 32: collaborators → [1, 9]
[DMTT Node 4] Round 32: collaborators → [5]
[DMTT Node 1] Round 32: collaborators → [0]
[DMTT Node 2] Round 32: collaborators → [5]
[DMTT Node 3] Round 32: collaborators → [6, 5]
[DMTT Node 9] Round 32: collaborators → [0]
[DMTT Node 6] Round 32: collaborators → [5, 3]
[Monitor] Round 32 (10/10 nodes): acc=0.1638 ± 0.0979
[Monitor]   Honest: 0.1437  Compromised: 0.3451
[DMTT Node 8] Round 33: collaborators → [9]
[DMTT Node 7] Round 33: collaborators → [6]
[DMTT Node 2] Round 33: collaborators → [6, 3]
[DMTT Node 1] Round 33: collaborators → [0]
[DMTT Node 9] Round 33: collaborators → [8]
[DMTT Node 3] Round 33: collaborators → [2]
[DMTT Node 0] Round 33: collaborators → [1]
[DMTT Node 4] Round 33: collaborators → [5]
[DMTT Node 6] Round 33: collaborators → [2, 7]
[DMTT Node 5] Round 33: collaborators → [4]
[Monitor] Round 33 (10/10 nodes): acc=0.1675 ± 0.1076
[Monitor]   Honest: 0.1507  Compromised: 0.3186
[DMTT Node 3] Round 34: collaborators → [4, 2]
[DMTT Node 8] Round 34: collaborators → [9]
[DMTT Node 9] Round 34: collaborators → [8, 7]
[DMTT Node 1] Round 34: collaborators → [0]
[DMTT Node 0] Round 34: collaborators → [1]
[DMTT Node 4] Round 34: collaborators → [3]
[DMTT Node 5] Round 34: collaborators → [6]
[DMTT Node 7] Round 34: collaborators → [9]
[DMTT Node 2] Round 34: collaborators → [3]
[DMTT Node 6] Round 34: collaborators → [5]
[Monitor] Round 34 (10/10 nodes): acc=0.2285 ± 0.1477
[Monitor]   Honest: 0.2178  Compromised: 0.3245
[DMTT Node 2] Round 35: collaborators → [3]
[DMTT Node 7] Round 35: collaborators → [4]
[DMTT Node 5] Round 35: collaborators → [6]
[DMTT Node 4] Round 35: collaborators → [3, 7]
[DMTT Node 6] Round 35: collaborators → [5]
[DMTT Node 0] Round 35: collaborators → [1]
[DMTT Node 1] Round 35: collaborators → [0]
[DMTT Node 8] Round 35: collaborators → [9]
[DMTT Node 9] Round 35: collaborators → [8]
[DMTT Node 3] Round 35: collaborators → [4, 2]
[Monitor] Round 35 (10/10 nodes): acc=0.1449 ± 0.1392
[Monitor]   Honest: 0.1294  Compromised: 0.2847
[DMTT Node 2] Round 36: collaborators → [3, 5]
[DMTT Node 1] Round 36: collaborators → [0]
[DMTT Node 0] Round 36: collaborators → [1, 9]
[DMTT Node 8] Round 36: collaborators → [7]
[DMTT Node 6] Round 36: collaborators → [5]
[DMTT Node 7] Round 36: collaborators → [8]
[DMTT Node 9] Round 36: collaborators → [0]
[DMTT Node 5] Round 36: collaborators → [6, 4, 2]
[DMTT Node 3] Round 36: collaborators → [2]
[DMTT Node 4] Round 36: collaborators → [5]
[Monitor] Round 36 (10/10 nodes): acc=0.2058 ± 0.2503
[Monitor]   Honest: 0.2228  Compromised: 0.0531
[DMTT Node 7] Round 37: collaborators → [6, 4]
[DMTT Node 8] Round 37: collaborators → [9]
[DMTT Node 3] Round 37: collaborators → [2]
[DMTT Node 1] Round 37: collaborators → [0]
[DMTT Node 2] Round 37: collaborators → [3, 5]
[DMTT Node 9] Round 37: collaborators → [8]
[DMTT Node 0] Round 37: collaborators → [1]
[DMTT Node 6] Round 37: collaborators → [7]
[DMTT Node 4] Round 37: collaborators → [7]
[DMTT Node 5] Round 37: collaborators → [2]
[Monitor] Round 37 (10/10 nodes): acc=0.1266 ± 0.1082
[Monitor]   Honest: 0.1236  Compromised: 0.1534
[DMTT Node 5] Round 38: collaborators → [6]
[DMTT Node 3] Round 38: collaborators → [4]
[DMTT Node 9] Round 38: collaborators → [8]
[DMTT Node 0] Round 38: collaborators → [1]
[DMTT Node 6] Round 38: collaborators → [5, 2, 7, 4]
[DMTT Node 1] Round 38: collaborators → [0]
[DMTT Node 8] Round 38: collaborators → [9]
[DMTT Node 2] Round 38: collaborators → [6]
[DMTT Node 4] Round 38: collaborators → [3, 6]
[DMTT Node 7] Round 38: collaborators → [6]
[Monitor] Round 38 (10/10 nodes): acc=0.1154 ± 0.1112
[Monitor]   Honest: 0.1260  Compromised: 0.0206
[DMTT Node 1] Round 39: collaborators → [0]
[DMTT Node 5] Round 39: collaborators → [6]
[DMTT Node 0] Round 39: collaborators → [1]
[DMTT Node 2] Round 39: collaborators → [7, 6]
[DMTT Node 7] Round 39: collaborators → [2, 6]
[DMTT Node 8] Round 39: collaborators → [9]
[DMTT Node 3] Round 39: collaborators → [4]
[DMTT Node 9] Round 39: collaborators → [8]
[DMTT Node 4] Round 39: collaborators → [3, 6]
[DMTT Node 6] Round 39: collaborators → [5, 2, 7, 4]
[Monitor] Round 39 (10/10 nodes): acc=0.1023 ± 0.0833
[Monitor]   Honest: 0.1038  Compromised: 0.0885
[DMTT Node 1] Round 40: collaborators → [0, 2]
[DMTT Node 0] Round 40: collaborators → [1]
[DMTT Node 8] Round 40: collaborators → [9]
[DMTT Node 9] Round 40: collaborators → [8]
[DMTT Node 3] Round 40: collaborators → [6]
[DMTT Node 5] Round 40: collaborators → [4]
[DMTT Node 2] Round 40: collaborators → [1]
[DMTT Node 7] Round 40: collaborators → [6]
[DMTT Node 4] Round 40: collaborators → [5]
[DMTT Node 6] Round 40: collaborators → [3, 7]
[Monitor] Round 40 (10/10 nodes): acc=0.1095 ± 0.0618
[Monitor]   Honest: 0.0966  Compromised: 0.2257
[DMTT Node 2] Round 41: collaborators → [3]
[DMTT Node 9] Round 41: collaborators → [6]
[DMTT Node 8] Round 41: collaborators → [7]
[DMTT Node 7] Round 41: collaborators → [8]
[DMTT Node 0] Round 41: collaborators → [1]
[DMTT Node 4] Round 41: collaborators → [5]
[DMTT Node 5] Round 41: collaborators → [6, 4]
[DMTT Node 3] Round 41: collaborators → [2]
[DMTT Node 6] Round 41: collaborators → [9, 5]
[DMTT Node 1] Round 41: collaborators → [0]
[Monitor] Round 41 (10/10 nodes): acc=0.1243 ± 0.0959
[Monitor]   Honest: 0.0964  Compromised: 0.3746
[DMTT Node 3] Round 42: collaborators → [4]
[DMTT Node 8] Round 42: collaborators → [9]
[DMTT Node 7] Round 42: collaborators → [2]
[DMTT Node 2] Round 42: collaborators → [7]
[DMTT Node 0] Round 42: collaborators → [1]
[DMTT Node 4] Round 42: collaborators → [3, 1]
[DMTT Node 9] Round 42: collaborators → [8, 6]
[DMTT Node 1] Round 42: collaborators → [0, 4]
[DMTT Node 6] Round 42: collaborators → [9, 5]
[DMTT Node 5] Round 42: collaborators → [6]
[Monitor] Round 42 (10/10 nodes): acc=0.1269 ± 0.1340
[Monitor]   Honest: 0.1254  Compromised: 0.1401
[DMTT Node 2] Round 43: collaborators → [9, 7]
[DMTT Node 5] Round 43: collaborators → [4, 3]
[DMTT Node 7] Round 43: collaborators → [2, 6]
[DMTT Node 0] Round 43: collaborators → [1]
[DMTT Node 3] Round 43: collaborators → [5]
[DMTT Node 8] Round 43: collaborators → [9]
[DMTT Node 1] Round 43: collaborators → [0]
[DMTT Node 4] Round 43: collaborators → [5]
[DMTT Node 6] Round 43: collaborators → [7]
[DMTT Node 9] Round 43: collaborators → [2, 8]
[Monitor] Round 43 (10/10 nodes): acc=0.2212 ± 0.1344
[Monitor]   Honest: 0.1961  Compromised: 0.4469
[DMTT Node 3] Round 44: collaborators → [2, 8]
[DMTT Node 1] Round 44: collaborators → [0, 7]
[DMTT Node 8] Round 44: collaborators → [3]
[DMTT Node 0] Round 44: collaborators → [1]
[DMTT Node 6] Round 44: collaborators → [5]
[DMTT Node 2] Round 44: collaborators → [3]
[DMTT Node 4] Round 44: collaborators → [9]
[DMTT Node 5] Round 44: collaborators → [6]
[DMTT Node 9] Round 44: collaborators → [4]
[DMTT Node 7] Round 44: collaborators → [1]
[Monitor] Round 44 (10/10 nodes): acc=0.2434 ± 0.1516
[Monitor]   Honest: 0.2227  Compromised: 0.4292
[DMTT Node 8] Round 45: collaborators → [5]
[DMTT Node 7] Round 45: collaborators → [6, 1]
[DMTT Node 5] Round 45: collaborators → [3, 8]
[DMTT Node 2] Round 45: collaborators → [9, 4]
[DMTT Node 6] Round 45: collaborators → [7]
[DMTT Node 9] Round 45: collaborators → [2]
[DMTT Node 4] Round 45: collaborators → [2]
[DMTT Node 3] Round 45: collaborators → [5]
[DMTT Node 0] Round 45: collaborators → [1]
[DMTT Node 1] Round 45: collaborators → [0, 7]
[Monitor] Round 45 (10/10 nodes): acc=0.2197 ± 0.1548
[Monitor]   Honest: 0.2253  Compromised: 0.1696
[DMTT Node 8] Round 46: collaborators → [5]
[DMTT Node 3] Round 46: collaborators → [5]
[DMTT Node 5] Round 46: collaborators → [3, 8]
[DMTT Node 0] Round 46: collaborators → [1]
[DMTT Node 9] Round 46: collaborators → [2]
[DMTT Node 4] Round 46: collaborators → [2]
[DMTT Node 7] Round 46: collaborators → [6]
[DMTT Node 1] Round 46: collaborators → [0]
[DMTT Node 6] Round 46: collaborators → [7]
[DMTT Node 2] Round 46: collaborators → [9, 4]
[Monitor] Round 46 (10/10 nodes): acc=0.2980 ± 0.1663
[Monitor]   Honest: 0.2996  Compromised: 0.2832
[DMTT Node 3] Round 47: collaborators → [5]
[DMTT Node 8] Round 47: collaborators → [5]
[DMTT Node 6] Round 47: collaborators → [7]
[DMTT Node 5] Round 47: collaborators → [3, 8]
[DMTT Node 0] Round 47: collaborators → [1]
[DMTT Node 7] Round 47: collaborators → [6, 1]
[DMTT Node 1] Round 47: collaborators → [0, 7]
[DMTT Node 4] Round 47: collaborators → [2, 9]
[DMTT Node 2] Round 47: collaborators → [9, 4]
[DMTT Node 9] Round 47: collaborators → [2, 4]
[Monitor] Round 47 (10/10 nodes): acc=0.2802 ± 0.1743
[Monitor]   Honest: 0.2791  Compromised: 0.2906
[DMTT Node 3] Round 48: collaborators → [5]
[DMTT Node 8] Round 48: collaborators → [5]
[DMTT Node 5] Round 48: collaborators → [3, 8]
[DMTT Node 6] Round 48: collaborators → [7]
[DMTT Node 0] Round 48: collaborators → [1]
[DMTT Node 7] Round 48: collaborators → [6]
[DMTT Node 4] Round 48: collaborators → [2, 9]
[DMTT Node 2] Round 48: collaborators → [9, 4]
[DMTT Node 1] Round 48: collaborators → [0]
[DMTT Node 9] Round 48: collaborators → [2, 4]
[Monitor] Round 48 (10/10 nodes): acc=0.3142 ± 0.1664
[Monitor]   Honest: 0.3009  Compromised: 0.4336
[DMTT Node 3] Round 49: collaborators → [5, 8]
[DMTT Node 8] Round 49: collaborators → [5, 3]
[DMTT Node 5] Round 49: collaborators → [3, 8]
[DMTT Node 6] Round 49: collaborators → [7]
[DMTT Node 7] Round 49: collaborators → [6, 1]
[DMTT Node 0] Round 49: collaborators → [1]
[DMTT Node 1] Round 49: collaborators → [0, 7]
[DMTT Node 9] Round 49: collaborators → [2, 4]
[DMTT Node 2] Round 49: collaborators → [9]
[DMTT Node 4] Round 49: collaborators → [9]
[Monitor] Round 49 (10/10 nodes): acc=0.3097 ± 0.1397
[Monitor]   Honest: 0.2943  Compromised: 0.4484
[DMTT Node 0] Round 50: collaborators → [1]
[DMTT Node 5] Round 50: collaborators → [4, 3, 8]
[DMTT Node 3] Round 50: collaborators → [5]
[DMTT Node 8] Round 50: collaborators → [5]
[DMTT Node 6] Round 50: collaborators → [7]
[DMTT Node 2] Round 50: collaborators → [9]
[DMTT Node 4] Round 50: collaborators → [5]
[DMTT Node 1] Round 50: collaborators → [0]
[DMTT Node 7] Round 50: collaborators → [6]
[DMTT Node 9] Round 50: collaborators → [2]
[Monitor] Round 50 (10/10 nodes): acc=0.3214 ± 0.1617
[Monitor]   Honest: 0.3196  Compromised: 0.3378
                                   Training Results                                   
┏━━━━━━━┳━━━━━━━━━━┳━━━━━━━━━┳━━━━━━━━━━━━┳━━━━━━━━━━━┳━━━━━━━━━┳━━━━━━━━━┳━━━━━━━━━━┓
┃ Round ┃ Mean Acc ┃ Std Acc ┃ Honest Acc ┃ Comp. Acc ┃ Vacuity ┃ Entropy ┃ Strength ┃
┡━━━━━━━╇━━━━━━━━━━╇━━━━━━━━━╇━━━━━━━━━━━━╇━━━━━━━━━━━╇━━━━━━━━━╇━━━━━━━━━╇━━━━━━━━━━┩
│ 1     │ 0.2740   │ 0.1757  │ 0.2968     │ 0.0693    │ nan     │ nan     │ nan      │
│ 2     │ 0.6052   │ 0.1804  │ 0.6217     │ 0.4572    │ 0.4652  │ 1.6389  │ 753.28   │
│ 3     │ 0.6075   │ 0.2327  │ 0.6024     │ 0.6534    │ 0.5279  │ 1.7307  │ 678.48   │
│ 4     │ 0.5316   │ 0.2860  │ 0.5829     │ 0.0693    │ 0.4588  │ 1.5524  │ 231.72   │
│ 5     │ 0.5514   │ 0.3113  │ 0.6050     │ 0.0693    │ 0.4496  │ 1.5290  │ 213.56   │
│ 6     │ 0.5333   │ 0.3005  │ 0.5833     │ 0.0826    │ 0.4496  │ 1.5260  │ 268.80   │
│ 7     │ 0.5557   │ 0.3208  │ 0.6117     │ 0.0516    │ 0.4470  │ 1.5060  │ 527.27   │
│ 8     │ 0.6563   │ 0.2994  │ 0.7115     │ 0.1593    │ 0.4783  │ 1.5426  │ 139.28   │
│ 9     │ 0.5421   │ 0.2715  │ 0.5973     │ 0.0457    │ 0.4758  │ 1.5637  │ 107.16   │
│ 10    │ 0.5470   │ 0.2580  │ 0.5993     │ 0.0767    │ 0.4674  │ 1.5439  │ 418.48   │
│ 11    │ 0.6893   │ 0.2799  │ 0.7578     │ 0.0723    │ 0.4491  │ 1.5180  │ 315.81   │
│ 12    │ 0.6148   │ 0.3240  │ 0.6759     │ 0.0649    │ 0.4451  │ 1.5376  │ 427.94   │
│ 13    │ 0.6180   │ 0.3278  │ 0.6795     │ 0.0649    │ 0.4348  │ 1.5001  │ 378.35   │
│ 14    │ 0.6081   │ 0.3364  │ 0.6683     │ 0.0664    │ 0.4328  │ 1.4670  │ 499.13   │
│ 15    │ 0.6898   │ 0.3172  │ 0.7587     │ 0.0693    │ 0.4324  │ 1.4718  │ 399.26   │
│ 16    │ 0.6949   │ 0.3276  │ 0.7634     │ 0.0782    │ 0.4304  │ 1.4892  │ 318.10   │
│ 17    │ 0.7031   │ 0.3314  │ 0.7739     │ 0.0664    │ 0.4243  │ 1.4995  │ 714.66   │
│ 18    │ 0.7126   │ 0.3221  │ 0.7781     │ 0.1239    │ 0.4325  │ 1.4348  │ 196.38   │
│ 19    │ 0.7372   │ 0.2954  │ 0.7824     │ 0.3304    │ 0.4703  │ 1.4488  │ 100.83   │
│ 20    │ 0.7643   │ 0.2348  │ 0.8201     │ 0.2625    │ 0.4374  │ 1.4712  │ 440.30   │
│ 21    │ 0.7242   │ 0.3284  │ 0.7872     │ 0.1578    │ 0.4377  │ 1.4635  │ 495.84   │
│ 22    │ 0.5698   │ 0.4027  │ 0.5949     │ 0.3437    │ 0.4211  │ 1.4367  │ 132.45   │
│ 23    │ 0.3297   │ 0.3626  │ 0.3660     │ 0.0029    │ 0.4481  │ 1.3498  │ 138.15   │
│ 24    │ 0.2561   │ 0.2767  │ 0.2842     │ 0.0029    │ 0.3428  │ 1.2256  │ 47.57    │
│ 25    │ 0.1483   │ 0.1187  │ 0.1645     │ 0.0029    │ 0.3219  │ 1.2852  │ 331.65   │
│ 26    │ 0.1502   │ 0.1209  │ 0.1161     │ 0.4572    │ 0.2597  │ 1.2183  │ 238.13   │
│ 27    │ 0.1158   │ 0.0772  │ 0.1208     │ 0.0708    │ 0.2581  │ 1.3094  │ 671.85   │
│ 28    │ 0.1612   │ 0.0822  │ 0.1516     │ 0.2478    │ 0.2460  │ 1.3243  │ 543.88   │
│ 29    │ 0.1592   │ 0.0909  │ 0.1532     │ 0.2139    │ 0.2566  │ 1.2768  │ 499.18   │
│ 30    │ 0.1892   │ 0.1326  │ 0.1594     │ 0.4572    │ 0.2650  │ 1.2866  │ 558.80   │
│ 31    │ 0.1405   │ 0.1146  │ 0.1063     │ 0.4484    │ 0.3514  │ 1.3408  │ 454.02   │
│ 32    │ 0.1638   │ 0.0979  │ 0.1437     │ 0.3451    │ 0.3554  │ 1.3088  │ 510.26   │
│ 33    │ 0.1675   │ 0.1076  │ 0.1507     │ 0.3186    │ 0.3238  │ 1.2562  │ 201.09   │
│ 34    │ 0.2285   │ 0.1477  │ 0.2178     │ 0.3245    │ 0.3117  │ 1.2181  │ 244.03   │
│ 35    │ 0.1449   │ 0.1392  │ 0.1294     │ 0.2847    │ 0.2946  │ 1.1828  │ 273.35   │
│ 36    │ 0.2058   │ 0.2503  │ 0.2228     │ 0.0531    │ 0.3286  │ 1.2621  │ 542.67   │
│ 37    │ 0.1266   │ 0.1082  │ 0.1236     │ 0.1534    │ 0.2978  │ 1.2781  │ 286.73   │
│ 38    │ 0.1154   │ 0.1112  │ 0.1260     │ 0.0206    │ 0.3082  │ 1.2224  │ 379.98   │
│ 39    │ 0.1023   │ 0.0833  │ 0.1038     │ 0.0885    │ 0.2972  │ 1.2366  │ 485.06   │
│ 40    │ 0.1095   │ 0.0618  │ 0.0966     │ 0.2257    │ 0.3215  │ 1.2198  │ 223.06   │
│ 41    │ 0.1243   │ 0.0959  │ 0.0964     │ 0.3746    │ 0.2536  │ 1.1584  │ 313.83   │
│ 42    │ 0.1269   │ 0.1340  │ 0.1254     │ 0.1401    │ 0.2010  │ 1.2714  │ 535.88   │
│ 43    │ 0.2212   │ 0.1344  │ 0.1961     │ 0.4469    │ 0.1281  │ 1.2435  │ 578.56   │
│ 44    │ 0.2434   │ 0.1516  │ 0.2227     │ 0.4292    │ 0.0868  │ 1.2319  │ 746.46   │
│ 45    │ 0.2197   │ 0.1548  │ 0.2253     │ 0.1696    │ 0.0811  │ 1.1255  │ 808.71   │
│ 46    │ 0.2980   │ 0.1663  │ 0.2996     │ 0.2832    │ 0.0714  │ 1.1584  │ 447.60   │
│ 47    │ 0.2802   │ 0.1743  │ 0.2791     │ 0.2906    │ 0.0742  │ 1.1024  │ 895.94   │
│ 48    │ 0.3142   │ 0.1664  │ 0.3009     │ 0.4336    │ 0.0716  │ 1.0977  │ 684.68   │
│ 49    │ 0.3097   │ 0.1397  │ 0.2943     │ 0.4484    │ 0.0768  │ 1.1038  │ 425.04   │
│ 50    │ 0.3214   │ 0.1617  │ 0.3196     │ 0.3378    │ 0.0764  │ 1.1357  │ 999.49   │
└───────┴──────────┴─────────┴────────────┴───────────┴─────────┴─────────┴──────────┘

Uncertainty Metrics:
  • Vacuity: epistemic uncertainty — lower is more confident
  • Entropy: aleatoric uncertainty — lower is more decisive
  • Strength: Dirichlet strength — higher means more evidence
Results written → /DataVol/projects/murmura/experiments/paper/dmtt/exp1_main_comparison/results/C3-DMTT-byz10-s42.parquet

✓ Distributed training complete
