Loading config: /DataVol/projects/murmura/experiments/paper/dmtt/exp1_main_comparison/dyn_krum/dyn_krum_byz10_s42.yaml

Experiment: DynKrum-byz10-s42
  Backend:    distributed (ZMQ IPC)
  Rounds:     50
  Topology:   fully (10 nodes)
  Aggregation:krum
  Attack: topology_liar (10% nodes)

Launching distributed processes…

Gaussian Attack: Compromised 1/10 nodes
  Compromised nodes: [1]
  Noise std: 10.0
[DistributedRunner] run_id=484cb004  t_start=986880.667  (startup_grace=5.0s)
[Monitor] Round 1 (10/10 nodes): acc=0.5399 ± 0.2823
[Monitor]   Honest: 0.5704  Compromised: 0.2655
[Monitor] Round 2 (10/10 nodes): acc=0.6783 ± 0.1934
[Monitor]   Honest: 0.7242  Compromised: 0.2655
[Monitor] Round 3 (10/10 nodes): acc=0.7123 ± 0.2003
[Monitor]   Honest: 0.7619  Compromised: 0.2655
[Monitor] Round 4 (10/10 nodes): acc=0.7268 ± 0.1888
[Monitor]   Honest: 0.7781  Compromised: 0.2655
[Monitor] Round 5 (10/10 nodes): acc=0.7450 ± 0.1976
[Monitor]   Honest: 0.7983  Compromised: 0.2655
[Monitor] Round 6 (10/10 nodes): acc=0.7821 ± 0.1883
[Monitor]   Honest: 0.8395  Compromised: 0.2655
[Monitor] Round 7 (10/10 nodes): acc=0.7848 ± 0.1887
[Monitor]   Honest: 0.8425  Compromised: 0.2655
[Monitor] Round 8 (10/10 nodes): acc=0.7853 ± 0.1889
[Monitor]   Honest: 0.8431  Compromised: 0.2655
[Monitor] Round 9 (10/10 nodes): acc=0.7883 ± 0.1880
[Monitor]   Honest: 0.8464  Compromised: 0.2655
[Monitor] Round 10 (10/10 nodes): acc=0.7884 ± 0.1878
[Monitor]   Honest: 0.8465  Compromised: 0.2655
[Monitor] Round 11 (10/10 nodes): acc=0.7682 ± 0.2043
[Monitor]   Honest: 0.8241  Compromised: 0.2655
[Monitor] Round 12 (10/10 nodes): acc=0.7307 ± 0.2259
[Monitor]   Honest: 0.7824  Compromised: 0.2655
[Monitor] Round 13 (10/10 nodes): acc=0.6862 ± 0.2318
[Monitor]   Honest: 0.7330  Compromised: 0.2655
[Monitor] Round 14 (10/10 nodes): acc=0.7111 ± 0.2130
[Monitor]   Honest: 0.7606  Compromised: 0.2655
[Monitor] Round 15 (10/10 nodes): acc=0.7153 ± 0.2123
[Monitor]   Honest: 0.7653  Compromised: 0.2655
[Monitor] Round 16 (10/10 nodes): acc=0.7550 ± 0.2124
[Monitor]   Honest: 0.8094  Compromised: 0.2655
[Monitor] Round 17 (10/10 nodes): acc=0.7555 ± 0.1995
[Monitor]   Honest: 0.8099  Compromised: 0.2655
[Monitor] Round 18 (10/10 nodes): acc=0.7731 ± 0.2121
[Monitor]   Honest: 0.8295  Compromised: 0.2655
[Monitor] Round 19 (10/10 nodes): acc=0.7039 ± 0.2599
[Monitor]   Honest: 0.7526  Compromised: 0.2655
[Monitor] Round 20 (10/10 nodes): acc=0.7120 ± 0.2625
[Monitor]   Honest: 0.7617  Compromised: 0.2655
[Monitor] Round 21 (10/10 nodes): acc=0.6831 ± 0.2396
[Monitor]   Honest: 0.7295  Compromised: 0.2655
[Monitor] Round 22 (10/10 nodes): acc=0.6933 ± 0.2475
[Monitor]   Honest: 0.7408  Compromised: 0.2655
[Monitor] Round 23 (10/10 nodes): acc=0.6991 ± 0.2469
[Monitor]   Honest: 0.7473  Compromised: 0.2655
[Monitor] Round 24 (10/10 nodes): acc=0.7074 ± 0.2331
[Monitor]   Honest: 0.7565  Compromised: 0.2655
[Monitor] Round 25 (10/10 nodes): acc=0.7005 ± 0.2177
[Monitor]   Honest: 0.7488  Compromised: 0.2655
[Monitor] Round 26 (10/10 nodes): acc=0.7725 ± 0.2006
[Monitor]   Honest: 0.8288  Compromised: 0.2655
[Monitor] Round 27 (10/10 nodes): acc=0.8193 ± 0.1985
[Monitor]   Honest: 0.8808  Compromised: 0.2655
[Monitor] Round 28 (10/10 nodes): acc=0.8311 ± 0.2003
[Monitor]   Honest: 0.8939  Compromised: 0.2655
[Monitor] Round 29 (10/10 nodes): acc=0.8399 ± 0.2008
[Monitor]   Honest: 0.9037  Compromised: 0.2655
[Monitor] Round 30 (10/10 nodes): acc=0.8592 ± 0.2016
[Monitor]   Honest: 0.9252  Compromised: 0.2655
[Monitor] Round 31 (10/10 nodes): acc=0.8315 ± 0.2205
[Monitor]   Honest: 0.8943  Compromised: 0.2655
[Monitor] Round 32 (10/10 nodes): acc=0.7710 ± 0.2675
[Monitor]   Honest: 0.8271  Compromised: 0.2655
[Monitor] Round 33 (10/10 nodes): acc=0.7758 ± 0.2614
[Monitor]   Honest: 0.8325  Compromised: 0.2655
[Monitor] Round 34 (10/10 nodes): acc=0.7881 ± 0.2528
[Monitor]   Honest: 0.8462  Compromised: 0.2655
[Monitor] Round 35 (10/10 nodes): acc=0.7801 ± 0.2325
[Monitor]   Honest: 0.8372  Compromised: 0.2655
[Monitor] Round 36 (10/10 nodes): acc=0.7856 ± 0.2423
[Monitor]   Honest: 0.8434  Compromised: 0.2655
[Monitor] Round 37 (10/10 nodes): acc=0.7535 ± 0.2649
[Monitor]   Honest: 0.8077  Compromised: 0.2655
[Monitor] Round 38 (10/10 nodes): acc=0.7271 ± 0.2948
[Monitor]   Honest: 0.7784  Compromised: 0.2655
[Monitor] Round 39 (10/10 nodes): acc=0.7561 ± 0.2671
[Monitor]   Honest: 0.8106  Compromised: 0.2655
[Monitor] Round 40 (10/10 nodes): acc=0.8439 ± 0.1595
[Monitor]   Honest: 0.8654  Compromised: 0.6504
[Monitor] Round 41 (10/10 nodes): acc=0.8738 ± 0.1354
[Monitor]   Honest: 0.8987  Compromised: 0.6504
[Monitor] Round 42 (10/10 nodes): acc=0.8878 ± 0.1335
[Monitor]   Honest: 0.9142  Compromised: 0.6504
[Monitor] Round 43 (10/10 nodes): acc=0.8756 ± 0.1570
[Monitor]   Honest: 0.9006  Compromised: 0.6504
[Monitor] Round 44 (10/10 nodes): acc=0.8888 ± 0.1261
[Monitor]   Honest: 0.9152  Compromised: 0.6504
[Monitor] Round 45 (10/10 nodes): acc=0.8936 ± 0.1242
[Monitor]   Honest: 0.9207  Compromised: 0.6504
[Monitor] Round 46 (10/10 nodes): acc=0.9173 ± 0.0972
[Monitor]   Honest: 0.9469  Compromised: 0.6504
[Monitor] Round 47 (10/10 nodes): acc=0.9112 ± 0.0986
[Monitor]   Honest: 0.9402  Compromised: 0.6504
[Monitor] Round 48 (10/10 nodes): acc=0.9024 ± 0.1025
[Monitor]   Honest: 0.9304  Compromised: 0.6504
[Monitor] Round 49 (10/10 nodes): acc=0.8941 ± 0.1099
[Monitor]   Honest: 0.9212  Compromised: 0.6504
Gaussian Attack: Compromised 1/10 nodes
  Compromised nodes: [1]
  Noise std: 10.0
Gaussian Attack: Compromised 1/10 nodes
  Compromised nodes: [1]
  Noise std: 10.0
Gaussian Attack: Compromised 1/10 nodes
  Compromised nodes: [1]
  Noise std: 10.0
Gaussian Attack: Compromised 1/10 nodes
  Compromised nodes: [1]
  Noise std: 10.0
Gaussian Attack: Compromised 1/10 nodes
  Compromised nodes: [1]
  Noise std: 10.0
Gaussian Attack: Compromised 1/10 nodes
  Compromised nodes: [1]
  Noise std: 10.0
Gaussian Attack: Compromised 1/10 nodes
  Compromised nodes: [1]
  Noise std: 10.0
Gaussian Attack: Compromised 1/10 nodes
  Compromised nodes: [1]
  Noise std: 10.0
Gaussian Attack: Compromised 1/10 nodes
  Compromised nodes: [1]
  Noise std: 10.0
[Monitor] Round 50 (10/10 nodes): acc=0.9089 ± 0.0976
[Monitor]   Honest: 0.9376  Compromised: 0.6504
Gaussian Attack: Compromised 1/10 nodes
  Compromised nodes: [1]
  Noise std: 10.0
                                   Training Results                                   
┏━━━━━━━┳━━━━━━━━━━┳━━━━━━━━━┳━━━━━━━━━━━━┳━━━━━━━━━━━┳━━━━━━━━━┳━━━━━━━━━┳━━━━━━━━━━┓
┃ Round ┃ Mean Acc ┃ Std Acc ┃ Honest Acc ┃ Comp. Acc ┃ Vacuity ┃ Entropy ┃ Strength ┃
┡━━━━━━━╇━━━━━━━━━━╇━━━━━━━━━╇━━━━━━━━━━━━╇━━━━━━━━━━━╇━━━━━━━━━╇━━━━━━━━━╇━━━━━━━━━━┩
│ 1     │ 0.5399   │ 0.2823  │ 0.5704     │ 0.2655    │ 0.5781  │ 1.7832  │ 10.39    │
│ 2     │ 0.6783   │ 0.1934  │ 0.7242     │ 0.2655    │ 0.5622  │ 1.7617  │ 10.70    │
│ 3     │ 0.7123   │ 0.2003  │ 0.7619     │ 0.2655    │ 0.5526  │ 1.7434  │ 10.90    │
│ 4     │ 0.7268   │ 0.1888  │ 0.7781     │ 0.2655    │ 0.5427  │ 1.7252  │ 11.11    │
│ 5     │ 0.7450   │ 0.1976  │ 0.7983     │ 0.2655    │ 0.5375  │ 1.7100  │ 11.24    │
│ 6     │ 0.7821   │ 0.1883  │ 0.8395     │ 0.2655    │ 0.5303  │ 1.6881  │ 11.41    │
│ 7     │ 0.7848   │ 0.1887  │ 0.8425     │ 0.2655    │ 0.5234  │ 1.6672  │ 11.58    │
│ 8     │ 0.7853   │ 0.1889  │ 0.8431     │ 0.2655    │ 0.5175  │ 1.6484  │ 11.73    │
│ 9     │ 0.7883   │ 0.1880  │ 0.8464     │ 0.2655    │ 0.5119  │ 1.6296  │ 11.87    │
│ 10    │ 0.7884   │ 0.1878  │ 0.8465     │ 0.2655    │ 0.5061  │ 1.6091  │ 12.04    │
│ 11    │ 0.7682   │ 0.2043  │ 0.8241     │ 0.2655    │ 0.5071  │ 1.6052  │ 12.02    │
│ 12    │ 0.7307   │ 0.2259  │ 0.7824     │ 0.2655    │ 0.5082  │ 1.6088  │ 11.99    │
│ 13    │ 0.6862   │ 0.2318  │ 0.7330     │ 0.2655    │ 0.5038  │ 1.5920  │ 12.14    │
│ 14    │ 0.7111   │ 0.2130  │ 0.7606     │ 0.2655    │ 0.5054  │ 1.5907  │ 12.12    │
│ 15    │ 0.7153   │ 0.2123  │ 0.7653     │ 0.2655    │ 0.5047  │ 1.5881  │ 12.14    │
│ 16    │ 0.7550   │ 0.2124  │ 0.8094     │ 0.2655    │ 0.5032  │ 1.5799  │ 12.20    │
│ 17    │ 0.7555   │ 0.1995  │ 0.8099     │ 0.2655    │ 0.4996  │ 1.5686  │ 12.31    │
│ 18    │ 0.7731   │ 0.2121  │ 0.8295     │ 0.2655    │ 0.4975  │ 1.5582  │ 12.37    │
│ 19    │ 0.7039   │ 0.2599  │ 0.7526     │ 0.2655    │ 0.4968  │ 1.5448  │ 12.45    │
│ 20    │ 0.7120   │ 0.2625  │ 0.7617     │ 0.2655    │ 0.5025  │ 1.5567  │ 12.32    │
│ 21    │ 0.6831   │ 0.2396  │ 0.7295     │ 0.2655    │ 0.4980  │ 1.5441  │ 12.43    │
│ 22    │ 0.6933   │ 0.2475  │ 0.7408     │ 0.2655    │ 0.4984  │ 1.5402  │ 12.46    │
│ 23    │ 0.6991   │ 0.2469  │ 0.7473     │ 0.2655    │ 0.4980  │ 1.5358  │ 12.49    │
│ 24    │ 0.7074   │ 0.2331  │ 0.7565     │ 0.2655    │ 0.4947  │ 1.5219  │ 12.62    │
│ 25    │ 0.7005   │ 0.2177  │ 0.7488     │ 0.2655    │ 0.5016  │ 1.5336  │ 12.47    │
│ 26    │ 0.7725   │ 0.2006  │ 0.8288     │ 0.2655    │ 0.4975  │ 1.5206  │ 12.61    │
│ 27    │ 0.8193   │ 0.1985  │ 0.8808     │ 0.2655    │ 0.4967  │ 1.5143  │ 12.63    │
│ 28    │ 0.8311   │ 0.2003  │ 0.8939     │ 0.2655    │ 0.4895  │ 1.4944  │ 12.88    │
│ 29    │ 0.8399   │ 0.2008  │ 0.9037     │ 0.2655    │ 0.4926  │ 1.5017  │ 12.79    │
│ 30    │ 0.8592   │ 0.2016  │ 0.9252     │ 0.2655    │ 0.4887  │ 1.4891  │ 12.92    │
│ 31    │ 0.8315   │ 0.2205  │ 0.8943     │ 0.2655    │ 0.4865  │ 1.4793  │ 12.95    │
│ 32    │ 0.7710   │ 0.2675  │ 0.8271     │ 0.2655    │ 0.4847  │ 1.4692  │ 13.09    │
│ 33    │ 0.7758   │ 0.2614  │ 0.8325     │ 0.2655    │ 0.4818  │ 1.4603  │ 13.14    │
│ 34    │ 0.7881   │ 0.2528  │ 0.8462     │ 0.2655    │ 0.4779  │ 1.4487  │ 13.26    │
│ 35    │ 0.7801   │ 0.2325  │ 0.8372     │ 0.2655    │ 0.4845  │ 1.4627  │ 13.05    │
│ 36    │ 0.7856   │ 0.2423  │ 0.8434     │ 0.2655    │ 0.4777  │ 1.4460  │ 13.30    │
│ 37    │ 0.7535   │ 0.2649  │ 0.8077     │ 0.2655    │ 0.4872  │ 1.4691  │ 13.02    │
│ 38    │ 0.7271   │ 0.2948  │ 0.7784     │ 0.2655    │ 0.4841  │ 1.4657  │ 13.16    │
│ 39    │ 0.7561   │ 0.2671  │ 0.8106     │ 0.2655    │ 0.4887  │ 1.4757  │ 13.04    │
│ 40    │ 0.8439   │ 0.1595  │ 0.8654     │ 0.6504    │ 0.4782  │ 1.4462  │ 13.27    │
│ 41    │ 0.8738   │ 0.1354  │ 0.8987     │ 0.6504    │ 0.4718  │ 1.4264  │ 13.44    │
│ 42    │ 0.8878   │ 0.1335  │ 0.9142     │ 0.6504    │ 0.4702  │ 1.4207  │ 13.48    │
│ 43    │ 0.8756   │ 0.1570  │ 0.9006     │ 0.6504    │ 0.4652  │ 1.4099  │ 13.61    │
│ 44    │ 0.8888   │ 0.1261  │ 0.9152     │ 0.6504    │ 0.4668  │ 1.4070  │ 13.64    │
│ 45    │ 0.8936   │ 0.1242  │ 0.9207     │ 0.6504    │ 0.4625  │ 1.3978  │ 13.76    │
│ 46    │ 0.9173   │ 0.0972  │ 0.9469     │ 0.6504    │ 0.4582  │ 1.3862  │ 13.89    │
│ 47    │ 0.9112   │ 0.0986  │ 0.9402     │ 0.6504    │ 0.4573  │ 1.3833  │ 13.92    │
│ 48    │ 0.9024   │ 0.1025  │ 0.9304     │ 0.6504    │ 0.4632  │ 1.3958  │ 13.75    │
│ 49    │ 0.8941   │ 0.1099  │ 0.9212     │ 0.6504    │ 0.4631  │ 1.3982  │ 13.75    │
│ 50    │ 0.9089   │ 0.0976  │ 0.9376     │ 0.6504    │ 0.4526  │ 1.3802  │ 14.04    │
└───────┴──────────┴─────────┴────────────┴───────────┴─────────┴─────────┴──────────┘

Uncertainty Metrics:
  • Vacuity: epistemic uncertainty — lower is more confident
  • Entropy: aleatoric uncertainty — lower is more decisive
  • Strength: Dirichlet strength — higher means more evidence
Results written → /DataVol/projects/murmura/experiments/paper/dmtt/exp1_main_comparison/results/DynKrum-byz10-s42.parquet

✓ Distributed training complete
