Loading config: /DataVol/projects/murmura/experiments/paper/dmtt/exp1_main_comparison/dyn_krum/dyn_krum_byz10_s123.yaml

Experiment: DynKrum-byz10-s123
  Backend:    distributed (ZMQ IPC)
  Rounds:     50
  Topology:   fully (10 nodes)
  Aggregation:krum
  Attack: topology_liar (10% nodes)

Launching distributed processes…

Gaussian Attack: Compromised 1/10 nodes
  Compromised nodes: [0]
  Noise std: 10.0
[DistributedRunner] run_id=011e44f2  t_start=985402.580  (startup_grace=5.0s)
[Monitor] Round 1 (10/10 nodes): acc=0.5814 ± 0.1512
[Monitor]   Honest: 0.5993  Compromised: 0.4200
[Monitor] Round 2 (10/10 nodes): acc=0.6878 ± 0.2321
[Monitor]   Honest: 0.7176  Compromised: 0.4200
[Monitor] Round 3 (10/10 nodes): acc=0.6710 ± 0.2420
[Monitor]   Honest: 0.6989  Compromised: 0.4200
[Monitor] Round 4 (10/10 nodes): acc=0.7546 ± 0.1824
[Monitor]   Honest: 0.7918  Compromised: 0.4200
[Monitor] Round 5 (10/10 nodes): acc=0.7631 ± 0.1691
[Monitor]   Honest: 0.8012  Compromised: 0.4200
[Monitor] Round 6 (10/10 nodes): acc=0.7981 ± 0.1431
[Monitor]   Honest: 0.8402  Compromised: 0.4200
[Monitor] Round 7 (10/10 nodes): acc=0.8113 ± 0.1426
[Monitor]   Honest: 0.8548  Compromised: 0.4200
[Monitor] Round 8 (10/10 nodes): acc=0.8006 ± 0.1538
[Monitor]   Honest: 0.8429  Compromised: 0.4200
[Monitor] Round 9 (10/10 nodes): acc=0.8081 ± 0.1602
[Monitor]   Honest: 0.8512  Compromised: 0.4200
[Monitor] Round 10 (10/10 nodes): acc=0.8126 ± 0.1610
[Monitor]   Honest: 0.8562  Compromised: 0.4200
[Monitor] Round 11 (10/10 nodes): acc=0.7733 ± 0.1838
[Monitor]   Honest: 0.8125  Compromised: 0.4200
[Monitor] Round 12 (10/10 nodes): acc=0.7423 ± 0.1842
[Monitor]   Honest: 0.7781  Compromised: 0.4200
[Monitor] Round 13 (10/10 nodes): acc=0.7099 ± 0.2243
[Monitor]   Honest: 0.7421  Compromised: 0.4200
[Monitor] Round 14 (10/10 nodes): acc=0.6981 ± 0.2024
[Monitor]   Honest: 0.7290  Compromised: 0.4200
[Monitor] Round 15 (10/10 nodes): acc=0.6908 ± 0.1858
[Monitor]   Honest: 0.7209  Compromised: 0.4200
[Monitor] Round 16 (10/10 nodes): acc=0.7148 ± 0.2211
[Monitor]   Honest: 0.7476  Compromised: 0.4200
[Monitor] Round 17 (10/10 nodes): acc=0.7765 ± 0.2087
[Monitor]   Honest: 0.8161  Compromised: 0.4200
[Monitor] Round 18 (10/10 nodes): acc=0.8004 ± 0.2011
[Monitor]   Honest: 0.8426  Compromised: 0.4200
[Monitor] Round 19 (10/10 nodes): acc=0.8002 ± 0.1900
[Monitor]   Honest: 0.8424  Compromised: 0.4200
[Monitor] Round 20 (10/10 nodes): acc=0.8428 ± 0.1572
[Monitor]   Honest: 0.8897  Compromised: 0.4200
[Monitor] Round 21 (10/10 nodes): acc=0.7936 ± 0.1802
[Monitor]   Honest: 0.8351  Compromised: 0.4200
[Monitor] Round 22 (10/10 nodes): acc=0.7930 ± 0.1841
[Monitor]   Honest: 0.8345  Compromised: 0.4200
[Monitor] Round 23 (10/10 nodes): acc=0.7985 ± 0.1792
[Monitor]   Honest: 0.8405  Compromised: 0.4200
[Monitor] Round 24 (10/10 nodes): acc=0.8117 ± 0.1850
[Monitor]   Honest: 0.8552  Compromised: 0.4200
[Monitor] Round 25 (10/10 nodes): acc=0.8207 ± 0.1781
[Monitor]   Honest: 0.8653  Compromised: 0.4200
[Monitor] Round 26 (10/10 nodes): acc=0.8368 ± 0.1648
[Monitor]   Honest: 0.8831  Compromised: 0.4200
[Monitor] Round 27 (10/10 nodes): acc=0.8408 ± 0.1644
[Monitor]   Honest: 0.8875  Compromised: 0.4200
[Monitor] Round 28 (10/10 nodes): acc=0.8470 ± 0.1596
[Monitor]   Honest: 0.8944  Compromised: 0.4200
[Monitor] Round 29 (10/10 nodes): acc=0.8419 ± 0.1642
[Monitor]   Honest: 0.8887  Compromised: 0.4200
[Monitor] Round 30 (10/10 nodes): acc=0.8639 ± 0.1596
[Monitor]   Honest: 0.9132  Compromised: 0.4200
[Monitor] Round 31 (10/10 nodes): acc=0.8777 ± 0.1581
[Monitor]   Honest: 0.9286  Compromised: 0.4200
[Monitor] Round 32 (10/10 nodes): acc=0.8220 ± 0.2810
[Monitor]   Honest: 0.9126  Compromised: 0.0072
[Monitor] Round 33 (10/10 nodes): acc=0.7755 ± 0.2976
[Monitor]   Honest: 0.8609  Compromised: 0.0072
[Monitor] Round 34 (10/10 nodes): acc=0.8085 ± 0.2804
[Monitor]   Honest: 0.8976  Compromised: 0.0072
[Monitor] Round 35 (10/10 nodes): acc=0.7862 ± 0.2902
[Monitor]   Honest: 0.8727  Compromised: 0.0072
[Monitor] Round 36 (10/10 nodes): acc=0.7997 ± 0.2875
[Monitor]   Honest: 0.8878  Compromised: 0.0072
[Monitor] Round 37 (10/10 nodes): acc=0.7959 ± 0.2831
[Monitor]   Honest: 0.8836  Compromised: 0.0072
[Monitor] Round 38 (10/10 nodes): acc=0.7789 ± 0.2775
[Monitor]   Honest: 0.8647  Compromised: 0.0072
[Monitor] Round 39 (10/10 nodes): acc=0.7585 ± 0.2887
[Monitor]   Honest: 0.8419  Compromised: 0.0072
[Monitor] Round 40 (10/10 nodes): acc=0.7975 ± 0.2788
[Monitor]   Honest: 0.8854  Compromised: 0.0072
[Monitor] Round 41 (10/10 nodes): acc=0.8103 ± 0.2826
[Monitor]   Honest: 0.8995  Compromised: 0.0072
[Monitor] Round 42 (10/10 nodes): acc=0.8155 ± 0.2844
[Monitor]   Honest: 0.9053  Compromised: 0.0072
[Monitor] Round 43 (10/10 nodes): acc=0.8176 ± 0.2848
[Monitor]   Honest: 0.9076  Compromised: 0.0072
[Monitor] Round 44 (10/10 nodes): acc=0.8202 ± 0.2855
[Monitor]   Honest: 0.9106  Compromised: 0.0072
[Monitor] Round 45 (10/10 nodes): acc=0.8223 ± 0.2863
[Monitor]   Honest: 0.9129  Compromised: 0.0072
[Monitor] Round 46 (10/10 nodes): acc=0.8247 ± 0.2857
[Monitor]   Honest: 0.9156  Compromised: 0.0072
[Monitor] Round 47 (10/10 nodes): acc=0.7963 ± 0.2840
[Monitor]   Honest: 0.8840  Compromised: 0.0072
[Monitor] Round 48 (10/10 nodes): acc=0.8438 ± 0.2814
[Monitor]   Honest: 0.9367  Compromised: 0.0072
[Monitor] Round 49 (10/10 nodes): acc=0.8162 ± 0.2869
[Monitor]   Honest: 0.9061  Compromised: 0.0072
Gaussian Attack: Compromised 1/10 nodes
  Compromised nodes: [0]
  Noise std: 10.0
Gaussian Attack: Compromised 1/10 nodes
  Compromised nodes: [0]
  Noise std: 10.0
Gaussian Attack: Compromised 1/10 nodes
  Compromised nodes: [0]
  Noise std: 10.0
Gaussian Attack: Compromised 1/10 nodes
  Compromised nodes: [0]
  Noise std: 10.0
Gaussian Attack: Compromised 1/10 nodes
  Compromised nodes: [0]
  Noise std: 10.0
Gaussian Attack: Compromised 1/10 nodes
  Compromised nodes: [0]
  Noise std: 10.0
Gaussian Attack: Compromised 1/10 nodes
  Compromised nodes: [0]
  Noise std: 10.0
Gaussian Attack: Compromised 1/10 nodes
  Compromised nodes: [0]
  Noise std: 10.0
Gaussian Attack: Compromised 1/10 nodes
  Compromised nodes: [0]
  Noise std: 10.0
[Monitor] Round 50 (10/10 nodes): acc=0.8490 ± 0.2831
[Monitor]   Honest: 0.9425  Compromised: 0.0072
Gaussian Attack: Compromised 1/10 nodes
  Compromised nodes: [0]
  Noise std: 10.0
                                   Training Results                                   
┏━━━━━━━┳━━━━━━━━━━┳━━━━━━━━━┳━━━━━━━━━━━━┳━━━━━━━━━━━┳━━━━━━━━━┳━━━━━━━━━┳━━━━━━━━━━┓
┃ Round ┃ Mean Acc ┃ Std Acc ┃ Honest Acc ┃ Comp. Acc ┃ Vacuity ┃ Entropy ┃ Strength ┃
┡━━━━━━━╇━━━━━━━━━━╇━━━━━━━━━╇━━━━━━━━━━━━╇━━━━━━━━━━━╇━━━━━━━━━╇━━━━━━━━━╇━━━━━━━━━━┩
│ 1     │ 0.5814   │ 0.1512  │ 0.5993     │ 0.4200    │ 0.5840  │ 1.7858  │ 10.29    │
│ 2     │ 0.6878   │ 0.2321  │ 0.7176     │ 0.4200    │ 0.5684  │ 1.7662  │ 10.58    │
│ 3     │ 0.6710   │ 0.2420  │ 0.6989     │ 0.4200    │ 0.5654  │ 1.7596  │ 10.65    │
│ 4     │ 0.7546   │ 0.1824  │ 0.7918     │ 0.4200    │ 0.5562  │ 1.7419  │ 10.84    │
│ 5     │ 0.7631   │ 0.1691  │ 0.8012     │ 0.4200    │ 0.5472  │ 1.7210  │ 11.04    │
│ 6     │ 0.7981   │ 0.1431  │ 0.8402     │ 0.4200    │ 0.5392  │ 1.6983  │ 11.23    │
│ 7     │ 0.8113   │ 0.1426  │ 0.8548     │ 0.4200    │ 0.5322  │ 1.6778  │ 11.39    │
│ 8     │ 0.8006   │ 0.1538  │ 0.8429     │ 0.4200    │ 0.5268  │ 1.6666  │ 11.53    │
│ 9     │ 0.8081   │ 0.1602  │ 0.8512     │ 0.4200    │ 0.5219  │ 1.6500  │ 11.65    │
│ 10    │ 0.8126   │ 0.1610  │ 0.8562     │ 0.4200    │ 0.5173  │ 1.6331  │ 11.78    │
│ 11    │ 0.7733   │ 0.1838  │ 0.8125     │ 0.4200    │ 0.5214  │ 1.6409  │ 11.70    │
│ 12    │ 0.7423   │ 0.1842  │ 0.7781     │ 0.4200    │ 0.5294  │ 1.6634  │ 11.43    │
│ 13    │ 0.7099   │ 0.2243  │ 0.7421     │ 0.4200    │ 0.5325  │ 1.6687  │ 11.35    │
│ 14    │ 0.6981   │ 0.2024  │ 0.7290     │ 0.4200    │ 0.5311  │ 1.6606  │ 11.39    │
│ 15    │ 0.6908   │ 0.1858  │ 0.7209     │ 0.4200    │ 0.5302  │ 1.6511  │ 11.45    │
│ 16    │ 0.7148   │ 0.2211  │ 0.7476     │ 0.4200    │ 0.5214  │ 1.6259  │ 11.70    │
│ 17    │ 0.7765   │ 0.2087  │ 0.8161     │ 0.4200    │ 0.5146  │ 1.6036  │ 11.90    │
│ 18    │ 0.8004   │ 0.2011  │ 0.8426     │ 0.4200    │ 0.5084  │ 1.5835  │ 12.09    │
│ 19    │ 0.8002   │ 0.1900  │ 0.8424     │ 0.4200    │ 0.5021  │ 1.5522  │ 12.58    │
│ 20    │ 0.8428   │ 0.1572  │ 0.8897     │ 0.4200    │ 0.5103  │ 1.5739  │ 12.03    │
│ 21    │ 0.7936   │ 0.1802  │ 0.8351     │ 0.4200    │ 0.4970  │ 1.5413  │ 12.39    │
│ 22    │ 0.7930   │ 0.1841  │ 0.8345     │ 0.4200    │ 0.5004  │ 1.5432  │ 12.36    │
│ 23    │ 0.7985   │ 0.1792  │ 0.8405     │ 0.4200    │ 0.4970  │ 1.5290  │ 12.51    │
│ 24    │ 0.8117   │ 0.1850  │ 0.8552     │ 0.4200    │ 0.4959  │ 1.5352  │ 12.42    │
│ 25    │ 0.8207   │ 0.1781  │ 0.8653     │ 0.4200    │ 0.4993  │ 1.5443  │ 12.32    │
│ 26    │ 0.8368   │ 0.1648  │ 0.8831     │ 0.4200    │ 0.4964  │ 1.5306  │ 12.43    │
│ 27    │ 0.8408   │ 0.1644  │ 0.8875     │ 0.4200    │ 0.4975  │ 1.5304  │ 12.37    │
│ 28    │ 0.8470   │ 0.1596  │ 0.8944     │ 0.4200    │ 0.4907  │ 1.5090  │ 12.61    │
│ 29    │ 0.8419   │ 0.1642  │ 0.8887     │ 0.4200    │ 0.4874  │ 1.4990  │ 12.70    │
│ 30    │ 0.8639   │ 0.1596  │ 0.9132     │ 0.4200    │ 0.4923  │ 1.5037  │ 12.60    │
│ 31    │ 0.8777   │ 0.1581  │ 0.9286     │ 0.4200    │ 0.4892  │ 1.4931  │ 12.67    │
│ 32    │ 0.8220   │ 0.2810  │ 0.9126     │ 0.0072    │ 0.4761  │ 1.4549  │ 13.04    │
│ 33    │ 0.7755   │ 0.2976  │ 0.8609     │ 0.0072    │ 0.4786  │ 1.4655  │ 12.95    │
│ 34    │ 0.8085   │ 0.2804  │ 0.8976     │ 0.0072    │ 0.4796  │ 1.4619  │ 12.98    │
│ 35    │ 0.7862   │ 0.2902  │ 0.8727     │ 0.0072    │ 0.4791  │ 1.4591  │ 12.98    │
│ 36    │ 0.7997   │ 0.2875  │ 0.8878     │ 0.0072    │ 0.4733  │ 1.4542  │ 13.12    │
│ 37    │ 0.7959   │ 0.2831  │ 0.8836     │ 0.0072    │ 0.4788  │ 1.4587  │ 13.03    │
│ 38    │ 0.7789   │ 0.2775  │ 0.8647     │ 0.0072    │ 0.4718  │ 1.4412  │ 13.31    │
│ 39    │ 0.7585   │ 0.2887  │ 0.8419     │ 0.0072    │ 0.4733  │ 1.4495  │ 13.30    │
│ 40    │ 0.7975   │ 0.2788  │ 0.8854     │ 0.0072    │ 0.4742  │ 1.4483  │ 13.27    │
│ 41    │ 0.8103   │ 0.2826  │ 0.8995     │ 0.0072    │ 0.4762  │ 1.4521  │ 13.17    │
│ 42    │ 0.8155   │ 0.2844  │ 0.9053     │ 0.0072    │ 0.4734  │ 1.4409  │ 13.24    │
│ 43    │ 0.8176   │ 0.2848  │ 0.9076     │ 0.0072    │ 0.4693  │ 1.4273  │ 13.37    │
│ 44    │ 0.8202   │ 0.2855  │ 0.9106     │ 0.0072    │ 0.4655  │ 1.4154  │ 13.51    │
│ 45    │ 0.8223   │ 0.2863  │ 0.9129     │ 0.0072    │ 0.4628  │ 1.4074  │ 13.56    │
│ 46    │ 0.8247   │ 0.2857  │ 0.9156     │ 0.0072    │ 0.4584  │ 1.3948  │ 13.70    │
│ 47    │ 0.7963   │ 0.2840  │ 0.8840     │ 0.0072    │ 0.4654  │ 1.4111  │ 13.36    │
│ 48    │ 0.8438   │ 0.2814  │ 0.9367     │ 0.0072    │ 0.4603  │ 1.3997  │ 13.50    │
│ 49    │ 0.8162   │ 0.2869  │ 0.9061     │ 0.0072    │ 0.4657  │ 1.4116  │ 13.30    │
│ 50    │ 0.8490   │ 0.2831  │ 0.9425     │ 0.0072    │ 0.4648  │ 1.4161  │ 13.30    │
└───────┴──────────┴─────────┴────────────┴───────────┴─────────┴─────────┴──────────┘

Uncertainty Metrics:
  • Vacuity: epistemic uncertainty — lower is more confident
  • Entropy: aleatoric uncertainty — lower is more decisive
  • Strength: Dirichlet strength — higher means more evidence
Results written → /DataVol/projects/murmura/experiments/paper/dmtt/exp1_main_comparison/results/DynKrum-byz10-s123.parquet

✓ Distributed training complete
