Loading config: /DataVol/projects/murmura/experiments/paper/dmtt/exp1_main_comparison/dyn_balance/dyn_balance_byz10_s42.yaml

Experiment: DynBALANCE-byz10-s42
  Backend:    distributed (ZMQ IPC)
  Rounds:     50
  Topology:   fully (10 nodes)
  Aggregation:balance
  Attack: topology_liar (10% nodes)

Launching distributed processes…

Gaussian Attack: Compromised 1/10 nodes
  Compromised nodes: [1]
  Noise std: 10.0
[DistributedRunner] run_id=263beaff  t_start=1000184.042  (startup_grace=5.0s)
[Monitor] Round 1 (10/10 nodes): acc=0.3001 ± 0.1886
[Monitor]   Honest: 0.3257  Compromised: 0.0693
[Monitor] Round 2 (10/10 nodes): acc=0.5389 ± 0.2393
[Monitor]   Honest: 0.5480  Compromised: 0.4572
[Monitor] Round 3 (10/10 nodes): acc=0.5844 ± 0.2382
[Monitor]   Honest: 0.5985  Compromised: 0.4572
[Monitor] Round 4 (10/10 nodes): acc=0.5585 ± 0.2861
[Monitor]   Honest: 0.6003  Compromised: 0.1829
[Monitor] Round 5 (10/10 nodes): acc=0.5470 ± 0.2637
[Monitor]   Honest: 0.5758  Compromised: 0.2876
[Monitor] Round 6 (10/10 nodes): acc=0.5554 ± 0.3100
[Monitor]   Honest: 0.6119  Compromised: 0.0472
[Monitor] Round 7 (10/10 nodes): acc=0.5987 ± 0.2860
[Monitor]   Honest: 0.6608  Compromised: 0.0398
[Monitor] Round 8 (10/10 nodes): acc=0.4837 ± 0.2851
[Monitor]   Honest: 0.5342  Compromised: 0.0295
[Monitor] Round 9 (10/10 nodes): acc=0.5098 ± 0.2937
[Monitor]   Honest: 0.5631  Compromised: 0.0295
[Monitor] Round 10 (10/10 nodes): acc=0.6581 ± 0.2891
[Monitor]   Honest: 0.7280  Compromised: 0.0295
[Monitor] Round 11 (10/10 nodes): acc=0.5940 ± 0.3257
[Monitor]   Honest: 0.6554  Compromised: 0.0413
[Monitor] Round 12 (10/10 nodes): acc=0.6050 ± 0.3130
[Monitor]   Honest: 0.6694  Compromised: 0.0251
[Monitor] Round 13 (10/10 nodes): acc=0.6044 ± 0.3128
[Monitor]   Honest: 0.6496  Compromised: 0.1976
[Monitor] Round 14 (10/10 nodes): acc=0.6918 ± 0.2889
[Monitor]   Honest: 0.7378  Compromised: 0.2773
[Monitor] Round 15 (10/10 nodes): acc=0.6491 ± 0.3387
[Monitor]   Honest: 0.7110  Compromised: 0.0914
[Monitor] Round 16 (10/10 nodes): acc=0.6565 ± 0.3513
[Monitor]   Honest: 0.7252  Compromised: 0.0383
[Monitor] Round 17 (10/10 nodes): acc=0.7153 ± 0.2655
[Monitor]   Honest: 0.7579  Compromised: 0.3319
[Monitor] Round 18 (10/10 nodes): acc=0.6857 ± 0.3312
[Monitor]   Honest: 0.7350  Compromised: 0.2419
[Monitor] Round 19 (10/10 nodes): acc=0.7190 ± 0.2534
[Monitor]   Honest: 0.7735  Compromised: 0.2286
[Monitor] Round 20 (10/10 nodes): acc=0.6747 ± 0.3292
[Monitor]   Honest: 0.7281  Compromised: 0.1947
[Monitor] Round 21 (10/10 nodes): acc=0.7243 ± 0.2634
[Monitor]   Honest: 0.7856  Compromised: 0.1726
[Monitor] Round 22 (10/10 nodes): acc=0.7198 ± 0.3408
[Monitor]   Honest: 0.7806  Compromised: 0.1726
[Monitor] Round 23 (10/10 nodes): acc=0.7545 ± 0.2811
[Monitor]   Honest: 0.8192  Compromised: 0.1726
[Monitor] Round 24 (10/10 nodes): acc=0.8175 ± 0.2556
[Monitor]   Honest: 0.8891  Compromised: 0.1726
[Monitor] Round 25 (10/10 nodes): acc=0.8010 ± 0.3099
[Monitor]   Honest: 0.8871  Compromised: 0.0265
[Monitor] Round 26 (10/10 nodes): acc=0.7716 ± 0.3247
[Monitor]   Honest: 0.8291  Compromised: 0.2537
[Monitor] Round 27 (10/10 nodes): acc=0.7554 ± 0.3585
[Monitor]   Honest: 0.8260  Compromised: 0.1195
[Monitor] Round 28 (10/10 nodes): acc=0.7497 ± 0.3491
[Monitor]   Honest: 0.8180  Compromised: 0.1357
[Monitor] Round 29 (10/10 nodes): acc=0.7967 ± 0.2851
[Monitor]   Honest: 0.8744  Compromised: 0.0973
[Monitor] Round 30 (10/10 nodes): acc=0.8101 ± 0.2837
[Monitor]   Honest: 0.8929  Compromised: 0.0649
[Monitor] Round 31 (10/10 nodes): acc=0.7690 ± 0.3548
[Monitor]   Honest: 0.8469  Compromised: 0.0678
[Monitor] Round 32 (10/10 nodes): acc=0.6749 ± 0.4217
[Monitor]   Honest: 0.7438  Compromised: 0.0546
[Monitor] Round 33 (10/10 nodes): acc=0.6171 ± 0.4379
[Monitor]   Honest: 0.6512  Compromised: 0.3097
[Monitor] Round 34 (10/10 nodes): acc=0.5712 ± 0.3998
[Monitor]   Honest: 0.5939  Compromised: 0.3673
[Monitor] Round 35 (10/10 nodes): acc=0.5948 ± 0.3786
[Monitor]   Honest: 0.6180  Compromised: 0.3864
[Monitor] Round 36 (10/10 nodes): acc=0.5584 ± 0.4143
[Monitor]   Honest: 0.5861  Compromised: 0.3097
[Monitor] Round 37 (10/10 nodes): acc=0.3736 ± 0.3675
[Monitor]   Honest: 0.3753  Compromised: 0.3584
[Monitor] Round 38 (10/10 nodes): acc=0.1162 ± 0.0799
[Monitor]   Honest: 0.0937  Compromised: 0.3186
[Monitor] Round 39 (10/10 nodes): acc=0.1656 ± 0.0845
[Monitor]   Honest: 0.1503  Compromised: 0.3038
[Monitor] Round 40 (10/10 nodes): acc=0.1409 ± 0.0689
[Monitor]   Honest: 0.1234  Compromised: 0.2979
[Monitor] Round 41 (10/10 nodes): acc=0.1689 ± 0.1182
[Monitor]   Honest: 0.1571  Compromised: 0.2743
[Monitor] Round 42 (10/10 nodes): acc=0.2293 ± 0.1346
[Monitor]   Honest: 0.2241  Compromised: 0.2758
[Monitor] Round 43 (10/10 nodes): acc=0.1343 ± 0.1207
[Monitor]   Honest: 0.1186  Compromised: 0.2758
[Monitor] Round 44 (10/10 nodes): acc=0.1054 ± 0.0983
[Monitor]   Honest: 0.0861  Compromised: 0.2788
[Monitor] Round 45 (10/10 nodes): acc=0.1248 ± 0.1488
[Monitor]   Honest: 0.1073  Compromised: 0.2817
[Monitor] Round 46 (10/10 nodes): acc=0.1673 ± 0.1671
[Monitor]   Honest: 0.1556  Compromised: 0.2729
[Monitor] Round 47 (10/10 nodes): acc=0.1554 ± 0.1536
[Monitor]   Honest: 0.1426  Compromised: 0.2699
[Monitor] Round 48 (10/10 nodes): acc=0.1301 ± 0.1493
[Monitor]   Honest: 0.1150  Compromised: 0.2655
[Monitor] Round 49 (10/10 nodes): acc=0.1288 ± 0.1467
[Monitor]   Honest: 0.1270  Compromised: 0.1445
Gaussian Attack: Compromised 1/10 nodes
  Compromised nodes: [1]
  Noise std: 10.0
Gaussian Attack: Compromised 1/10 nodes
  Compromised nodes: [1]
  Noise std: 10.0
Gaussian Attack: Compromised 1/10 nodes
  Compromised nodes: [1]
  Noise std: 10.0
Gaussian Attack: Compromised 1/10 nodes
  Compromised nodes: [1]
  Noise std: 10.0
Gaussian Attack: Compromised 1/10 nodes
  Compromised nodes: [1]
  Noise std: 10.0
Gaussian Attack: Compromised 1/10 nodes
  Compromised nodes: [1]
  Noise std: 10.0
Gaussian Attack: Compromised 1/10 nodes
  Compromised nodes: [1]
  Noise std: 10.0
Gaussian Attack: Compromised 1/10 nodes
  Compromised nodes: [1]
  Noise std: 10.0
Gaussian Attack: Compromised 1/10 nodes
  Compromised nodes: [1]
  Noise std: 10.0
[Monitor] Round 50 (10/10 nodes): acc=0.1194 ± 0.1453
[Monitor]   Honest: 0.1174  Compromised: 0.1372
Gaussian Attack: Compromised 1/10 nodes
  Compromised nodes: [1]
  Noise std: 10.0
                                   Training Results                                   
┏━━━━━━━┳━━━━━━━━━━┳━━━━━━━━━┳━━━━━━━━━━━━┳━━━━━━━━━━━┳━━━━━━━━━┳━━━━━━━━━┳━━━━━━━━━━┓
┃ Round ┃ Mean Acc ┃ Std Acc ┃ Honest Acc ┃ Comp. Acc ┃ Vacuity ┃ Entropy ┃ Strength ┃
┡━━━━━━━╇━━━━━━━━━━╇━━━━━━━━━╇━━━━━━━━━━━━╇━━━━━━━━━━━╇━━━━━━━━━╇━━━━━━━━━╇━━━━━━━━━━┩
│ 1     │ 0.3001   │ 0.1886  │ 0.3257     │ 0.0693    │ nan     │ nan     │ nan      │
│ 2     │ 0.5389   │ 0.2393  │ 0.5480     │ 0.4572    │ 0.4690  │ 1.6163  │ 184.94   │
│ 3     │ 0.5844   │ 0.2382  │ 0.5985     │ 0.4572    │ 0.4599  │ 1.6330  │ 499.35   │
│ 4     │ 0.5585   │ 0.2861  │ 0.6003     │ 0.1829    │ 0.4516  │ 1.6346  │ 350.00   │
│ 5     │ 0.5470   │ 0.2637  │ 0.5758     │ 0.2876    │ 0.4484  │ 1.5635  │ 233.96   │
│ 6     │ 0.5554   │ 0.3100  │ 0.6119     │ 0.0472    │ 0.4435  │ 1.6056  │ 227.39   │
│ 7     │ 0.5987   │ 0.2860  │ 0.6608     │ 0.0398    │ 0.4433  │ 1.5311  │ 233.82   │
│ 8     │ 0.4837   │ 0.2851  │ 0.5342     │ 0.0295    │ 0.4564  │ 1.5199  │ 213.24   │
│ 9     │ 0.5098   │ 0.2937  │ 0.5631     │ 0.0295    │ 0.4510  │ 1.5365  │ 251.35   │
│ 10    │ 0.6581   │ 0.2891  │ 0.7280     │ 0.0295    │ 0.4426  │ 1.5048  │ 267.17   │
│ 11    │ 0.5940   │ 0.3257  │ 0.6554     │ 0.0413    │ 0.4701  │ 1.4824  │ 110.98   │
│ 12    │ 0.6050   │ 0.3130  │ 0.6694     │ 0.0251    │ 0.4416  │ 1.4932  │ 377.81   │
│ 13    │ 0.6044   │ 0.3128  │ 0.6496     │ 0.1976    │ 0.4708  │ 1.4632  │ 180.58   │
│ 14    │ 0.6918   │ 0.2889  │ 0.7378     │ 0.2773    │ 0.4747  │ 1.5034  │ 272.85   │
│ 15    │ 0.6491   │ 0.3387  │ 0.7110     │ 0.0914    │ 0.4512  │ 1.4492  │ 219.86   │
│ 16    │ 0.6565   │ 0.3513  │ 0.7252     │ 0.0383    │ 0.4517  │ 1.4521  │ 290.78   │
│ 17    │ 0.7153   │ 0.2655  │ 0.7579     │ 0.3319    │ 0.4966  │ 1.4631  │ 82.63    │
│ 18    │ 0.6857   │ 0.3312  │ 0.7350     │ 0.2419    │ 0.4496  │ 1.3833  │ 150.99   │
│ 19    │ 0.7190   │ 0.2534  │ 0.7735     │ 0.2286    │ 0.4437  │ 1.4007  │ 224.84   │
│ 20    │ 0.6747   │ 0.3292  │ 0.7281     │ 0.1947    │ 0.4387  │ 1.3719  │ 153.94   │
│ 21    │ 0.7243   │ 0.2634  │ 0.7856     │ 0.1726    │ 0.4237  │ 1.3156  │ 47.91    │
│ 22    │ 0.7198   │ 0.3408  │ 0.7806     │ 0.1726    │ 0.4153  │ 1.3599  │ 173.70   │
│ 23    │ 0.7545   │ 0.2811  │ 0.8192     │ 0.1726    │ 0.4197  │ 1.3917  │ 29.17    │
│ 24    │ 0.8175   │ 0.2556  │ 0.8891     │ 0.1726    │ 0.4138  │ 1.3634  │ 231.72   │
│ 25    │ 0.8010   │ 0.3099  │ 0.8871     │ 0.0265    │ 0.4071  │ 1.3572  │ 199.34   │
│ 26    │ 0.7716   │ 0.3247  │ 0.8291     │ 0.2537    │ 0.4416  │ 1.4270  │ 100.38   │
│ 27    │ 0.7554   │ 0.3585  │ 0.8260     │ 0.1195    │ 0.4143  │ 1.3895  │ 150.00   │
│ 28    │ 0.7497   │ 0.3491  │ 0.8180     │ 0.1357    │ 0.3983  │ 1.3541  │ 138.29   │
│ 29    │ 0.7967   │ 0.2851  │ 0.8744     │ 0.0973    │ 0.4029  │ 1.3548  │ 192.21   │
│ 30    │ 0.8101   │ 0.2837  │ 0.8929     │ 0.0649    │ 0.4047  │ 1.3266  │ 153.45   │
│ 31    │ 0.7690   │ 0.3548  │ 0.8469     │ 0.0678    │ 0.3957  │ 1.3097  │ 265.94   │
│ 32    │ 0.6749   │ 0.4217  │ 0.7438     │ 0.0546    │ 0.3740  │ 1.1782  │ 122.48   │
│ 33    │ 0.6171   │ 0.4379  │ 0.6512     │ 0.3097    │ 0.4334  │ 1.2770  │ 119.73   │
│ 34    │ 0.5712   │ 0.3998  │ 0.5939     │ 0.3673    │ 0.4868  │ 1.3497  │ 93.93    │
│ 35    │ 0.5948   │ 0.3786  │ 0.6180     │ 0.3864    │ 0.5000  │ 1.3729  │ 158.09   │
│ 36    │ 0.5584   │ 0.4143  │ 0.5861     │ 0.3097    │ 0.5491  │ 1.4213  │ 116.15   │
│ 37    │ 0.3736   │ 0.3675  │ 0.3753     │ 0.3584    │ 0.6571  │ 1.5268  │ 236.56   │
│ 38    │ 0.1162   │ 0.0799  │ 0.0937     │ 0.3186    │ 0.6078  │ 1.4348  │ 213.13   │
│ 39    │ 0.1656   │ 0.0845  │ 0.1503     │ 0.3038    │ 0.5950  │ 1.4315  │ 473.82   │
│ 40    │ 0.1409   │ 0.0689  │ 0.1234     │ 0.2979    │ 0.5282  │ 1.3841  │ 809.08   │
│ 41    │ 0.1689   │ 0.1182  │ 0.1571     │ 0.2743    │ 0.5374  │ 1.2207  │ 419.57   │
│ 42    │ 0.2293   │ 0.1346  │ 0.2241     │ 0.2758    │ 0.6206  │ 1.3295  │ 440.01   │
│ 43    │ 0.1343   │ 0.1207  │ 0.1186     │ 0.2758    │ 0.6697  │ 1.3492  │ 179.49   │
│ 44    │ 0.1054   │ 0.0983  │ 0.0861     │ 0.2788    │ 0.5949  │ 1.3187  │ 422.61   │
│ 45    │ 0.1248   │ 0.1488  │ 0.1073     │ 0.2817    │ 0.5047  │ 1.0425  │ 350.81   │
│ 46    │ 0.1673   │ 0.1671  │ 0.1556     │ 0.2729    │ 0.4916  │ 1.0668  │ 501.19   │
│ 47    │ 0.1554   │ 0.1536  │ 0.1426     │ 0.2699    │ 0.4987  │ 1.0880  │ 434.64   │
│ 48    │ 0.1301   │ 0.1493  │ 0.1150     │ 0.2655    │ 0.5169  │ 1.0969  │ 384.93   │
│ 49    │ 0.1288   │ 0.1467  │ 0.1270     │ 0.1445    │ 0.5383  │ 1.1361  │ 453.35   │
│ 50    │ 0.1194   │ 0.1453  │ 0.1174     │ 0.1372    │ 0.5056  │ 1.0847  │ 432.24   │
└───────┴──────────┴─────────┴────────────┴───────────┴─────────┴─────────┴──────────┘

Uncertainty Metrics:
  • Vacuity: epistemic uncertainty — lower is more confident
  • Entropy: aleatoric uncertainty — lower is more decisive
  • Strength: Dirichlet strength — higher means more evidence
Results written → /DataVol/projects/murmura/experiments/paper/dmtt/exp1_main_comparison/results/DynBALANCE-byz10-s42.parquet

✓ Distributed training complete
