Loading config: /DataVol/projects/murmura/experiments/paper/dmtt/exp1_main_comparison/dyn_krum/dyn_krum_byz20_s42.yaml

Experiment: DynKrum-byz20-s42
  Backend:    distributed (ZMQ IPC)
  Rounds:     50
  Topology:   fully (10 nodes)
  Aggregation:krum
  Attack: topology_liar (20% nodes)

Launching distributed processes…

Gaussian Attack: Compromised 2/10 nodes
  Compromised nodes: [0, 1]
  Noise std: 10.0
[DistributedRunner] run_id=10af1fdd  t_start=991315.026  (startup_grace=5.0s)
[Monitor] Round 1 (10/10 nodes): acc=0.5019 ± 0.2528
[Monitor]   Honest: 0.5269  Compromised: 0.4018
[Monitor] Round 2 (10/10 nodes): acc=0.6403 ± 0.1793
[Monitor]   Honest: 0.6999  Compromised: 0.4018
[Monitor] Round 3 (10/10 nodes): acc=0.6743 ± 0.1936
[Monitor]   Honest: 0.7424  Compromised: 0.4018
[Monitor] Round 4 (10/10 nodes): acc=0.6889 ± 0.1847
[Monitor]   Honest: 0.7606  Compromised: 0.4018
[Monitor] Round 5 (10/10 nodes): acc=0.7070 ± 0.1972
[Monitor]   Honest: 0.7833  Compromised: 0.4018
[Monitor] Round 6 (10/10 nodes): acc=0.7442 ± 0.1953
[Monitor]   Honest: 0.8297  Compromised: 0.4018
[Monitor] Round 7 (10/10 nodes): acc=0.7467 ± 0.1961
[Monitor]   Honest: 0.8329  Compromised: 0.4018
[Monitor] Round 8 (10/10 nodes): acc=0.7473 ± 0.1964
[Monitor]   Honest: 0.8336  Compromised: 0.4018
[Monitor] Round 9 (10/10 nodes): acc=0.7501 ± 0.1960
[Monitor]   Honest: 0.8372  Compromised: 0.4018
[Monitor] Round 10 (10/10 nodes): acc=0.7502 ± 0.1958
[Monitor]   Honest: 0.8374  Compromised: 0.4018
[Monitor] Round 11 (10/10 nodes): acc=0.7301 ± 0.2080
[Monitor]   Honest: 0.8121  Compromised: 0.4018
[Monitor] Round 12 (10/10 nodes): acc=0.6926 ± 0.2230
[Monitor]   Honest: 0.7653  Compromised: 0.4018
[Monitor] Round 13 (10/10 nodes): acc=0.6481 ± 0.2214
[Monitor]   Honest: 0.7097  Compromised: 0.4018
[Monitor] Round 14 (10/10 nodes): acc=0.6730 ± 0.2063
[Monitor]   Honest: 0.7408  Compromised: 0.4018
[Monitor] Round 15 (10/10 nodes): acc=0.6769 ± 0.2061
[Monitor]   Honest: 0.7456  Compromised: 0.4018
[Monitor] Round 16 (10/10 nodes): acc=0.7107 ± 0.2096
[Monitor]   Honest: 0.7879  Compromised: 0.4018
[Monitor] Round 17 (10/10 nodes): acc=0.7085 ± 0.1943
[Monitor]   Honest: 0.7852  Compromised: 0.4018
[Monitor] Round 18 (10/10 nodes): acc=0.7223 ± 0.2085
[Monitor]   Honest: 0.8025  Compromised: 0.4018
[Monitor] Round 19 (10/10 nodes): acc=0.6356 ± 0.2825
[Monitor]   Honest: 0.6941  Compromised: 0.4018
[Monitor] Round 20 (10/10 nodes): acc=0.6619 ± 0.2623
[Monitor]   Honest: 0.7269  Compromised: 0.4018
[Monitor] Round 21 (10/10 nodes): acc=0.6408 ± 0.2238
[Monitor]   Honest: 0.7005  Compromised: 0.4018
[Monitor] Round 22 (10/10 nodes): acc=0.6510 ± 0.2315
[Monitor]   Honest: 0.7133  Compromised: 0.4018
[Monitor] Round 23 (10/10 nodes): acc=0.6610 ± 0.2280
[Monitor]   Honest: 0.7258  Compromised: 0.4018
[Monitor] Round 24 (10/10 nodes): acc=0.6815 ± 0.2026
[Monitor]   Honest: 0.7514  Compromised: 0.4018
[Monitor] Round 25 (10/10 nodes): acc=0.6861 ± 0.1933
[Monitor]   Honest: 0.7572  Compromised: 0.4018
[Monitor] Round 26 (10/10 nodes): acc=0.7542 ± 0.1994
[Monitor]   Honest: 0.8423  Compromised: 0.4018
[Monitor] Round 27 (10/10 nodes): acc=0.7897 ± 0.2106
[Monitor]   Honest: 0.8867  Compromised: 0.4018
[Monitor] Round 28 (10/10 nodes): acc=0.7852 ± 0.2099
[Monitor]   Honest: 0.8810  Compromised: 0.4018
[Monitor] Round 29 (10/10 nodes): acc=0.7922 ± 0.2163
[Monitor]   Honest: 0.8898  Compromised: 0.4018
[Monitor] Round 30 (10/10 nodes): acc=0.8125 ± 0.2177
[Monitor]   Honest: 0.9151  Compromised: 0.4018
[Monitor] Round 31 (10/10 nodes): acc=0.7833 ± 0.2330
[Monitor]   Honest: 0.8786  Compromised: 0.4018
[Monitor] Round 32 (10/10 nodes): acc=0.7296 ± 0.2648
[Monitor]   Honest: 0.8115  Compromised: 0.4018
[Monitor] Round 33 (10/10 nodes): acc=0.7396 ± 0.2544
[Monitor]   Honest: 0.8240  Compromised: 0.4018
[Monitor] Round 34 (10/10 nodes): acc=0.7520 ± 0.2444
[Monitor]   Honest: 0.8395  Compromised: 0.4018
[Monitor] Round 35 (10/10 nodes): acc=0.7459 ± 0.2242
[Monitor]   Honest: 0.8320  Compromised: 0.4018
[Monitor] Round 36 (10/10 nodes): acc=0.7413 ± 0.2452
[Monitor]   Honest: 0.8262  Compromised: 0.4018
[Monitor] Round 37 (10/10 nodes): acc=0.7064 ± 0.2594
[Monitor]   Honest: 0.7826  Compromised: 0.4018
[Monitor] Round 38 (10/10 nodes): acc=0.6815 ± 0.2867
[Monitor]   Honest: 0.7515  Compromised: 0.4018
[Monitor] Round 39 (10/10 nodes): acc=0.7109 ± 0.2595
[Monitor]   Honest: 0.7882  Compromised: 0.4018
[Monitor] Round 40 (10/10 nodes): acc=0.7591 ± 0.2351
[Monitor]   Honest: 0.8484  Compromised: 0.4018
[Monitor] Round 41 (10/10 nodes): acc=0.7893 ± 0.2322
[Monitor]   Honest: 0.8862  Compromised: 0.4018
[Monitor] Round 42 (10/10 nodes): acc=0.8059 ± 0.2361
[Monitor]   Honest: 0.9069  Compromised: 0.4018
[Monitor] Round 43 (10/10 nodes): acc=0.7934 ± 0.2456
[Monitor]   Honest: 0.8913  Compromised: 0.4018
[Monitor] Round 44 (10/10 nodes): acc=0.8063 ± 0.2339
[Monitor]   Honest: 0.9074  Compromised: 0.4018
[Monitor] Round 45 (10/10 nodes): acc=0.8071 ± 0.2336
[Monitor]   Honest: 0.9084  Compromised: 0.4018
[Monitor] Round 46 (10/10 nodes): acc=0.8302 ± 0.2269
[Monitor]   Honest: 0.9372  Compromised: 0.4018
[Monitor] Round 47 (10/10 nodes): acc=0.8287 ± 0.2264
[Monitor]   Honest: 0.9355  Compromised: 0.4018
[Monitor] Round 48 (10/10 nodes): acc=0.8218 ± 0.2253
[Monitor]   Honest: 0.9268  Compromised: 0.4018
[Monitor] Round 49 (10/10 nodes): acc=0.8212 ± 0.2234
[Monitor]   Honest: 0.9261  Compromised: 0.4018
Gaussian Attack: Compromised 2/10 nodes
  Compromised nodes: [0, 1]
  Noise std: 10.0
Gaussian Attack: Compromised 2/10 nodes
  Compromised nodes: [0, 1]
  Noise std: 10.0
Gaussian Attack: Compromised 2/10 nodes
  Compromised nodes: [0, 1]
  Noise std: 10.0
Gaussian Attack: Compromised 2/10 nodes
  Compromised nodes: [0, 1]
  Noise std: 10.0
Gaussian Attack: Compromised 2/10 nodes
  Compromised nodes: [0, 1]
  Noise std: 10.0
Gaussian Attack: Compromised 2/10 nodes
  Compromised nodes: [0, 1]
  Noise std: 10.0
Gaussian Attack: Compromised 2/10 nodes
  Compromised nodes: [0, 1]
  Noise std: 10.0
Gaussian Attack: Compromised 2/10 nodes
  Compromised nodes: [0, 1]
  Noise std: 10.0
Gaussian Attack: Compromised 2/10 nodes
  Compromised nodes: [0, 1]
  Noise std: 10.0
[Monitor] Round 50 (10/10 nodes): acc=0.8230 ± 0.2241
[Monitor]   Honest: 0.9283  Compromised: 0.4018
Gaussian Attack: Compromised 2/10 nodes
  Compromised nodes: [0, 1]
  Noise std: 10.0
                                   Training Results                                   
┏━━━━━━━┳━━━━━━━━━━┳━━━━━━━━━┳━━━━━━━━━━━━┳━━━━━━━━━━━┳━━━━━━━━━┳━━━━━━━━━┳━━━━━━━━━━┓
┃ Round ┃ Mean Acc ┃ Std Acc ┃ Honest Acc ┃ Comp. Acc ┃ Vacuity ┃ Entropy ┃ Strength ┃
┡━━━━━━━╇━━━━━━━━━━╇━━━━━━━━━╇━━━━━━━━━━━━╇━━━━━━━━━━━╇━━━━━━━━━╇━━━━━━━━━╇━━━━━━━━━━┩
│ 1     │ 0.5019   │ 0.2528  │ 0.5269     │ 0.4018    │ 0.5816  │ 1.7872  │ 10.32    │
│ 2     │ 0.6403   │ 0.1793  │ 0.6999     │ 0.4018    │ 0.5680  │ 1.7714  │ 10.59    │
│ 3     │ 0.6743   │ 0.1936  │ 0.7424     │ 0.4018    │ 0.5603  │ 1.7591  │ 10.74    │
│ 4     │ 0.6889   │ 0.1847  │ 0.7606     │ 0.4018    │ 0.5521  │ 1.7462  │ 10.91    │
│ 5     │ 0.7070   │ 0.1972  │ 0.7833     │ 0.4018    │ 0.5484  │ 1.7364  │ 10.99    │
│ 6     │ 0.7442   │ 0.1953  │ 0.8297     │ 0.4018    │ 0.5424  │ 1.7186  │ 11.13    │
│ 7     │ 0.7467   │ 0.1961  │ 0.8329     │ 0.4018    │ 0.5371  │ 1.7033  │ 11.25    │
│ 8     │ 0.7473   │ 0.1964  │ 0.8336     │ 0.4018    │ 0.5320  │ 1.6869  │ 11.38    │
│ 9     │ 0.7501   │ 0.1960  │ 0.8372     │ 0.4018    │ 0.5271  │ 1.6706  │ 11.50    │
│ 10    │ 0.7502   │ 0.1958  │ 0.8374     │ 0.4018    │ 0.5226  │ 1.6543  │ 11.62    │
│ 11    │ 0.7301   │ 0.2080  │ 0.8121     │ 0.4018    │ 0.5238  │ 1.6511  │ 11.59    │
│ 12    │ 0.6926   │ 0.2230  │ 0.7653     │ 0.4018    │ 0.5259  │ 1.6579  │ 11.53    │
│ 13    │ 0.6481   │ 0.2214  │ 0.7097     │ 0.4018    │ 0.5220  │ 1.6428  │ 11.65    │
│ 14    │ 0.6730   │ 0.2063  │ 0.7408     │ 0.4018    │ 0.5241  │ 1.6431  │ 11.61    │
│ 15    │ 0.6769   │ 0.2061  │ 0.7456     │ 0.4018    │ 0.5216  │ 1.6361  │ 11.67    │
│ 16    │ 0.7107   │ 0.2096  │ 0.7879     │ 0.4018    │ 0.5202  │ 1.6287  │ 11.71    │
│ 17    │ 0.7085   │ 0.1943  │ 0.7852     │ 0.4018    │ 0.5183  │ 1.6200  │ 11.77    │
│ 18    │ 0.7223   │ 0.2085  │ 0.8025     │ 0.4018    │ 0.5163  │ 1.6137  │ 11.82    │
│ 19    │ 0.6356   │ 0.2825  │ 0.6941     │ 0.4018    │ 0.5196  │ 1.6117  │ 11.79    │
│ 20    │ 0.6619   │ 0.2623  │ 0.7269     │ 0.4018    │ 0.5249  │ 1.6198  │ 11.66    │
│ 21    │ 0.6408   │ 0.2238  │ 0.7005     │ 0.4018    │ 0.5210  │ 1.6096  │ 11.74    │
│ 22    │ 0.6510   │ 0.2315  │ 0.7133     │ 0.4018    │ 0.5213  │ 1.6050  │ 11.77    │
│ 23    │ 0.6610   │ 0.2280  │ 0.7258     │ 0.4018    │ 0.5217  │ 1.6025  │ 11.76    │
│ 24    │ 0.6815   │ 0.2026  │ 0.7514     │ 0.4018    │ 0.5182  │ 1.5876  │ 11.90    │
│ 25    │ 0.6861   │ 0.1933  │ 0.7572     │ 0.4018    │ 0.5255  │ 1.6011  │ 11.71    │
│ 26    │ 0.7542   │ 0.1994  │ 0.8423     │ 0.4018    │ 0.5215  │ 1.5889  │ 11.83    │
│ 27    │ 0.7897   │ 0.2106  │ 0.8867     │ 0.4018    │ 0.5203  │ 1.5816  │ 11.87    │
│ 28    │ 0.7852   │ 0.2099  │ 0.8810     │ 0.4018    │ 0.5139  │ 1.5652  │ 12.06    │
│ 29    │ 0.7922   │ 0.2163  │ 0.8898     │ 0.4018    │ 0.5148  │ 1.5646  │ 12.02    │
│ 30    │ 0.8125   │ 0.2177  │ 0.9151     │ 0.4018    │ 0.5116  │ 1.5540  │ 12.15    │
│ 31    │ 0.7833   │ 0.2330  │ 0.8786     │ 0.4018    │ 0.5094  │ 1.5445  │ 12.19    │
│ 32    │ 0.7296   │ 0.2648  │ 0.8115     │ 0.4018    │ 0.5081  │ 1.5364  │ 12.31    │
│ 33    │ 0.7396   │ 0.2544  │ 0.8240     │ 0.4018    │ 0.5050  │ 1.5275  │ 12.36    │
│ 34    │ 0.7520   │ 0.2444  │ 0.8395     │ 0.4018    │ 0.5017  │ 1.5178  │ 12.45    │
│ 35    │ 0.7459   │ 0.2242  │ 0.8320     │ 0.4018    │ 0.5085  │ 1.5327  │ 12.22    │
│ 36    │ 0.7413   │ 0.2452  │ 0.8262     │ 0.4018    │ 0.5019  │ 1.5169  │ 12.46    │
│ 37    │ 0.7064   │ 0.2594  │ 0.7826     │ 0.4018    │ 0.5127  │ 1.5426  │ 12.13    │
│ 38    │ 0.6815   │ 0.2867  │ 0.7515     │ 0.4018    │ 0.5104  │ 1.5411  │ 12.23    │
│ 39    │ 0.7109   │ 0.2595  │ 0.7882     │ 0.4018    │ 0.5148  │ 1.5491  │ 12.12    │
│ 40    │ 0.7591   │ 0.2351  │ 0.8484     │ 0.4018    │ 0.5149  │ 1.5492  │ 12.10    │
│ 41    │ 0.7893   │ 0.2322  │ 0.8862     │ 0.4018    │ 0.5077  │ 1.5286  │ 12.30    │
│ 42    │ 0.8059   │ 0.2361  │ 0.9069     │ 0.4018    │ 0.5071  │ 1.5249  │ 12.30    │
│ 43    │ 0.7934   │ 0.2456  │ 0.8913     │ 0.4018    │ 0.5011  │ 1.5126  │ 12.43    │
│ 44    │ 0.8063   │ 0.2339  │ 0.9074     │ 0.4018    │ 0.5029  │ 1.5108  │ 12.44    │
│ 45    │ 0.8071   │ 0.2336  │ 0.9084     │ 0.4018    │ 0.4991  │ 1.5032  │ 12.52    │
│ 46    │ 0.8302   │ 0.2269  │ 0.9372     │ 0.4018    │ 0.4948  │ 1.4915  │ 12.66    │
│ 47    │ 0.8287   │ 0.2264  │ 0.9355     │ 0.4018    │ 0.4937  │ 1.4885  │ 12.67    │
│ 48    │ 0.8218   │ 0.2253  │ 0.9268     │ 0.4018    │ 0.4995  │ 1.4999  │ 12.55    │
│ 49    │ 0.8212   │ 0.2234  │ 0.9261     │ 0.4018    │ 0.4972  │ 1.4966  │ 12.58    │
│ 50    │ 0.8230   │ 0.2241  │ 0.9283     │ 0.4018    │ 0.4913  │ 1.4909  │ 12.69    │
└───────┴──────────┴─────────┴────────────┴───────────┴─────────┴─────────┴──────────┘

Uncertainty Metrics:
  • Vacuity: epistemic uncertainty — lower is more confident
  • Entropy: aleatoric uncertainty — lower is more decisive
  • Strength: Dirichlet strength — higher means more evidence
Results written → /DataVol/projects/murmura/experiments/paper/dmtt/exp1_main_comparison/results/DynKrum-byz20-s42.parquet

✓ Distributed training complete
