Loading config: /DataVol/projects/murmura/experiments/paper/dmtt/exp1_main_comparison/dyn_krum/dyn_krum_byz30_s123.yaml

Experiment: DynKrum-byz30-s123
  Backend:    distributed (ZMQ IPC)
  Rounds:     50
  Topology:   fully (10 nodes)
  Aggregation:krum
  Attack: topology_liar (30% nodes)

Launching distributed processes…

Gaussian Attack: Compromised 3/10 nodes
  Compromised nodes: [0, 1, 4]
  Noise std: 10.0
[DistributedRunner] run_id=3718d079  t_start=994271.181  (startup_grace=5.0s)
[Monitor] Round 1 (10/10 nodes): acc=0.5260 ± 0.2167
[Monitor]   Honest: 0.6293  Compromised: 0.2850
[Monitor] Round 2 (10/10 nodes): acc=0.6161 ± 0.2980
[Monitor]   Honest: 0.7995  Compromised: 0.1881
[Monitor] Round 3 (10/10 nodes): acc=0.6369 ± 0.3105
[Monitor]   Honest: 0.8292  Compromised: 0.1881
[Monitor] Round 4 (10/10 nodes): acc=0.6464 ± 0.3172
[Monitor]   Honest: 0.8429  Compromised: 0.1881
[Monitor] Round 5 (10/10 nodes): acc=0.6353 ± 0.3127
[Monitor]   Honest: 0.8270  Compromised: 0.1881
[Monitor] Round 6 (10/10 nodes): acc=0.6197 ± 0.3190
[Monitor]   Honest: 0.8047  Compromised: 0.1881
[Monitor] Round 7 (10/10 nodes): acc=0.5573 ± 0.3244
[Monitor]   Honest: 0.7155  Compromised: 0.1881
[Monitor] Round 8 (10/10 nodes): acc=0.6345 ± 0.3133
[Monitor]   Honest: 0.8259  Compromised: 0.1881
[Monitor] Round 9 (10/10 nodes): acc=0.6173 ± 0.3157
[Monitor]   Honest: 0.8013  Compromised: 0.1881
[Monitor] Round 10 (10/10 nodes): acc=0.6306 ± 0.3249
[Monitor]   Honest: 0.8202  Compromised: 0.1881
[Monitor] Round 11 (10/10 nodes): acc=0.5706 ± 0.3253
[Monitor]   Honest: 0.7346  Compromised: 0.1881
[Monitor] Round 12 (10/10 nodes): acc=0.5390 ± 0.3113
[Monitor]   Honest: 0.6893  Compromised: 0.1881
[Monitor] Round 13 (10/10 nodes): acc=0.5124 ± 0.3292
[Monitor]   Honest: 0.6514  Compromised: 0.1881
[Monitor] Round 14 (10/10 nodes): acc=0.5597 ± 0.3495
[Monitor]   Honest: 0.7189  Compromised: 0.1881
[Monitor] Round 15 (10/10 nodes): acc=0.5220 ± 0.3410
[Monitor]   Honest: 0.6651  Compromised: 0.1881
[Monitor] Round 16 (10/10 nodes): acc=0.5471 ± 0.3342
[Monitor]   Honest: 0.7009  Compromised: 0.1881
[Monitor] Round 17 (10/10 nodes): acc=0.5770 ± 0.3270
[Monitor]   Honest: 0.7437  Compromised: 0.1881
[Monitor] Round 18 (10/10 nodes): acc=0.6122 ± 0.3357
[Monitor]   Honest: 0.7939  Compromised: 0.1881
[Monitor] Round 19 (10/10 nodes): acc=0.5957 ± 0.3296
[Monitor]   Honest: 0.7704  Compromised: 0.1881
[Monitor] Round 20 (10/10 nodes): acc=0.5863 ± 0.3281
[Monitor]   Honest: 0.7570  Compromised: 0.1881
[Monitor] Round 21 (10/10 nodes): acc=0.6421 ± 0.2849
[Monitor]   Honest: 0.7872  Compromised: 0.3035
[Monitor] Round 22 (10/10 nodes): acc=0.6423 ± 0.2935
[Monitor]   Honest: 0.7875  Compromised: 0.3035
[Monitor] Round 23 (10/10 nodes): acc=0.6592 ± 0.2879
[Monitor]   Honest: 0.8116  Compromised: 0.3035
[Monitor] Round 24 (10/10 nodes): acc=0.6465 ± 0.2953
[Monitor]   Honest: 0.7935  Compromised: 0.3035
[Monitor] Round 25 (10/10 nodes): acc=0.6606 ± 0.3052
[Monitor]   Honest: 0.8137  Compromised: 0.3035
[Monitor] Round 26 (10/10 nodes): acc=0.6766 ± 0.3056
[Monitor]   Honest: 0.8364  Compromised: 0.3035
[Monitor] Round 27 (10/10 nodes): acc=0.6843 ± 0.3052
[Monitor]   Honest: 0.8474  Compromised: 0.3035
[Monitor] Round 28 (10/10 nodes): acc=0.6843 ± 0.3098
[Monitor]   Honest: 0.8475  Compromised: 0.3035
[Monitor] Round 29 (10/10 nodes): acc=0.6949 ± 0.3059
[Monitor]   Honest: 0.8626  Compromised: 0.3035
[Monitor] Round 30 (10/10 nodes): acc=0.6967 ± 0.3067
[Monitor]   Honest: 0.8652  Compromised: 0.3035
[Monitor] Round 31 (10/10 nodes): acc=0.6977 ± 0.3068
[Monitor]   Honest: 0.8667  Compromised: 0.3035
[Monitor] Round 32 (10/10 nodes): acc=0.7256 ± 0.2991
[Monitor]   Honest: 0.9065  Compromised: 0.3035
[Monitor] Round 33 (10/10 nodes): acc=0.6848 ± 0.3071
[Monitor]   Honest: 0.8482  Compromised: 0.3035
[Monitor] Round 34 (10/10 nodes): acc=0.7126 ± 0.3012
[Monitor]   Honest: 0.8879  Compromised: 0.3035
[Monitor] Round 35 (10/10 nodes): acc=0.7444 ± 0.3074
[Monitor]   Honest: 0.9322  Compromised: 0.3064
[Monitor] Round 36 (10/10 nodes): acc=0.6981 ± 0.3055
[Monitor]   Honest: 0.8661  Compromised: 0.3064
[Monitor] Round 37 (10/10 nodes): acc=0.6951 ± 0.3051
[Monitor]   Honest: 0.8616  Compromised: 0.3064
[Monitor] Round 38 (10/10 nodes): acc=0.7017 ± 0.3076
[Monitor]   Honest: 0.8712  Compromised: 0.3064
[Monitor] Round 39 (10/10 nodes): acc=0.7000 ± 0.3039
[Monitor]   Honest: 0.8687  Compromised: 0.3064
[Monitor] Round 40 (10/10 nodes): acc=0.7184 ± 0.2947
[Monitor]   Honest: 0.8950  Compromised: 0.3064
[Monitor] Round 41 (10/10 nodes): acc=0.7365 ± 0.3032
[Monitor]   Honest: 0.9208  Compromised: 0.3064
[Monitor] Round 42 (10/10 nodes): acc=0.7486 ± 0.3083
[Monitor]   Honest: 0.9381  Compromised: 0.3064
[Monitor] Round 43 (10/10 nodes): acc=0.7521 ± 0.3098
[Monitor]   Honest: 0.9431  Compromised: 0.3064
[Monitor] Round 44 (10/10 nodes): acc=0.7571 ± 0.3125
[Monitor]   Honest: 0.9502  Compromised: 0.3064
[Monitor] Round 45 (10/10 nodes): acc=0.7596 ± 0.3142
[Monitor]   Honest: 0.9538  Compromised: 0.3064
[Monitor] Round 46 (10/10 nodes): acc=0.7613 ± 0.3152
[Monitor]   Honest: 0.9562  Compromised: 0.3064
[Monitor] Round 47 (10/10 nodes): acc=0.7610 ± 0.3151
[Monitor]   Honest: 0.9559  Compromised: 0.3064
[Monitor] Round 48 (10/10 nodes): acc=0.7627 ± 0.3161
[Monitor]   Honest: 0.9582  Compromised: 0.3064
[Monitor] Round 49 (10/10 nodes): acc=0.7579 ± 0.3131
[Monitor]   Honest: 0.9514  Compromised: 0.3064
Gaussian Attack: Compromised 3/10 nodes
  Compromised nodes: [0, 1, 4]
  Noise std: 10.0
Gaussian Attack: Compromised 3/10 nodes
  Compromised nodes: [0, 1, 4]
  Noise std: 10.0
Gaussian Attack: Compromised 3/10 nodes
  Compromised nodes: [0, 1, 4]
  Noise std: 10.0
Gaussian Attack: Compromised 3/10 nodes
  Compromised nodes: [0, 1, 4]
  Noise std: 10.0
Gaussian Attack: Compromised 3/10 nodes
  Compromised nodes: [0, 1, 4]
  Noise std: 10.0
Gaussian Attack: Compromised 3/10 nodes
  Compromised nodes: [0, 1, 4]
  Noise std: 10.0
Gaussian Attack: Compromised 3/10 nodes
  Compromised nodes: [0, 1, 4]
  Noise std: 10.0
Gaussian Attack: Compromised 3/10 nodes
  Compromised nodes: [0, 1, 4]
  Noise std: 10.0
Gaussian Attack: Compromised 3/10 nodes
  Compromised nodes: [0, 1, 4]
  Noise std: 10.0
[Monitor] Round 50 (10/10 nodes): acc=0.7627 ± 0.3160
[Monitor]   Honest: 0.9583  Compromised: 0.3064
Gaussian Attack: Compromised 3/10 nodes
  Compromised nodes: [0, 1, 4]
  Noise std: 10.0
                                   Training Results                                   
┏━━━━━━━┳━━━━━━━━━━┳━━━━━━━━━┳━━━━━━━━━━━━┳━━━━━━━━━━━┳━━━━━━━━━┳━━━━━━━━━┳━━━━━━━━━━┓
┃ Round ┃ Mean Acc ┃ Std Acc ┃ Honest Acc ┃ Comp. Acc ┃ Vacuity ┃ Entropy ┃ Strength ┃
┡━━━━━━━╇━━━━━━━━━━╇━━━━━━━━━╇━━━━━━━━━━━━╇━━━━━━━━━━━╇━━━━━━━━━╇━━━━━━━━━╇━━━━━━━━━━┩
│ 1     │ 0.5260   │ 0.2167  │ 0.6293     │ 0.2850    │ 0.5883  │ 1.7868  │ 10.21    │
│ 2     │ 0.6161   │ 0.2980  │ 0.7995     │ 0.1881    │ 0.5725  │ 1.7675  │ 10.50    │
│ 3     │ 0.6369   │ 0.3105  │ 0.8292     │ 0.1881    │ 0.5621  │ 1.7486  │ 10.71    │
│ 4     │ 0.6464   │ 0.3172  │ 0.8429     │ 0.1881    │ 0.5535  │ 1.7283  │ 10.89    │
│ 5     │ 0.6353   │ 0.3127  │ 0.8270     │ 0.1881    │ 0.5539  │ 1.7305  │ 10.88    │
│ 6     │ 0.6197   │ 0.3190  │ 0.8047     │ 0.1881    │ 0.5473  │ 1.7098  │ 11.03    │
│ 7     │ 0.5573   │ 0.3244  │ 0.7155     │ 0.1881    │ 0.5505  │ 1.7183  │ 10.96    │
│ 8     │ 0.6345   │ 0.3133  │ 0.8259     │ 0.1881    │ 0.5451  │ 1.7047  │ 11.08    │
│ 9     │ 0.6173   │ 0.3157  │ 0.8013     │ 0.1881    │ 0.5406  │ 1.6906  │ 11.19    │
│ 10    │ 0.6306   │ 0.3249  │ 0.8202     │ 0.1881    │ 0.5347  │ 1.6741  │ 11.33    │
│ 11    │ 0.5706   │ 0.3253  │ 0.7346     │ 0.1881    │ 0.5316  │ 1.6584  │ 11.42    │
│ 12    │ 0.5390   │ 0.3113  │ 0.6893     │ 0.1881    │ 0.5349  │ 1.6639  │ 11.32    │
│ 13    │ 0.5124   │ 0.3292  │ 0.6514     │ 0.1881    │ 0.5386  │ 1.6646  │ 11.26    │
│ 14    │ 0.5597   │ 0.3495  │ 0.7189     │ 0.1881    │ 0.5367  │ 1.6539  │ 11.34    │
│ 15    │ 0.5220   │ 0.3410  │ 0.6651     │ 0.1881    │ 0.5284  │ 1.6277  │ 11.58    │
│ 16    │ 0.5471   │ 0.3342  │ 0.7009     │ 0.1881    │ 0.5351  │ 1.6361  │ 11.45    │
│ 17    │ 0.5770   │ 0.3270  │ 0.7437     │ 0.1881    │ 0.5269  │ 1.6121  │ 11.75    │
│ 18    │ 0.6122   │ 0.3357  │ 0.7939     │ 0.1881    │ 0.5225  │ 1.5984  │ 11.87    │
│ 19    │ 0.5957   │ 0.3296  │ 0.7704     │ 0.1881    │ 0.5166  │ 1.5775  │ 12.39    │
│ 20    │ 0.5863   │ 0.3281  │ 0.7570     │ 0.1881    │ 0.5166  │ 1.5786  │ 12.02    │
│ 21    │ 0.6421   │ 0.2849  │ 0.7872     │ 0.3035    │ 0.5072  │ 1.5462  │ 12.29    │
│ 22    │ 0.6423   │ 0.2935  │ 0.7875     │ 0.3035    │ 0.5194  │ 1.5710  │ 11.92    │
│ 23    │ 0.6592   │ 0.2879  │ 0.8116     │ 0.3035    │ 0.5146  │ 1.5577  │ 12.12    │
│ 24    │ 0.6465   │ 0.2953  │ 0.7935     │ 0.3035    │ 0.5245  │ 1.5756  │ 11.77    │
│ 25    │ 0.6606   │ 0.3052  │ 0.8137     │ 0.3035    │ 0.5126  │ 1.5441  │ 12.21    │
│ 26    │ 0.6766   │ 0.3056  │ 0.8364     │ 0.3035    │ 0.5060  │ 1.5263  │ 12.41    │
│ 27    │ 0.6843   │ 0.3052  │ 0.8474     │ 0.3035    │ 0.5077  │ 1.5305  │ 12.26    │
│ 28    │ 0.6843   │ 0.3098  │ 0.8475     │ 0.3035    │ 0.4979  │ 1.5036  │ 12.67    │
│ 29    │ 0.6949   │ 0.3059  │ 0.8626     │ 0.3035    │ 0.4911  │ 1.4877  │ 12.84    │
│ 30    │ 0.6967   │ 0.3067  │ 0.8652     │ 0.3035    │ 0.4990  │ 1.5073  │ 12.62    │
│ 31    │ 0.6977   │ 0.3068  │ 0.8667     │ 0.3035    │ 0.4983  │ 1.5006  │ 12.64    │
│ 32    │ 0.7256   │ 0.2991  │ 0.9065     │ 0.3035    │ 0.4916  │ 1.4870  │ 13.01    │
│ 33    │ 0.6848   │ 0.3071  │ 0.8482     │ 0.3035    │ 0.5012  │ 1.5105  │ 12.66    │
│ 34    │ 0.7126   │ 0.3012  │ 0.8879     │ 0.3035    │ 0.4972  │ 1.5007  │ 12.79    │
│ 35    │ 0.7444   │ 0.3074  │ 0.9322     │ 0.3064    │ 0.4909  │ 1.4749  │ 13.09    │
│ 36    │ 0.6981   │ 0.3055  │ 0.8661     │ 0.3064    │ 0.4879  │ 1.4673  │ 13.11    │
│ 37    │ 0.6951   │ 0.3051  │ 0.8616     │ 0.3064    │ 0.4832  │ 1.4561  │ 13.28    │
│ 38    │ 0.7017   │ 0.3076  │ 0.8712     │ 0.3064    │ 0.4787  │ 1.4428  │ 13.59    │
│ 39    │ 0.7000   │ 0.3039  │ 0.8687     │ 0.3064    │ 0.4887  │ 1.4602  │ 13.40    │
│ 40    │ 0.7184   │ 0.2947  │ 0.8950     │ 0.3064    │ 0.4794  │ 1.4393  │ 13.91    │
│ 41    │ 0.7365   │ 0.3032  │ 0.9208     │ 0.3064    │ 0.4845  │ 1.4558  │ 13.45    │
│ 42    │ 0.7486   │ 0.3083  │ 0.9381     │ 0.3064    │ 0.4826  │ 1.4511  │ 13.47    │
│ 43    │ 0.7521   │ 0.3098  │ 0.9431     │ 0.3064    │ 0.4781  │ 1.4411  │ 13.58    │
│ 44    │ 0.7571   │ 0.3125  │ 0.9502     │ 0.3064    │ 0.4738  │ 1.4295  │ 13.74    │
│ 45    │ 0.7596   │ 0.3142  │ 0.9538     │ 0.3064    │ 0.4709  │ 1.4228  │ 13.77    │
│ 46    │ 0.7613   │ 0.3152  │ 0.9562     │ 0.3064    │ 0.4677  │ 1.4137  │ 13.87    │
│ 47    │ 0.7610   │ 0.3151  │ 0.9559     │ 0.3064    │ 0.4630  │ 1.4021  │ 14.04    │
│ 48    │ 0.7627   │ 0.3161  │ 0.9582     │ 0.3064    │ 0.4601  │ 1.3951  │ 14.14    │
│ 49    │ 0.7579   │ 0.3131  │ 0.9514     │ 0.3064    │ 0.4714  │ 1.4213  │ 13.79    │
│ 50    │ 0.7627   │ 0.3160  │ 0.9583     │ 0.3064    │ 0.4684  │ 1.4136  │ 13.94    │
└───────┴──────────┴─────────┴────────────┴───────────┴─────────┴─────────┴──────────┘

Uncertainty Metrics:
  • Vacuity: epistemic uncertainty — lower is more confident
  • Entropy: aleatoric uncertainty — lower is more decisive
  • Strength: Dirichlet strength — higher means more evidence
Results written → /DataVol/projects/murmura/experiments/paper/dmtt/exp1_main_comparison/results/DynKrum-byz30-s123.parquet

✓ Distributed training complete
