Loading config: /DataVol/projects/murmura/experiments/paper/dmtt/exp1_main_comparison/dyn_ubar/dyn_ubar_byz10_s42.yaml

Experiment: DynUBAR-byz10-s42
  Backend:    distributed (ZMQ IPC)
  Rounds:     50
  Topology:   fully (10 nodes)
  Aggregation:ubar
  Attack: topology_liar (10% nodes)

Launching distributed processes…

Gaussian Attack: Compromised 1/10 nodes
  Compromised nodes: [1]
  Noise std: 10.0
[DistributedRunner] run_id=c25bf7fe  t_start=1013492.285  (startup_grace=5.0s)
[Monitor] Round 1 (10/10 nodes): acc=0.3001 ± 0.1886
[Monitor]   Honest: 0.3257  Compromised: 0.0693
[Monitor] Round 2 (10/10 nodes): acc=0.5059 ± 0.2580
[Monitor]   Honest: 0.5113  Compromised: 0.4572
[Monitor] Round 3 (10/10 nodes): acc=0.5308 ± 0.2826
[Monitor]   Honest: 0.5745  Compromised: 0.1372
[Monitor] Round 4 (10/10 nodes): acc=0.5865 ± 0.2312
[Monitor]   Honest: 0.6325  Compromised: 0.1726
[Monitor] Round 5 (10/10 nodes): acc=0.5526 ± 0.2536
[Monitor]   Honest: 0.5962  Compromised: 0.1608
[Monitor] Round 6 (10/10 nodes): acc=0.5525 ± 0.2993
[Monitor]   Honest: 0.6054  Compromised: 0.0767
[Monitor] Round 7 (10/10 nodes): acc=0.5350 ± 0.2480
[Monitor]   Honest: 0.5784  Compromised: 0.1445
[Monitor] Round 8 (10/10 nodes): acc=0.5157 ± 0.2168
[Monitor]   Honest: 0.5396  Compromised: 0.3009
[Monitor] Round 9 (10/10 nodes): acc=0.5635 ± 0.2317
[Monitor]   Honest: 0.6079  Compromised: 0.1637
[Monitor] Round 10 (10/10 nodes): acc=0.6219 ± 0.2386
[Monitor]   Honest: 0.6720  Compromised: 0.1711
[Monitor] Round 11 (10/10 nodes): acc=0.6099 ± 0.2348
[Monitor]   Honest: 0.6585  Compromised: 0.1726
[Monitor] Round 12 (10/10 nodes): acc=0.6369 ± 0.2502
[Monitor]   Honest: 0.6883  Compromised: 0.1740
[Monitor] Round 13 (10/10 nodes): acc=0.6321 ± 0.2681
[Monitor]   Honest: 0.6834  Compromised: 0.1711
[Monitor] Round 14 (10/10 nodes): acc=0.6447 ± 0.2216
[Monitor]   Honest: 0.6935  Compromised: 0.2050
[Monitor] Round 15 (10/10 nodes): acc=0.5856 ± 0.3116
[Monitor]   Honest: 0.6256  Compromised: 0.2257
[Monitor] Round 16 (10/10 nodes): acc=0.6736 ± 0.2459
[Monitor]   Honest: 0.7154  Compromised: 0.2979
[Monitor] Round 17 (10/10 nodes): acc=0.6932 ± 0.2497
[Monitor]   Honest: 0.7364  Compromised: 0.3038
[Monitor] Round 18 (10/10 nodes): acc=0.6791 ± 0.2850
[Monitor]   Honest: 0.7325  Compromised: 0.1991
[Monitor] Round 19 (10/10 nodes): acc=0.6312 ± 0.2900
[Monitor]   Honest: 0.6902  Compromised: 0.1003
[Monitor] Round 20 (10/10 nodes): acc=0.6090 ± 0.3146
[Monitor]   Honest: 0.6631  Compromised: 0.1224
[Monitor] Round 21 (10/10 nodes): acc=0.6066 ± 0.3408
[Monitor]   Honest: 0.6440  Compromised: 0.2699
[Monitor] Round 22 (10/10 nodes): acc=0.6748 ± 0.3046
[Monitor]   Honest: 0.7193  Compromised: 0.2743
[Monitor] Round 23 (10/10 nodes): acc=0.6853 ± 0.3229
[Monitor]   Honest: 0.7315  Compromised: 0.2699
[Monitor] Round 24 (10/10 nodes): acc=0.7774 ± 0.2269
[Monitor]   Honest: 0.8338  Compromised: 0.2699
[Monitor] Round 25 (10/10 nodes): acc=0.7485 ± 0.2644
[Monitor]   Honest: 0.8109  Compromised: 0.1873
[Monitor] Round 26 (10/10 nodes): acc=0.7106 ± 0.2954
[Monitor]   Honest: 0.7817  Compromised: 0.0708
[Monitor] Round 27 (10/10 nodes): acc=0.7017 ± 0.3485
[Monitor]   Honest: 0.7713  Compromised: 0.0752
[Monitor] Round 28 (10/10 nodes): acc=0.7092 ± 0.3299
[Monitor]   Honest: 0.7799  Compromised: 0.0723
[Monitor] Round 29 (10/10 nodes): acc=0.7608 ± 0.2754
[Monitor]   Honest: 0.8376  Compromised: 0.0693
[Monitor] Round 30 (10/10 nodes): acc=0.7325 ± 0.3396
[Monitor]   Honest: 0.8069  Compromised: 0.0634
[Monitor] Round 31 (10/10 nodes): acc=0.7885 ± 0.2443
[Monitor]   Honest: 0.8601  Compromised: 0.1445
[Monitor] Round 32 (10/10 nodes): acc=0.7104 ± 0.3380
[Monitor]   Honest: 0.7800  Compromised: 0.0841
[Monitor] Round 33 (10/10 nodes): acc=0.6724 ± 0.3219
[Monitor]   Honest: 0.7096  Compromised: 0.3378
[Monitor] Round 34 (10/10 nodes): acc=0.5390 ± 0.4234
[Monitor]   Honest: 0.5625  Compromised: 0.3274
[Monitor] Round 35 (10/10 nodes): acc=0.5408 ± 0.4128
[Monitor]   Honest: 0.5792  Compromised: 0.1947
[Monitor] Round 36 (10/10 nodes): acc=0.5534 ± 0.4150
[Monitor]   Honest: 0.5811  Compromised: 0.3038
[Monitor] Round 37 (10/10 nodes): acc=0.3775 ± 0.3731
[Monitor]   Honest: 0.4056  Compromised: 0.1239
[Monitor] Round 38 (10/10 nodes): acc=0.1707 ± 0.0705
[Monitor]   Honest: 0.1728  Compromised: 0.1519
[Monitor] Round 39 (10/10 nodes): acc=0.1695 ± 0.0826
[Monitor]   Honest: 0.1783  Compromised: 0.0900
[Monitor] Round 40 (10/10 nodes): acc=0.2145 ± 0.1318
[Monitor]   Honest: 0.2249  Compromised: 0.1209
[Monitor] Round 41 (10/10 nodes): acc=0.1961 ± 0.1492
[Monitor]   Honest: 0.2071  Compromised: 0.0973
[Monitor] Round 42 (10/10 nodes): acc=0.1691 ± 0.1345
[Monitor]   Honest: 0.1774  Compromised: 0.0944
[Monitor] Round 43 (10/10 nodes): acc=0.1322 ± 0.0687
[Monitor]   Honest: 0.1239  Compromised: 0.2065
[Monitor] Round 44 (10/10 nodes): acc=0.1284 ± 0.1017
[Monitor]   Honest: 0.1328  Compromised: 0.0885
[Monitor] Round 45 (10/10 nodes): acc=0.0751 ± 0.0478
[Monitor]   Honest: 0.0777  Compromised: 0.0516
[Monitor] Round 46 (10/10 nodes): acc=0.0815 ± 0.0332
[Monitor]   Honest: 0.0880  Compromised: 0.0236
[Monitor] Round 47 (10/10 nodes): acc=0.1277 ± 0.0631
[Monitor]   Honest: 0.1173  Compromised: 0.2212
[Monitor] Round 48 (10/10 nodes): acc=0.1157 ± 0.0463
[Monitor]   Honest: 0.1034  Compromised: 0.2257
[Monitor] Round 49 (10/10 nodes): acc=0.1160 ± 0.0471
[Monitor]   Honest: 0.1207  Compromised: 0.0737
Gaussian Attack: Compromised 1/10 nodes
  Compromised nodes: [1]
  Noise std: 10.0
Gaussian Attack: Compromised 1/10 nodes
  Compromised nodes: [1]
  Noise std: 10.0
Gaussian Attack: Compromised 1/10 nodes
  Compromised nodes: [1]
  Noise std: 10.0
Gaussian Attack: Compromised 1/10 nodes
  Compromised nodes: [1]
  Noise std: 10.0
Gaussian Attack: Compromised 1/10 nodes
  Compromised nodes: [1]
  Noise std: 10.0
Gaussian Attack: Compromised 1/10 nodes
  Compromised nodes: [1]
  Noise std: 10.0
Gaussian Attack: Compromised 1/10 nodes
  Compromised nodes: [1]
  Noise std: 10.0
Gaussian Attack: Compromised 1/10 nodes
  Compromised nodes: [1]
  Noise std: 10.0
Gaussian Attack: Compromised 1/10 nodes
  Compromised nodes: [1]
  Noise std: 10.0
[Monitor] Round 50 (10/10 nodes): acc=0.1190 ± 0.0307
[Monitor]   Honest: 0.1165  Compromised: 0.1416
Gaussian Attack: Compromised 1/10 nodes
  Compromised nodes: [1]
  Noise std: 10.0
                                   Training Results                                   
┏━━━━━━━┳━━━━━━━━━━┳━━━━━━━━━┳━━━━━━━━━━━━┳━━━━━━━━━━━┳━━━━━━━━━┳━━━━━━━━━┳━━━━━━━━━━┓
┃ Round ┃ Mean Acc ┃ Std Acc ┃ Honest Acc ┃ Comp. Acc ┃ Vacuity ┃ Entropy ┃ Strength ┃
┡━━━━━━━╇━━━━━━━━━━╇━━━━━━━━━╇━━━━━━━━━━━━╇━━━━━━━━━━━╇━━━━━━━━━╇━━━━━━━━━╇━━━━━━━━━━┩
│ 1     │ 0.3001   │ 0.1886  │ 0.3257     │ 0.0693    │ nan     │ nan     │ nan      │
│ 2     │ 0.5059   │ 0.2580  │ 0.5113     │ 0.4572    │ 0.4659  │ 1.6335  │ 682.58   │
│ 3     │ 0.5308   │ 0.2826  │ 0.5745     │ 0.1372    │ 0.4631  │ 1.5947  │ 166.29   │
│ 4     │ 0.5865   │ 0.2312  │ 0.6325     │ 0.1726    │ 0.4466  │ 1.5486  │ 355.87   │
│ 5     │ 0.5526   │ 0.2536  │ 0.5962     │ 0.1608    │ 0.4438  │ 1.5792  │ 322.52   │
│ 6     │ 0.5525   │ 0.2993  │ 0.6054     │ 0.0767    │ 0.4405  │ 1.5148  │ 287.92   │
│ 7     │ 0.5350   │ 0.2480  │ 0.5784     │ 0.1445    │ 0.4388  │ 1.5553  │ 440.34   │
│ 8     │ 0.5157   │ 0.2168  │ 0.5396     │ 0.3009    │ 0.4484  │ 1.5665  │ 357.53   │
│ 9     │ 0.5635   │ 0.2317  │ 0.6079     │ 0.1637    │ 0.4524  │ 1.5096  │ 291.85   │
│ 10    │ 0.6219   │ 0.2386  │ 0.6720     │ 0.1711    │ 0.4380  │ 1.5010  │ 359.28   │
│ 11    │ 0.6099   │ 0.2348  │ 0.6585     │ 0.1726    │ 0.4359  │ 1.5024  │ 375.71   │
│ 12    │ 0.6369   │ 0.2502  │ 0.6883     │ 0.1740    │ 0.4260  │ 1.4560  │ 419.35   │
│ 13    │ 0.6321   │ 0.2681  │ 0.6834     │ 0.1711    │ 0.4218  │ 1.4686  │ 545.17   │
│ 14    │ 0.6447   │ 0.2216  │ 0.6935     │ 0.2050    │ 0.4217  │ 1.4356  │ 325.41   │
│ 15    │ 0.5856   │ 0.3116  │ 0.6256     │ 0.2257    │ 0.4196  │ 1.4535  │ 498.44   │
│ 16    │ 0.6736   │ 0.2459  │ 0.7154     │ 0.2979    │ 0.4122  │ 1.3955  │ 490.45   │
│ 17    │ 0.6932   │ 0.2497  │ 0.7364     │ 0.3038    │ 0.4090  │ 1.3608  │ 488.06   │
│ 18    │ 0.6791   │ 0.2850  │ 0.7325     │ 0.1991    │ 0.4058  │ 1.3724  │ 598.89   │
│ 19    │ 0.6312   │ 0.2900  │ 0.6902     │ 0.1003    │ 0.4067  │ 1.3666  │ 780.69   │
│ 20    │ 0.6090   │ 0.3146  │ 0.6631     │ 0.1224    │ 0.4003  │ 1.4018  │ 885.03   │
│ 21    │ 0.6066   │ 0.3408  │ 0.6440     │ 0.2699    │ 0.3999  │ 1.3678  │ 158.22   │
│ 22    │ 0.6748   │ 0.3046  │ 0.7193     │ 0.2743    │ 0.4356  │ 1.3679  │ 105.94   │
│ 23    │ 0.6853   │ 0.3229  │ 0.7315     │ 0.2699    │ 0.4140  │ 1.3791  │ 32.75    │
│ 24    │ 0.7774   │ 0.2269  │ 0.8338     │ 0.2699    │ 0.4016  │ 1.3681  │ 219.24   │
│ 25    │ 0.7485   │ 0.2644  │ 0.8109     │ 0.1873    │ 0.3947  │ 1.3435  │ 121.38   │
│ 26    │ 0.7106   │ 0.2954  │ 0.7817     │ 0.0708    │ 0.3953  │ 1.3609  │ 215.56   │
│ 27    │ 0.7017   │ 0.3485  │ 0.7713     │ 0.0752    │ 0.3955  │ 1.3510  │ 257.28   │
│ 28    │ 0.7092   │ 0.3299  │ 0.7799     │ 0.0723    │ 0.4648  │ 1.4244  │ 73.26    │
│ 29    │ 0.7608   │ 0.2754  │ 0.8376     │ 0.0693    │ 0.3885  │ 1.3117  │ 316.29   │
│ 30    │ 0.7325   │ 0.3396  │ 0.8069     │ 0.0634    │ 0.4002  │ 1.3597  │ 223.92   │
│ 31    │ 0.7885   │ 0.2443  │ 0.8601     │ 0.1445    │ 0.4083  │ 1.2985  │ 147.20   │
│ 32    │ 0.7104   │ 0.3380  │ 0.7800     │ 0.0841    │ 0.3523  │ 1.2943  │ 322.45   │
│ 33    │ 0.6724   │ 0.3219  │ 0.7096     │ 0.3378    │ 0.3292  │ 1.1924  │ 248.97   │
│ 34    │ 0.5390   │ 0.4234  │ 0.5625     │ 0.3274    │ 0.2993  │ 1.2042  │ 304.12   │
│ 35    │ 0.5408   │ 0.4128  │ 0.5792     │ 0.1947    │ 0.3552  │ 1.2564  │ 133.08   │
│ 36    │ 0.5534   │ 0.4150  │ 0.5811     │ 0.3038    │ 0.2980  │ 1.1555  │ 265.94   │
│ 37    │ 0.3775   │ 0.3731  │ 0.4056     │ 0.1239    │ 0.3280  │ 1.2331  │ 228.97   │
│ 38    │ 0.1707   │ 0.0705  │ 0.1728     │ 0.1519    │ 0.3451  │ 1.2675  │ 316.59   │
│ 39    │ 0.1695   │ 0.0826  │ 0.1783     │ 0.0900    │ 0.3003  │ 1.2505  │ 543.72   │
│ 40    │ 0.2145   │ 0.1318  │ 0.2249     │ 0.1209    │ 0.2470  │ 1.0869  │ 679.64   │
│ 41    │ 0.1961   │ 0.1492  │ 0.2071     │ 0.0973    │ 0.2029  │ 0.9443  │ 634.41   │
│ 42    │ 0.1691   │ 0.1345  │ 0.1774     │ 0.0944    │ 0.2185  │ 0.9009  │ 275.67   │
│ 43    │ 0.1322   │ 0.0687  │ 0.1239     │ 0.2065    │ 0.2403  │ 1.0339  │ 603.27   │
│ 44    │ 0.1284   │ 0.1017  │ 0.1328     │ 0.0885    │ 0.2168  │ 0.9768  │ 457.43   │
│ 45    │ 0.0751   │ 0.0478  │ 0.0777     │ 0.0516    │ 0.3625  │ 1.1774  │ 683.86   │
│ 46    │ 0.0815   │ 0.0332  │ 0.0880     │ 0.0236    │ 0.2737  │ 1.0418  │ 749.66   │
│ 47    │ 0.1277   │ 0.0631  │ 0.1173     │ 0.2212    │ 0.2831  │ 1.0818  │ 613.54   │
│ 48    │ 0.1157   │ 0.0463  │ 0.1034     │ 0.2257    │ 0.2950  │ 1.0988  │ 675.28   │
│ 49    │ 0.1160   │ 0.0471  │ 0.1207     │ 0.0737    │ 0.3103  │ 1.1243  │ 581.79   │
│ 50    │ 0.1190   │ 0.0307  │ 0.1165     │ 0.1416    │ 0.3198  │ 1.1597  │ 842.17   │
└───────┴──────────┴─────────┴────────────┴───────────┴─────────┴─────────┴──────────┘

Uncertainty Metrics:
  • Vacuity: epistemic uncertainty — lower is more confident
  • Entropy: aleatoric uncertainty — lower is more decisive
  • Strength: Dirichlet strength — higher means more evidence
Results written → /DataVol/projects/murmura/experiments/paper/dmtt/exp1_main_comparison/results/DynUBAR-byz10-s42.parquet

✓ Distributed training complete
