Loading config: /DataVol/projects/murmura/experiments/paper/dmtt/exp1_main_comparison/dyn_ubar/dyn_ubar_byz20_s42.yaml

Experiment: DynUBAR-byz20-s42
  Backend:    distributed (ZMQ IPC)
  Rounds:     50
  Topology:   fully (10 nodes)
  Aggregation:ubar
  Attack: topology_liar (20% nodes)

Launching distributed processes…

Gaussian Attack: Compromised 2/10 nodes
  Compromised nodes: [0, 1]
  Noise std: 10.0
[DistributedRunner] run_id=0eebbe20  t_start=1017928.283  (startup_grace=5.0s)
[Monitor] Round 1 (10/10 nodes): acc=0.3388 ± 0.1766
[Monitor]   Honest: 0.3581  Compromised: 0.2617
[Monitor] Round 2 (10/10 nodes): acc=0.5119 ± 0.2469
[Monitor]   Honest: 0.5744  Compromised: 0.2617
[Monitor] Round 3 (10/10 nodes): acc=0.5684 ± 0.2408
[Monitor]   Honest: 0.6451  Compromised: 0.2617
[Monitor] Round 4 (10/10 nodes): acc=0.5835 ± 0.2466
[Monitor]   Honest: 0.6640  Compromised: 0.2617
[Monitor] Round 5 (10/10 nodes): acc=0.5660 ± 0.2507
[Monitor]   Honest: 0.6421  Compromised: 0.2617
[Monitor] Round 6 (10/10 nodes): acc=0.5952 ± 0.2477
[Monitor]   Honest: 0.6786  Compromised: 0.2617
[Monitor] Round 7 (10/10 nodes): acc=0.5538 ± 0.2380
[Monitor]   Honest: 0.6268  Compromised: 0.2617
[Monitor] Round 8 (10/10 nodes): acc=0.5004 ± 0.2465
[Monitor]   Honest: 0.5601  Compromised: 0.2617
[Monitor] Round 9 (10/10 nodes): acc=0.5614 ± 0.2454
[Monitor]   Honest: 0.6364  Compromised: 0.2617
[Monitor] Round 10 (10/10 nodes): acc=0.6277 ± 0.2439
[Monitor]   Honest: 0.7191  Compromised: 0.2617
[Monitor] Round 11 (10/10 nodes): acc=0.6085 ± 0.2488
[Monitor]   Honest: 0.6951  Compromised: 0.2617
[Monitor] Round 12 (10/10 nodes): acc=0.6339 ± 0.2652
[Monitor]   Honest: 0.7269  Compromised: 0.2617
[Monitor] Round 13 (10/10 nodes): acc=0.6293 ± 0.2817
[Monitor]   Honest: 0.7212  Compromised: 0.2617
[Monitor] Round 14 (10/10 nodes): acc=0.6452 ± 0.2361
[Monitor]   Honest: 0.7411  Compromised: 0.2617
[Monitor] Round 15 (10/10 nodes): acc=0.6058 ± 0.2972
[Monitor]   Honest: 0.6918  Compromised: 0.2617
[Monitor] Round 16 (10/10 nodes): acc=0.6580 ± 0.2813
[Monitor]   Honest: 0.7571  Compromised: 0.2617
[Monitor] Round 17 (10/10 nodes): acc=0.6770 ± 0.2865
[Monitor]   Honest: 0.7808  Compromised: 0.2617
[Monitor] Round 18 (10/10 nodes): acc=0.6843 ± 0.2901
[Monitor]   Honest: 0.7899  Compromised: 0.2617
[Monitor] Round 19 (10/10 nodes): acc=0.6361 ± 0.2903
[Monitor]   Honest: 0.7297  Compromised: 0.2617
[Monitor] Round 20 (10/10 nodes): acc=0.6188 ± 0.3124
[Monitor]   Honest: 0.7080  Compromised: 0.2617
[Monitor] Round 21 (10/10 nodes): acc=0.6318 ± 0.3146
[Monitor]   Honest: 0.7244  Compromised: 0.2617
[Monitor] Round 22 (10/10 nodes): acc=0.6901 ± 0.2912
[Monitor]   Honest: 0.7972  Compromised: 0.2617
[Monitor] Round 23 (10/10 nodes): acc=0.7096 ± 0.2906
[Monitor]   Honest: 0.8215  Compromised: 0.2617
[Monitor] Round 24 (10/10 nodes): acc=0.7615 ± 0.2702
[Monitor]   Honest: 0.8865  Compromised: 0.2617
[Monitor] Round 25 (10/10 nodes): acc=0.7498 ± 0.2745
[Monitor]   Honest: 0.8719  Compromised: 0.2617
[Monitor] Round 26 (10/10 nodes): acc=0.7281 ± 0.2741
[Monitor]   Honest: 0.8447  Compromised: 0.2617
[Monitor] Round 27 (10/10 nodes): acc=0.7464 ± 0.2783
[Monitor]   Honest: 0.8676  Compromised: 0.2617
[Monitor] Round 28 (10/10 nodes): acc=0.7415 ± 0.2848
[Monitor]   Honest: 0.8615  Compromised: 0.2617
[Monitor] Round 29 (10/10 nodes): acc=0.7551 ± 0.2815
[Monitor]   Honest: 0.8785  Compromised: 0.2617
[Monitor] Round 30 (10/10 nodes): acc=0.7724 ± 0.2754
[Monitor]   Honest: 0.9001  Compromised: 0.2617
[Monitor] Round 31 (10/10 nodes): acc=0.7656 ± 0.2785
[Monitor]   Honest: 0.8915  Compromised: 0.2617
[Monitor] Round 32 (10/10 nodes): acc=0.7107 ± 0.3487
[Monitor]   Honest: 0.8229  Compromised: 0.2617
[Monitor] Round 33 (10/10 nodes): acc=0.6492 ± 0.3505
[Monitor]   Honest: 0.7461  Compromised: 0.2617
[Monitor] Round 34 (10/10 nodes): acc=0.5694 ± 0.3982
[Monitor]   Honest: 0.6463  Compromised: 0.2617
[Monitor] Round 35 (10/10 nodes): acc=0.5701 ± 0.3958
[Monitor]   Honest: 0.6472  Compromised: 0.2617
[Monitor] Round 36 (10/10 nodes): acc=0.5788 ± 0.3965
[Monitor]   Honest: 0.6580  Compromised: 0.2617
[Monitor] Round 37 (10/10 nodes): acc=0.3927 ± 0.3744
[Monitor]   Honest: 0.4254  Compromised: 0.2617
[Monitor] Round 38 (10/10 nodes): acc=0.1380 ± 0.1349
[Monitor]   Honest: 0.1071  Compromised: 0.2617
[Monitor] Round 39 (10/10 nodes): acc=0.1832 ± 0.1235
[Monitor]   Honest: 0.1635  Compromised: 0.2617
[Monitor] Round 40 (10/10 nodes): acc=0.1723 ± 0.1345
[Monitor]   Honest: 0.1500  Compromised: 0.2617
[Monitor] Round 41 (10/10 nodes): acc=0.1814 ± 0.1306
[Monitor]   Honest: 0.1613  Compromised: 0.2617
[Monitor] Round 42 (10/10 nodes): acc=0.1669 ± 0.1128
[Monitor]   Honest: 0.1432  Compromised: 0.2617
[Monitor] Round 43 (10/10 nodes): acc=0.1740 ± 0.1304
[Monitor]   Honest: 0.1520  Compromised: 0.2617
[Monitor] Round 44 (10/10 nodes): acc=0.2123 ± 0.1104
[Monitor]   Honest: 0.2000  Compromised: 0.2617
[Monitor] Round 45 (10/10 nodes): acc=0.1614 ± 0.1178
[Monitor]   Honest: 0.1363  Compromised: 0.2617
[Monitor] Round 46 (10/10 nodes): acc=0.1675 ± 0.1116
[Monitor]   Honest: 0.1440  Compromised: 0.2617
[Monitor] Round 47 (10/10 nodes): acc=0.1679 ± 0.1119
[Monitor]   Honest: 0.1445  Compromised: 0.2617
[Monitor] Round 48 (10/10 nodes): acc=0.1675 ± 0.1108
[Monitor]   Honest: 0.1439  Compromised: 0.2617
[Monitor] Round 49 (10/10 nodes): acc=0.1721 ± 0.1104
[Monitor]   Honest: 0.1497  Compromised: 0.2617
Gaussian Attack: Compromised 2/10 nodes
  Compromised nodes: [0, 1]
  Noise std: 10.0
Gaussian Attack: Compromised 2/10 nodes
  Compromised nodes: [0, 1]
  Noise std: 10.0
Gaussian Attack: Compromised 2/10 nodes
  Compromised nodes: [0, 1]
  Noise std: 10.0
Gaussian Attack: Compromised 2/10 nodes
  Compromised nodes: [0, 1]
  Noise std: 10.0
Gaussian Attack: Compromised 2/10 nodes
  Compromised nodes: [0, 1]
  Noise std: 10.0
Gaussian Attack: Compromised 2/10 nodes
  Compromised nodes: [0, 1]
  Noise std: 10.0
Gaussian Attack: Compromised 2/10 nodes
  Compromised nodes: [0, 1]
  Noise std: 10.0
Gaussian Attack: Compromised 2/10 nodes
  Compromised nodes: [0, 1]
  Noise std: 10.0
Gaussian Attack: Compromised 2/10 nodes
  Compromised nodes: [0, 1]
  Noise std: 10.0
[Monitor] Round 50 (10/10 nodes): acc=0.1694 ± 0.1112
[Monitor]   Honest: 0.1463  Compromised: 0.2617
Gaussian Attack: Compromised 2/10 nodes
  Compromised nodes: [0, 1]
  Noise std: 10.0
                                   Training Results                                   
┏━━━━━━━┳━━━━━━━━━━┳━━━━━━━━━┳━━━━━━━━━━━━┳━━━━━━━━━━━┳━━━━━━━━━┳━━━━━━━━━┳━━━━━━━━━━┓
┃ Round ┃ Mean Acc ┃ Std Acc ┃ Honest Acc ┃ Comp. Acc ┃ Vacuity ┃ Entropy ┃ Strength ┃
┡━━━━━━━╇━━━━━━━━━━╇━━━━━━━━━╇━━━━━━━━━━━━╇━━━━━━━━━━━╇━━━━━━━━━╇━━━━━━━━━╇━━━━━━━━━━┩
│ 1     │ 0.3388   │ 0.1766  │ 0.3581     │ 0.2617    │ nan     │ nan     │ nan      │
│ 2     │ 0.5119   │ 0.2469  │ 0.5744     │ 0.2617    │ nan     │ nan     │ nan      │
│ 3     │ 0.5684   │ 0.2408  │ 0.6451     │ 0.2617    │ nan     │ nan     │ nan      │
│ 4     │ 0.5835   │ 0.2466  │ 0.6640     │ 0.2617    │ nan     │ nan     │ nan      │
│ 5     │ 0.5660   │ 0.2507  │ 0.6421     │ 0.2617    │ nan     │ nan     │ nan      │
│ 6     │ 0.5952   │ 0.2477  │ 0.6786     │ 0.2617    │ nan     │ nan     │ nan      │
│ 7     │ 0.5538   │ 0.2380  │ 0.6268     │ 0.2617    │ nan     │ nan     │ nan      │
│ 8     │ 0.5004   │ 0.2465  │ 0.5601     │ 0.2617    │ nan     │ nan     │ nan      │
│ 9     │ 0.5614   │ 0.2454  │ 0.6364     │ 0.2617    │ nan     │ nan     │ nan      │
│ 10    │ 0.6277   │ 0.2439  │ 0.7191     │ 0.2617    │ nan     │ nan     │ nan      │
│ 11    │ 0.6085   │ 0.2488  │ 0.6951     │ 0.2617    │ nan     │ nan     │ nan      │
│ 12    │ 0.6339   │ 0.2652  │ 0.7269     │ 0.2617    │ nan     │ nan     │ nan      │
│ 13    │ 0.6293   │ 0.2817  │ 0.7212     │ 0.2617    │ nan     │ nan     │ nan      │
│ 14    │ 0.6452   │ 0.2361  │ 0.7411     │ 0.2617    │ nan     │ nan     │ nan      │
│ 15    │ 0.6058   │ 0.2972  │ 0.6918     │ 0.2617    │ nan     │ nan     │ nan      │
│ 16    │ 0.6580   │ 0.2813  │ 0.7571     │ 0.2617    │ nan     │ nan     │ nan      │
│ 17    │ 0.6770   │ 0.2865  │ 0.7808     │ 0.2617    │ nan     │ nan     │ nan      │
│ 18    │ 0.6843   │ 0.2901  │ 0.7899     │ 0.2617    │ nan     │ nan     │ nan      │
│ 19    │ 0.6361   │ 0.2903  │ 0.7297     │ 0.2617    │ nan     │ nan     │ nan      │
│ 20    │ 0.6188   │ 0.3124  │ 0.7080     │ 0.2617    │ nan     │ nan     │ nan      │
│ 21    │ 0.6318   │ 0.3146  │ 0.7244     │ 0.2617    │ nan     │ nan     │ nan      │
│ 22    │ 0.6901   │ 0.2912  │ 0.7972     │ 0.2617    │ nan     │ nan     │ nan      │
│ 23    │ 0.7096   │ 0.2906  │ 0.8215     │ 0.2617    │ nan     │ nan     │ nan      │
│ 24    │ 0.7615   │ 0.2702  │ 0.8865     │ 0.2617    │ nan     │ nan     │ nan      │
│ 25    │ 0.7498   │ 0.2745  │ 0.8719     │ 0.2617    │ nan     │ nan     │ nan      │
│ 26    │ 0.7281   │ 0.2741  │ 0.8447     │ 0.2617    │ nan     │ nan     │ nan      │
│ 27    │ 0.7464   │ 0.2783  │ 0.8676     │ 0.2617    │ nan     │ nan     │ nan      │
│ 28    │ 0.7415   │ 0.2848  │ 0.8615     │ 0.2617    │ nan     │ nan     │ nan      │
│ 29    │ 0.7551   │ 0.2815  │ 0.8785     │ 0.2617    │ nan     │ nan     │ nan      │
│ 30    │ 0.7724   │ 0.2754  │ 0.9001     │ 0.2617    │ nan     │ nan     │ nan      │
│ 31    │ 0.7656   │ 0.2785  │ 0.8915     │ 0.2617    │ nan     │ nan     │ nan      │
│ 32    │ 0.7107   │ 0.3487  │ 0.8229     │ 0.2617    │ nan     │ nan     │ nan      │
│ 33    │ 0.6492   │ 0.3505  │ 0.7461     │ 0.2617    │ nan     │ nan     │ nan      │
│ 34    │ 0.5694   │ 0.3982  │ 0.6463     │ 0.2617    │ nan     │ nan     │ nan      │
│ 35    │ 0.5701   │ 0.3958  │ 0.6472     │ 0.2617    │ nan     │ nan     │ nan      │
│ 36    │ 0.5788   │ 0.3965  │ 0.6580     │ 0.2617    │ nan     │ nan     │ nan      │
│ 37    │ 0.3927   │ 0.3744  │ 0.4254     │ 0.2617    │ nan     │ nan     │ nan      │
│ 38    │ 0.1380   │ 0.1349  │ 0.1071     │ 0.2617    │ nan     │ nan     │ nan      │
│ 39    │ 0.1832   │ 0.1235  │ 0.1635     │ 0.2617    │ nan     │ nan     │ nan      │
│ 40    │ 0.1723   │ 0.1345  │ 0.1500     │ 0.2617    │ nan     │ nan     │ nan      │
│ 41    │ 0.1814   │ 0.1306  │ 0.1613     │ 0.2617    │ nan     │ nan     │ nan      │
│ 42    │ 0.1669   │ 0.1128  │ 0.1432     │ 0.2617    │ nan     │ nan     │ nan      │
│ 43    │ 0.1740   │ 0.1304  │ 0.1520     │ 0.2617    │ nan     │ nan     │ nan      │
│ 44    │ 0.2123   │ 0.1104  │ 0.2000     │ 0.2617    │ nan     │ nan     │ nan      │
│ 45    │ 0.1614   │ 0.1178  │ 0.1363     │ 0.2617    │ nan     │ nan     │ nan      │
│ 46    │ 0.1675   │ 0.1116  │ 0.1440     │ 0.2617    │ nan     │ nan     │ nan      │
│ 47    │ 0.1679   │ 0.1119  │ 0.1445     │ 0.2617    │ nan     │ nan     │ nan      │
│ 48    │ 0.1675   │ 0.1108  │ 0.1439     │ 0.2617    │ nan     │ nan     │ nan      │
│ 49    │ 0.1721   │ 0.1104  │ 0.1497     │ 0.2617    │ nan     │ nan     │ nan      │
│ 50    │ 0.1694   │ 0.1112  │ 0.1463     │ 0.2617    │ nan     │ nan     │ nan      │
└───────┴──────────┴─────────┴────────────┴───────────┴─────────┴─────────┴──────────┘

Uncertainty Metrics:
  • Vacuity: epistemic uncertainty — lower is more confident
  • Entropy: aleatoric uncertainty — lower is more decisive
  • Strength: Dirichlet strength — higher means more evidence
Results written → /DataVol/projects/murmura/experiments/paper/dmtt/exp1_main_comparison/results/DynUBAR-byz20-s42.parquet

✓ Distributed training complete
