Loading config: /DataVol/projects/murmura/experiments/paper/dmtt/exp1_main_comparison/dyn_ubar/dyn_ubar_byz10_s777.yaml

Experiment: DynUBAR-byz10-s777
  Backend:    distributed (ZMQ IPC)
  Rounds:     50
  Topology:   fully (10 nodes)
  Aggregation:ubar
  Attack: topology_liar (10% nodes)

Launching distributed processes…

Gaussian Attack: Compromised 1/10 nodes
  Compromised nodes: [3]
  Noise std: 10.0
[DistributedRunner] run_id=22257772  t_start=1014970.991  (startup_grace=5.0s)
[Monitor] Round 1 (10/10 nodes): acc=0.4521 ± 0.1843
[Monitor]   Honest: 0.4649  Compromised: 0.3372
[Monitor] Round 2 (10/10 nodes): acc=0.5291 ± 0.2531
[Monitor]   Honest: 0.5798  Compromised: 0.0733
[Monitor] Round 3 (10/10 nodes): acc=0.5829 ± 0.2368
[Monitor]   Honest: 0.6156  Compromised: 0.2884
[Monitor] Round 4 (10/10 nodes): acc=0.6389 ± 0.2231
[Monitor]   Honest: 0.6458  Compromised: 0.5767
[Monitor] Round 5 (10/10 nodes): acc=0.6397 ± 0.2379
[Monitor]   Honest: 0.6688  Compromised: 0.3779
[Monitor] Round 6 (10/10 nodes): acc=0.6817 ± 0.2291
[Monitor]   Honest: 0.6677  Compromised: 0.8081
[Monitor] Round 7 (10/10 nodes): acc=0.6838 ± 0.2363
[Monitor]   Honest: 0.6704  Compromised: 0.8047
[Monitor] Round 8 (10/10 nodes): acc=0.6612 ± 0.2377
[Monitor]   Honest: 0.6587  Compromised: 0.6837
[Monitor] Round 9 (10/10 nodes): acc=0.6581 ± 0.2673
[Monitor]   Honest: 0.6418  Compromised: 0.8047
[Monitor] Round 10 (10/10 nodes): acc=0.6761 ± 0.2975
[Monitor]   Honest: 0.6605  Compromised: 0.8163
[Monitor] Round 11 (10/10 nodes): acc=0.5387 ± 0.3572
[Monitor]   Honest: 0.5134  Compromised: 0.7663
[Monitor] Round 12 (10/10 nodes): acc=0.4667 ± 0.3848
[Monitor]   Honest: 0.5178  Compromised: 0.0070
[Monitor] Round 13 (10/10 nodes): acc=0.5061 ± 0.3569
[Monitor]   Honest: 0.5553  Compromised: 0.0628
[Monitor] Round 14 (10/10 nodes): acc=0.4969 ± 0.3715
[Monitor]   Honest: 0.5475  Compromised: 0.0419
[Monitor] Round 15 (10/10 nodes): acc=0.4991 ± 0.3677
[Monitor]   Honest: 0.5411  Compromised: 0.1209
[Monitor] Round 16 (10/10 nodes): acc=0.5122 ± 0.3583
[Monitor]   Honest: 0.5336  Compromised: 0.3198
[Monitor] Round 17 (10/10 nodes): acc=0.5226 ± 0.3506
[Monitor]   Honest: 0.5497  Compromised: 0.2791
[Monitor] Round 18 (10/10 nodes): acc=0.5546 ± 0.3378
[Monitor]   Honest: 0.5796  Compromised: 0.3302
[Monitor] Round 19 (10/10 nodes): acc=0.5238 ± 0.3215
[Monitor]   Honest: 0.5460  Compromised: 0.3244
[Monitor] Round 20 (10/10 nodes): acc=0.4714 ± 0.3250
[Monitor]   Honest: 0.5136  Compromised: 0.0919
[Monitor] Round 21 (10/10 nodes): acc=0.5227 ± 0.2792
[Monitor]   Honest: 0.5607  Compromised: 0.1814
[Monitor] Round 22 (10/10 nodes): acc=0.4982 ± 0.3069
[Monitor]   Honest: 0.5380  Compromised: 0.1395
[Monitor] Round 23 (10/10 nodes): acc=0.4687 ± 0.3467
[Monitor]   Honest: 0.5107  Compromised: 0.0907
[Monitor] Round 24 (10/10 nodes): acc=0.3867 ± 0.3634
[Monitor]   Honest: 0.4229  Compromised: 0.0605
[Monitor] Round 25 (10/10 nodes): acc=0.3905 ± 0.3625
[Monitor]   Honest: 0.4279  Compromised: 0.0535
[Monitor] Round 26 (10/10 nodes): acc=0.3418 ± 0.3803
[Monitor]   Honest: 0.3732  Compromised: 0.0593
[Monitor] Round 27 (10/10 nodes): acc=0.3520 ± 0.3755
[Monitor]   Honest: 0.3844  Compromised: 0.0605
[Monitor] Round 28 (10/10 nodes): acc=0.3878 ± 0.3667
[Monitor]   Honest: 0.4245  Compromised: 0.0570
[Monitor] Round 29 (10/10 nodes): acc=0.3977 ± 0.3596
[Monitor]   Honest: 0.4353  Compromised: 0.0593
[Monitor] Round 30 (10/10 nodes): acc=0.3813 ± 0.3736
[Monitor]   Honest: 0.4171  Compromised: 0.0593
[Monitor] Round 31 (10/10 nodes): acc=0.3554 ± 0.3742
[Monitor]   Honest: 0.3883  Compromised: 0.0593
[Monitor] Round 32 (10/10 nodes): acc=0.1473 ± 0.1342
[Monitor]   Honest: 0.1571  Compromised: 0.0593
[Monitor] Round 33 (10/10 nodes): acc=0.1054 ± 0.0922
[Monitor]   Honest: 0.1133  Compromised: 0.0337
[Monitor] Round 34 (10/10 nodes): acc=0.1830 ± 0.1495
[Monitor]   Honest: 0.2006  Compromised: 0.0244
[Monitor] Round 35 (10/10 nodes): acc=0.0963 ± 0.0988
[Monitor]   Honest: 0.1001  Compromised: 0.0616
[Monitor] Round 36 (10/10 nodes): acc=0.1861 ± 0.1860
[Monitor]   Honest: 0.1915  Compromised: 0.1372
[Monitor] Round 37 (10/10 nodes): acc=0.2081 ± 0.1406
[Monitor]   Honest: 0.1996  Compromised: 0.2849
[Monitor] Round 38 (10/10 nodes): acc=0.2371 ± 0.1438
[Monitor]   Honest: 0.2178  Compromised: 0.4105
[Monitor] Round 39 (10/10 nodes): acc=0.2065 ± 0.1318
[Monitor]   Honest: 0.2023  Compromised: 0.2442
[Monitor] Round 40 (10/10 nodes): acc=0.1904 ± 0.1220
[Monitor]   Honest: 0.1994  Compromised: 0.1093
[Monitor] Round 41 (10/10 nodes): acc=0.2095 ± 0.1127
[Monitor]   Honest: 0.2169  Compromised: 0.1430
[Monitor] Round 42 (10/10 nodes): acc=0.1881 ± 0.1163
[Monitor]   Honest: 0.1945  Compromised: 0.1302
[Monitor] Round 43 (10/10 nodes): acc=0.1342 ± 0.0942
[Monitor]   Honest: 0.1336  Compromised: 0.1395
[Monitor] Round 44 (10/10 nodes): acc=0.1820 ± 0.1062
[Monitor]   Honest: 0.1880  Compromised: 0.1279
[Monitor] Round 45 (10/10 nodes): acc=0.2442 ± 0.2421
[Monitor]   Honest: 0.2525  Compromised: 0.1698
[Monitor] Round 46 (10/10 nodes): acc=0.1610 ± 0.1671
[Monitor]   Honest: 0.1723  Compromised: 0.0593
[Monitor] Round 47 (10/10 nodes): acc=0.1729 ± 0.1729
[Monitor]   Honest: 0.1788  Compromised: 0.1198
[Monitor] Round 48 (10/10 nodes): acc=0.1822 ± 0.1751
[Monitor]   Honest: 0.1833  Compromised: 0.1721
[Monitor] Round 49 (10/10 nodes): acc=0.1871 ± 0.1800
[Monitor]   Honest: 0.1891  Compromised: 0.1698
Gaussian Attack: Compromised 1/10 nodes
  Compromised nodes: [3]
  Noise std: 10.0
Gaussian Attack: Compromised 1/10 nodes
  Compromised nodes: [3]
  Noise std: 10.0
Gaussian Attack: Compromised 1/10 nodes
  Compromised nodes: [3]
  Noise std: 10.0
Gaussian Attack: Compromised 1/10 nodes
  Compromised nodes: [3]
  Noise std: 10.0
Gaussian Attack: Compromised 1/10 nodes
  Compromised nodes: [3]
  Noise std: 10.0
Gaussian Attack: Compromised 1/10 nodes
  Compromised nodes: [3]
  Noise std: 10.0
Gaussian Attack: Compromised 1/10 nodes
  Compromised nodes: [3]
  Noise std: 10.0
Gaussian Attack: Compromised 1/10 nodes
  Compromised nodes: [3]
  Noise std: 10.0
Gaussian Attack: Compromised 1/10 nodes
  Compromised nodes: [3]
  Noise std: 10.0
[Monitor] Round 50 (10/10 nodes): acc=0.1824 ± 0.1619
[Monitor]   Honest: 0.1824  Compromised: 0.1826
Gaussian Attack: Compromised 1/10 nodes
  Compromised nodes: [3]
  Noise std: 10.0
                                   Training Results                                   
┏━━━━━━━┳━━━━━━━━━━┳━━━━━━━━━┳━━━━━━━━━━━━┳━━━━━━━━━━━┳━━━━━━━━━┳━━━━━━━━━┳━━━━━━━━━━┓
┃ Round ┃ Mean Acc ┃ Std Acc ┃ Honest Acc ┃ Comp. Acc ┃ Vacuity ┃ Entropy ┃ Strength ┃
┡━━━━━━━╇━━━━━━━━━━╇━━━━━━━━━╇━━━━━━━━━━━━╇━━━━━━━━━━━╇━━━━━━━━━╇━━━━━━━━━╇━━━━━━━━━━┩
│ 1     │ 0.4521   │ 0.1843  │ 0.4649     │ 0.3372    │ 0.5904  │ 1.7913  │ 10.16    │
│ 2     │ 0.5291   │ 0.2531  │ 0.5798     │ 0.0733    │ 0.5870  │ 1.7863  │ 10.23    │
│ 3     │ 0.5829   │ 0.2368  │ 0.6156     │ 0.2884    │ 0.5804  │ 1.7766  │ 10.35    │
│ 4     │ 0.6389   │ 0.2231  │ 0.6458     │ 0.5767    │ 0.5740  │ 1.7654  │ 10.47    │
│ 5     │ 0.6397   │ 0.2379  │ 0.6688     │ 0.3779    │ 0.5654  │ 1.7513  │ 10.65    │
│ 6     │ 0.6817   │ 0.2291  │ 0.6677     │ 0.8081    │ 0.5593  │ 1.7370  │ 10.77    │
│ 7     │ 0.6838   │ 0.2363  │ 0.6704     │ 0.8047    │ 0.5605  │ 1.7354  │ 10.76    │
│ 8     │ 0.6612   │ 0.2377  │ 0.6587     │ 0.6837    │ 0.5677  │ 1.7504  │ 10.59    │
│ 9     │ 0.6581   │ 0.2673  │ 0.6418     │ 0.8047    │ nan     │ nan     │ nan      │
│ 10    │ 0.6761   │ 0.2975  │ 0.6605     │ 0.8163    │ 0.5088  │ 1.6732  │ 26.01    │
│ 11    │ 0.5387   │ 0.3572  │ 0.5134     │ 0.7663    │ nan     │ nan     │ nan      │
│ 12    │ 0.4667   │ 0.3848  │ 0.5178     │ 0.0070    │ 0.3845  │ 1.4911  │ 1066.77  │
│ 13    │ 0.5061   │ 0.3569  │ 0.5553     │ 0.0628    │ 0.3635  │ 1.4929  │ 532.60   │
│ 14    │ 0.4969   │ 0.3715  │ 0.5475     │ 0.0419    │ 0.3681  │ 1.5296  │ 400.30   │
│ 15    │ 0.4991   │ 0.3677  │ 0.5411     │ 0.1209    │ 0.3724  │ 1.4891  │ 482.13   │
│ 16    │ 0.5122   │ 0.3583  │ 0.5336     │ 0.3198    │ 0.3787  │ 1.4176  │ 280.11   │
│ 17    │ 0.5226   │ 0.3506  │ 0.5497     │ 0.2791    │ 0.4023  │ 1.5231  │ 584.66   │
│ 18    │ 0.5546   │ 0.3378  │ 0.5796     │ 0.3302    │ 0.4155  │ 1.4836  │ 612.75   │
│ 19    │ 0.5238   │ 0.3215  │ 0.5460     │ 0.3244    │ 0.4483  │ 1.5162  │ 323.11   │
│ 20    │ 0.4714   │ 0.3250  │ 0.5136     │ 0.0919    │ 0.4370  │ 1.5764  │ 396.91   │
│ 21    │ 0.5227   │ 0.2792  │ 0.5607     │ 0.1814    │ 0.4612  │ 1.5774  │ 411.84   │
│ 22    │ 0.4982   │ 0.3069  │ 0.5380     │ 0.1395    │ 0.4616  │ 1.5735  │ 475.20   │
│ 23    │ 0.4687   │ 0.3467  │ 0.5107     │ 0.0907    │ 0.4006  │ 1.4014  │ 518.27   │
│ 24    │ 0.3867   │ 0.3634  │ 0.4229     │ 0.0605    │ 0.2382  │ 1.1380  │ 234.20   │
│ 25    │ 0.3905   │ 0.3625  │ 0.4279     │ 0.0535    │ 0.2320  │ 1.2554  │ 1116.08  │
│ 26    │ 0.3418   │ 0.3803  │ 0.3732     │ 0.0593    │ 0.1812  │ 1.1516  │ 386.10   │
│ 27    │ 0.3520   │ 0.3755  │ 0.3844     │ 0.0605    │ 0.2030  │ 1.2190  │ 272.52   │
│ 28    │ 0.3878   │ 0.3667  │ 0.4245     │ 0.0570    │ 0.2172  │ 1.1845  │ 889.55   │
│ 29    │ 0.3977   │ 0.3596  │ 0.4353     │ 0.0593    │ 0.2198  │ 1.2301  │ 578.40   │
│ 30    │ 0.3813   │ 0.3736  │ 0.4171     │ 0.0593    │ 0.1620  │ 1.2131  │ 260.14   │
│ 31    │ 0.3554   │ 0.3742  │ 0.3883     │ 0.0593    │ 0.1652  │ 1.2351  │ 250.43   │
│ 32    │ 0.1473   │ 0.1342  │ 0.1571     │ 0.0593    │ 0.0605  │ 1.1700  │ 239.64   │
│ 33    │ 0.1054   │ 0.0922  │ 0.1133     │ 0.0337    │ 0.0376  │ 1.1860  │ 209.62   │
│ 34    │ 0.1830   │ 0.1495  │ 0.2006     │ 0.0244    │ 0.0317  │ 1.0223  │ 1825.53  │
│ 35    │ 0.0963   │ 0.0988  │ 0.1001     │ 0.0616    │ 0.0339  │ 0.9628  │ 386.78   │
│ 36    │ 0.1861   │ 0.1860  │ 0.1915     │ 0.1372    │ 0.0320  │ 1.0818  │ 464.75   │
│ 37    │ 0.2081   │ 0.1406  │ 0.1996     │ 0.2849    │ 0.0357  │ 1.0910  │ 737.41   │
│ 38    │ 0.2371   │ 0.1438  │ 0.2178     │ 0.4105    │ 0.0381  │ 1.0985  │ 195.69   │
│ 39    │ 0.2065   │ 0.1318  │ 0.2023     │ 0.2442    │ 0.0375  │ 1.1824  │ 191.49   │
│ 40    │ 0.1904   │ 0.1220  │ 0.1994     │ 0.1093    │ 0.0393  │ 1.1583  │ 183.57   │
│ 41    │ 0.2095   │ 0.1127  │ 0.2169     │ 0.1430    │ 0.0346  │ 1.1642  │ 1320.22  │
│ 42    │ 0.1881   │ 0.1163  │ 0.1945     │ 0.1302    │ 0.0353  │ 1.2034  │ 237.06   │
│ 43    │ 0.1342   │ 0.0942  │ 0.1336     │ 0.1395    │ 0.0326  │ 1.2374  │ 282.50   │
│ 44    │ 0.1820   │ 0.1062  │ 0.1880     │ 0.1279    │ 0.0301  │ 1.1695  │ 2066.56  │
│ 45    │ 0.2442   │ 0.2421  │ 0.2525     │ 0.1698    │ 0.0262  │ 1.2540  │ 1291.71  │
│ 46    │ 0.1610   │ 0.1671  │ 0.1723     │ 0.0593    │ 0.0246  │ 1.2292  │ 446.78   │
│ 47    │ 0.1729   │ 0.1729  │ 0.1788     │ 0.1198    │ 0.0246  │ 1.2684  │ 452.25   │
│ 48    │ 0.1822   │ 0.1751  │ 0.1833     │ 0.1721    │ 0.0247  │ 1.2793  │ 460.89   │
│ 49    │ 0.1871   │ 0.1800  │ 0.1891     │ 0.1698    │ 0.0247  │ 1.2750  │ 461.98   │
│ 50    │ 0.1824   │ 0.1619  │ 0.1824     │ 0.1826    │ 0.0244  │ 1.2968  │ 479.63   │
└───────┴──────────┴─────────┴────────────┴───────────┴─────────┴─────────┴──────────┘

Uncertainty Metrics:
  • Vacuity: epistemic uncertainty — lower is more confident
  • Entropy: aleatoric uncertainty — lower is more decisive
  • Strength: Dirichlet strength — higher means more evidence
Results written → /DataVol/projects/murmura/experiments/paper/dmtt/exp1_main_comparison/results/DynUBAR-byz10-s777.parquet

✓ Distributed training complete
