Loading config: /DataVol/projects/murmura/experiments/paper/dmtt/exp1_main_comparison/dyn_ubar/dyn_ubar_byz30_s777.yaml

Experiment: DynUBAR-byz30-s777
  Backend:    distributed (ZMQ IPC)
  Rounds:     50
  Topology:   fully (10 nodes)
  Aggregation:ubar
  Attack: topology_liar (30% nodes)

Launching distributed processes…

Gaussian Attack: Compromised 3/10 nodes
  Compromised nodes: [3, 7, 8]
  Noise std: 10.0
[DistributedRunner] run_id=298b7947  t_start=1023842.862  (startup_grace=5.0s)
[Monitor] Round 1 (10/10 nodes): acc=0.4421 ± 0.1899
[Monitor]   Honest: 0.4493  Compromised: 0.4252
[Monitor] Round 2 (10/10 nodes): acc=0.3404 ± 0.3168
[Monitor]   Honest: 0.4641  Compromised: 0.0517
[Monitor] Round 3 (10/10 nodes): acc=0.3686 ± 0.3196
[Monitor]   Honest: 0.4729  Compromised: 0.1253
[Monitor] Round 4 (10/10 nodes): acc=0.4204 ± 0.2922
[Monitor]   Honest: 0.5144  Compromised: 0.2011
[Monitor] Round 5 (10/10 nodes): acc=0.3366 ± 0.2599
[Monitor]   Honest: 0.3994  Compromised: 0.1902
[Monitor] Round 6 (10/10 nodes): acc=0.3076 ± 0.2606
[Monitor]   Honest: 0.3910  Compromised: 0.1129
[Monitor] Round 7 (10/10 nodes): acc=0.2421 ± 0.2208
[Monitor]   Honest: 0.2841  Compromised: 0.1439
[Monitor] Round 8 (10/10 nodes): acc=0.2133 ± 0.2302
[Monitor]   Honest: 0.2213  Compromised: 0.1946
[Monitor] Round 9 (10/10 nodes): acc=0.2565 ± 0.2253
[Monitor]   Honest: 0.2787  Compromised: 0.2047
[Monitor] Round 10 (10/10 nodes): acc=0.2542 ± 0.2250
[Monitor]   Honest: 0.3071  Compromised: 0.1307
[Monitor] Round 11 (10/10 nodes): acc=0.3393 ± 0.2334
[Monitor]   Honest: 0.3724  Compromised: 0.2620
[Monitor] Round 12 (10/10 nodes): acc=0.2607 ± 0.2504
[Monitor]   Honest: 0.2958  Compromised: 0.1788
[Monitor] Round 13 (10/10 nodes): acc=0.2039 ± 0.2562
[Monitor]   Honest: 0.2434  Compromised: 0.1117
[Monitor] Round 14 (10/10 nodes): acc=0.2327 ± 0.2578
[Monitor]   Honest: 0.2555  Compromised: 0.1794
[Monitor] Round 15 (10/10 nodes): acc=0.2492 ± 0.2546
[Monitor]   Honest: 0.2776  Compromised: 0.1829
[Monitor] Round 16 (10/10 nodes): acc=0.2473 ± 0.2682
[Monitor]   Honest: 0.2997  Compromised: 0.1248
[Monitor] Round 17 (10/10 nodes): acc=0.2958 ± 0.2626
[Monitor]   Honest: 0.3612  Compromised: 0.1433
[Monitor] Round 18 (10/10 nodes): acc=0.2557 ± 0.2677
[Monitor]   Honest: 0.2900  Compromised: 0.1758
[Monitor] Round 19 (10/10 nodes): acc=0.2532 ± 0.2632
[Monitor]   Honest: 0.2937  Compromised: 0.1589
[Monitor] Round 20 (10/10 nodes): acc=0.2250 ± 0.2737
[Monitor]   Honest: 0.2764  Compromised: 0.1052
[Monitor] Round 21 (10/10 nodes): acc=0.1381 ± 0.1073
[Monitor]   Honest: 0.1391  Compromised: 0.1358
[Monitor] Round 22 (10/10 nodes): acc=0.1137 ± 0.1041
[Monitor]   Honest: 0.0903  Compromised: 0.1682
[Monitor] Round 23 (10/10 nodes): acc=0.0924 ± 0.0859
[Monitor]   Honest: 0.1034  Compromised: 0.0666
[Monitor] Round 24 (10/10 nodes): acc=0.1393 ± 0.1454
[Monitor]   Honest: 0.1565  Compromised: 0.0991
[Monitor] Round 25 (10/10 nodes): acc=0.0912 ± 0.1055
[Monitor]   Honest: 0.0984  Compromised: 0.0744
[Monitor] Round 26 (10/10 nodes): acc=0.1403 ± 0.1289
[Monitor]   Honest: 0.1172  Compromised: 0.1943
[Monitor] Round 27 (10/10 nodes): acc=0.0965 ± 0.1160
[Monitor]   Honest: 0.1003  Compromised: 0.0877
[Monitor] Round 28 (10/10 nodes): acc=0.1348 ± 0.1602
[Monitor]   Honest: 0.1695  Compromised: 0.0538
[Monitor] Round 29 (10/10 nodes): acc=0.0923 ± 0.1205
[Monitor]   Honest: 0.1077  Compromised: 0.0563
[Monitor] Round 30 (10/10 nodes): acc=0.0945 ± 0.0917
[Monitor]   Honest: 0.1019  Compromised: 0.0773
[Monitor] Round 31 (10/10 nodes): acc=0.0903 ± 0.0888
[Monitor]   Honest: 0.0946  Compromised: 0.0802
[Monitor] Round 32 (10/10 nodes): acc=0.1437 ± 0.2541
[Monitor]   Honest: 0.1644  Compromised: 0.0954
[Monitor] Round 33 (10/10 nodes): acc=0.0506 ± 0.0596
[Monitor]   Honest: 0.0377  Compromised: 0.0807
[Monitor] Round 34 (10/10 nodes): acc=0.1477 ± 0.1510
[Monitor]   Honest: 0.1423  Compromised: 0.1603
[Monitor] Round 35 (10/10 nodes): acc=0.0742 ± 0.1051
[Monitor]   Honest: 0.0365  Compromised: 0.1623
[Monitor] Round 36 (10/10 nodes): acc=0.0585 ± 0.0589
[Monitor]   Honest: 0.0407  Compromised: 0.0998
[Monitor] Round 37 (10/10 nodes): acc=0.0923 ± 0.1069
[Monitor]   Honest: 0.0543  Compromised: 0.1812
[Monitor] Round 38 (10/10 nodes): acc=0.0845 ± 0.1142
[Monitor]   Honest: 0.0381  Compromised: 0.1927
[Monitor] Round 39 (10/10 nodes): acc=0.0829 ± 0.1089
[Monitor]   Honest: 0.0364  Compromised: 0.1915
[Monitor] Round 40 (10/10 nodes): acc=0.0808 ± 0.0821
[Monitor]   Honest: 0.0429  Compromised: 0.1692
[Monitor] Round 41 (10/10 nodes): acc=0.1567 ± 0.2546
[Monitor]   Honest: 0.1882  Compromised: 0.0832
[Monitor] Round 42 (10/10 nodes): acc=0.1746 ± 0.2518
[Monitor]   Honest: 0.2253  Compromised: 0.0565
[Monitor] Round 43 (10/10 nodes): acc=0.1372 ± 0.2209
[Monitor]   Honest: 0.1645  Compromised: 0.0733
[Monitor] Round 44 (10/10 nodes): acc=0.1895 ± 0.2663
[Monitor]   Honest: 0.2062  Compromised: 0.1507
[Monitor] Round 45 (10/10 nodes): acc=0.1770 ± 0.2589
[Monitor]   Honest: 0.1970  Compromised: 0.1304
[Monitor] Round 46 (10/10 nodes): acc=0.1715 ± 0.2538
[Monitor]   Honest: 0.1576  Compromised: 0.2040
[Monitor] Round 47 (10/10 nodes): acc=0.1390 ± 0.2450
[Monitor]   Honest: 0.1536  Compromised: 0.1049
[Monitor] Round 48 (10/10 nodes): acc=0.1507 ± 0.2489
[Monitor]   Honest: 0.1415  Compromised: 0.1724
[Monitor] Round 49 (10/10 nodes): acc=0.1611 ± 0.2488
[Monitor]   Honest: 0.1941  Compromised: 0.0841
Gaussian Attack: Compromised 3/10 nodes
  Compromised nodes: [3, 7, 8]
  Noise std: 10.0
Gaussian Attack: Compromised 3/10 nodes
  Compromised nodes: [3, 7, 8]
  Noise std: 10.0
Gaussian Attack: Compromised 3/10 nodes
  Compromised nodes: [3, 7, 8]
  Noise std: 10.0
Gaussian Attack: Compromised 3/10 nodes
  Compromised nodes: [3, 7, 8]
  Noise std: 10.0
Gaussian Attack: Compromised 3/10 nodes
  Compromised nodes: [3, 7, 8]
  Noise std: 10.0
Gaussian Attack: Compromised 3/10 nodes
  Compromised nodes: [3, 7, 8]
  Noise std: 10.0
Gaussian Attack: Compromised 3/10 nodes
  Compromised nodes: [3, 7, 8]
  Noise std: 10.0
Gaussian Attack: Compromised 3/10 nodes
  Compromised nodes: [3, 7, 8]
  Noise std: 10.0
Gaussian Attack: Compromised 3/10 nodes
  Compromised nodes: [3, 7, 8]
  Noise std: 10.0
[Monitor] Round 50 (10/10 nodes): acc=0.1519 ± 0.2411
[Monitor]   Honest: 0.1782  Compromised: 0.0904
Gaussian Attack: Compromised 3/10 nodes
  Compromised nodes: [3, 7, 8]
  Noise std: 10.0
                                   Training Results                                   
┏━━━━━━━┳━━━━━━━━━━┳━━━━━━━━━┳━━━━━━━━━━━━┳━━━━━━━━━━━┳━━━━━━━━━┳━━━━━━━━━┳━━━━━━━━━━┓
┃ Round ┃ Mean Acc ┃ Std Acc ┃ Honest Acc ┃ Comp. Acc ┃ Vacuity ┃ Entropy ┃ Strength ┃
┡━━━━━━━╇━━━━━━━━━━╇━━━━━━━━━╇━━━━━━━━━━━━╇━━━━━━━━━━━╇━━━━━━━━━╇━━━━━━━━━╇━━━━━━━━━━┩
│ 1     │ 0.4421   │ 0.1899  │ 0.4493     │ 0.4252    │ nan     │ nan     │ nan      │
│ 2     │ 0.3404   │ 0.3168  │ 0.4641     │ 0.0517    │ nan     │ nan     │ nan      │
│ 3     │ 0.3686   │ 0.3196  │ 0.4729     │ 0.1253    │ 0.4605  │ 1.5144  │ 43.72    │
│ 4     │ 0.4204   │ 0.2922  │ 0.5144     │ 0.2011    │ 0.4556  │ 1.5502  │ 49.74    │
│ 5     │ 0.3366   │ 0.2599  │ 0.3994     │ 0.1902    │ nan     │ nan     │ nan      │
│ 6     │ 0.3076   │ 0.2606  │ 0.3910     │ 0.1129    │ 0.3267  │ 1.3323  │ 65.30    │
│ 7     │ 0.2421   │ 0.2208  │ 0.2841     │ 0.1439    │ 0.3029  │ 1.2739  │ 265.33   │
│ 8     │ 0.2133   │ 0.2302  │ 0.2213     │ 0.1946    │ 0.1963  │ 1.1359  │ 571.89   │
│ 9     │ 0.2565   │ 0.2253  │ 0.2787     │ 0.2047    │ 0.1773  │ 1.2311  │ 5887.21  │
│ 10    │ 0.2542   │ 0.2250  │ 0.3071     │ 0.1307    │ 0.1783  │ 1.2940  │ 1484.57  │
│ 11    │ 0.3393   │ 0.2334  │ 0.3724     │ 0.2620    │ 0.1357  │ 1.2249  │ 3647.65  │
│ 12    │ 0.2607   │ 0.2504  │ 0.2958     │ 0.1788    │ 0.1416  │ 1.1261  │ 3389.35  │
│ 13    │ 0.2039   │ 0.2562  │ 0.2434     │ 0.1117    │ 0.1366  │ 1.2533  │ 2419.29  │
│ 14    │ 0.2327   │ 0.2578  │ 0.2555     │ 0.1794    │ 0.1331  │ 1.2286  │ 562.39   │
│ 15    │ 0.2492   │ 0.2546  │ 0.2776     │ 0.1829    │ 0.1563  │ 1.1613  │ 1197.98  │
│ 16    │ 0.2473   │ 0.2682  │ 0.2997     │ 0.1248    │ 0.1371  │ 1.0987  │ 2381.76  │
│ 17    │ 0.2958   │ 0.2626  │ 0.3612     │ 0.1433    │ 0.1391  │ 1.2676  │ 9349.07  │
│ 18    │ 0.2557   │ 0.2677  │ 0.2900     │ 0.1758    │ 0.1352  │ 1.1845  │ 10305.37 │
│ 19    │ 0.2532   │ 0.2632  │ 0.2937     │ 0.1589    │ 0.1354  │ 1.1290  │ 842.33   │
│ 20    │ 0.2250   │ 0.2737  │ 0.2764     │ 0.1052    │ 0.1397  │ 1.1915  │ 433.20   │
│ 21    │ 0.1381   │ 0.1073  │ 0.1391     │ 0.1358    │ 0.0838  │ 1.1503  │ 1551.70  │
│ 22    │ 0.1137   │ 0.1041  │ 0.0903     │ 0.1682    │ 0.0979  │ 1.0962  │ 4340.67  │
│ 23    │ 0.0924   │ 0.0859  │ 0.1034     │ 0.0666    │ 0.0475  │ 1.1424  │ 14103.35 │
│ 24    │ 0.1393   │ 0.1454  │ 0.1565     │ 0.0991    │ 0.0336  │ 1.2168  │ 1592.62  │
│ 25    │ 0.0912   │ 0.1055  │ 0.0984     │ 0.0744    │ 0.0336  │ 1.1600  │ 1607.41  │
│ 26    │ 0.1403   │ 0.1289  │ 0.1172     │ 0.1943    │ 0.0343  │ 1.2078  │ 1853.92  │
│ 27    │ 0.0965   │ 0.1160  │ 0.1003     │ 0.0877    │ 0.0369  │ 1.1218  │ 2944.31  │
│ 28    │ 0.1348   │ 0.1602  │ 0.1695     │ 0.0538    │ 0.0387  │ 1.1357  │ 4135.98  │
│ 29    │ 0.0923   │ 0.1205  │ 0.1077     │ 0.0563    │ 0.0399  │ 1.2002  │ 7891.98  │
│ 30    │ 0.0945   │ 0.0917  │ 0.1019     │ 0.0773    │ 0.0317  │ 1.1937  │ 6430.82  │
│ 31    │ 0.0903   │ 0.0888  │ 0.0946     │ 0.0802    │ 0.0329  │ 1.2007  │ 12125.25 │
│ 32    │ 0.1437   │ 0.2541  │ 0.1644     │ 0.0954    │ 0.0170  │ 1.1850  │ 5167.64  │
│ 33    │ 0.0506   │ 0.0596  │ 0.0377     │ 0.0807    │ 0.0135  │ 1.1375  │ 2609.92  │
│ 34    │ 0.1477   │ 0.1510  │ 0.1423     │ 0.1603    │ 0.0104  │ 1.1870  │ 3271.87  │
│ 35    │ 0.0742   │ 0.1051  │ 0.0365     │ 0.1623    │ 0.0124  │ 1.0628  │ 1412.55  │
│ 36    │ 0.0585   │ 0.0589  │ 0.0407     │ 0.0998    │ 0.0117  │ 1.0708  │ 1935.87  │
│ 37    │ 0.0923   │ 0.1069  │ 0.0543     │ 0.1812    │ 0.0203  │ 0.9982  │ 1948.06  │
│ 38    │ 0.0845   │ 0.1142  │ 0.0381     │ 0.1927    │ 0.0092  │ 1.0466  │ 1188.58  │
│ 39    │ 0.0829   │ 0.1089  │ 0.0364     │ 0.1915    │ 0.0086  │ 1.0421  │ 1693.42  │
│ 40    │ 0.0808   │ 0.0821  │ 0.0429     │ 0.1692    │ 0.0099  │ 1.0755  │ 1331.55  │
│ 41    │ 0.1567   │ 0.2546  │ 0.1882     │ 0.0832    │ 0.0095  │ 1.0070  │ 1558.62  │
│ 42    │ 0.1746   │ 0.2518  │ 0.2253     │ 0.0565    │ 0.0103  │ 0.9039  │ 1037.81  │
│ 43    │ 0.1372   │ 0.2209  │ 0.1645     │ 0.0733    │ 0.0084  │ 1.0209  │ 1958.02  │
│ 44    │ 0.1895   │ 0.2663  │ 0.2062     │ 0.1507    │ 0.0088  │ 1.0218  │ 1775.55  │
│ 45    │ 0.1770   │ 0.2589  │ 0.1970     │ 0.1304    │ 0.0082  │ 1.1543  │ 2485.21  │
│ 46    │ 0.1715   │ 0.2538  │ 0.1576     │ 0.2040    │ 0.0199  │ 0.9664  │ 1230.47  │
│ 47    │ 0.1390   │ 0.2450  │ 0.1536     │ 0.1049    │ 0.0083  │ 1.0519  │ 1643.61  │
│ 48    │ 0.1507   │ 0.2489  │ 0.1415     │ 0.1724    │ 0.0084  │ 1.0525  │ 1525.63  │
│ 49    │ 0.1611   │ 0.2488  │ 0.1941     │ 0.0841    │ 0.0139  │ 0.9379  │ 1544.54  │
│ 50    │ 0.1519   │ 0.2411  │ 0.1782     │ 0.0904    │ 0.0110  │ 0.9861  │ 1559.70  │
└───────┴──────────┴─────────┴────────────┴───────────┴─────────┴─────────┴──────────┘

Uncertainty Metrics:
  • Vacuity: epistemic uncertainty — lower is more confident
  • Entropy: aleatoric uncertainty — lower is more decisive
  • Strength: Dirichlet strength — higher means more evidence
Results written → /DataVol/projects/murmura/experiments/paper/dmtt/exp1_main_comparison/results/DynUBAR-byz30-s777.parquet

✓ Distributed training complete
