Loading config: /DataVol/projects/murmura/experiments/paper/dmtt/exp1_main_comparison/dyn_balance/dyn_balance_byz20_s777.yaml

Experiment: DynBALANCE-byz20-s777
  Backend:    distributed (ZMQ IPC)
  Rounds:     50
  Topology:   fully (10 nodes)
  Aggregation:balance
  Attack: topology_liar (20% nodes)

Launching distributed processes…

Gaussian Attack: Compromised 2/10 nodes
  Compromised nodes: [3, 7]
  Noise std: 10.0
[DistributedRunner] run_id=340bdb11  t_start=1006098.762  (startup_grace=5.0s)
[Monitor] Round 1 (10/10 nodes): acc=0.4372 ± 0.1905
[Monitor]   Honest: 0.4762  Compromised: 0.2808
[Monitor] Round 2 (10/10 nodes): acc=0.3958 ± 0.3113
[Monitor]   Honest: 0.4816  Compromised: 0.0527
[Monitor] Round 3 (10/10 nodes): acc=0.4265 ± 0.3356
[Monitor]   Honest: 0.4957  Compromised: 0.1500
[Monitor] Round 4 (10/10 nodes): acc=0.4161 ± 0.3689
[Monitor]   Honest: 0.5034  Compromised: 0.0667
[Monitor] Round 5 (10/10 nodes): acc=0.3654 ± 0.3569
[Monitor]   Honest: 0.4463  Compromised: 0.0418
[Monitor] Round 6 (10/10 nodes): acc=0.4238 ± 0.3467
[Monitor]   Honest: 0.5201  Compromised: 0.0387
[Monitor] Round 7 (10/10 nodes): acc=0.3774 ± 0.3342
[Monitor]   Honest: 0.4630  Compromised: 0.0349
[Monitor] Round 8 (10/10 nodes): acc=0.3710 ± 0.3376
[Monitor]   Honest: 0.4538  Compromised: 0.0398
[Monitor] Round 9 (10/10 nodes): acc=0.2188 ± 0.2565
[Monitor]   Honest: 0.2507  Compromised: 0.0911
[Monitor] Round 10 (10/10 nodes): acc=0.3176 ± 0.2678
[Monitor]   Honest: 0.3835  Compromised: 0.0540
[Monitor] Round 11 (10/10 nodes): acc=0.2961 ± 0.2374
[Monitor]   Honest: 0.3433  Compromised: 0.1076
[Monitor] Round 12 (10/10 nodes): acc=0.3264 ± 0.2410
[Monitor]   Honest: 0.3320  Compromised: 0.3039
[Monitor] Round 13 (10/10 nodes): acc=0.2896 ± 0.2509
[Monitor]   Honest: 0.2908  Compromised: 0.2851
[Monitor] Round 14 (10/10 nodes): acc=0.3430 ± 0.2484
[Monitor]   Honest: 0.3530  Compromised: 0.3031
[Monitor] Round 15 (10/10 nodes): acc=0.2902 ± 0.2617
[Monitor]   Honest: 0.3040  Compromised: 0.2349
[Monitor] Round 16 (10/10 nodes): acc=0.3304 ± 0.2541
[Monitor]   Honest: 0.3585  Compromised: 0.2178
[Monitor] Round 17 (10/10 nodes): acc=0.3369 ± 0.2899
[Monitor]   Honest: 0.3444  Compromised: 0.3068
[Monitor] Round 18 (10/10 nodes): acc=0.3692 ± 0.2876
[Monitor]   Honest: 0.3924  Compromised: 0.2767
[Monitor] Round 19 (10/10 nodes): acc=0.3383 ± 0.2920
[Monitor]   Honest: 0.3832  Compromised: 0.1588
[Monitor] Round 20 (10/10 nodes): acc=0.3233 ± 0.3009
[Monitor]   Honest: 0.3716  Compromised: 0.1303
[Monitor] Round 21 (10/10 nodes): acc=0.2063 ± 0.2286
[Monitor]   Honest: 0.2101  Compromised: 0.1908
[Monitor] Round 22 (10/10 nodes): acc=0.1403 ± 0.2010
[Monitor]   Honest: 0.1534  Compromised: 0.0882
[Monitor] Round 23 (10/10 nodes): acc=0.1979 ± 0.2148
[Monitor]   Honest: 0.1972  Compromised: 0.2009
[Monitor] Round 24 (10/10 nodes): acc=0.2677 ± 0.2916
[Monitor]   Honest: 0.2871  Compromised: 0.1902
[Monitor] Round 25 (10/10 nodes): acc=0.2061 ± 0.2166
[Monitor]   Honest: 0.2117  Compromised: 0.1835
[Monitor] Round 26 (10/10 nodes): acc=0.2838 ± 0.2680
[Monitor]   Honest: 0.3098  Compromised: 0.1796
[Monitor] Round 27 (10/10 nodes): acc=0.2107 ± 0.1938
[Monitor]   Honest: 0.1798  Compromised: 0.3347
[Monitor] Round 28 (10/10 nodes): acc=0.1805 ± 0.1912
[Monitor]   Honest: 0.1819  Compromised: 0.1749
[Monitor] Round 29 (10/10 nodes): acc=0.2851 ± 0.2549
[Monitor]   Honest: 0.2962  Compromised: 0.2409
[Monitor] Round 30 (10/10 nodes): acc=0.1845 ± 0.1897
[Monitor]   Honest: 0.1815  Compromised: 0.1965
[Monitor] Round 31 (10/10 nodes): acc=0.1921 ± 0.2012
[Monitor]   Honest: 0.1707  Compromised: 0.2775
[Monitor] Round 32 (10/10 nodes): acc=0.1523 ± 0.1355
[Monitor]   Honest: 0.1484  Compromised: 0.1678
[Monitor] Round 33 (10/10 nodes): acc=0.1256 ± 0.0851
[Monitor]   Honest: 0.0990  Compromised: 0.2319
[Monitor] Round 34 (10/10 nodes): acc=0.1467 ± 0.1073
[Monitor]   Honest: 0.1294  Compromised: 0.2159
[Monitor] Round 35 (10/10 nodes): acc=0.1514 ± 0.1212
[Monitor]   Honest: 0.1261  Compromised: 0.2527
[Monitor] Round 36 (10/10 nodes): acc=0.1405 ± 0.1190
[Monitor]   Honest: 0.1114  Compromised: 0.2572
[Monitor] Round 37 (10/10 nodes): acc=0.1532 ± 0.1218
[Monitor]   Honest: 0.1436  Compromised: 0.1917
[Monitor] Round 38 (10/10 nodes): acc=0.1730 ± 0.1233
[Monitor]   Honest: 0.1523  Compromised: 0.2558
[Monitor] Round 39 (10/10 nodes): acc=0.1525 ± 0.0962
[Monitor]   Honest: 0.1242  Compromised: 0.2657
[Monitor] Round 40 (10/10 nodes): acc=0.1954 ± 0.1355
[Monitor]   Honest: 0.1859  Compromised: 0.2333
[Monitor] Round 41 (10/10 nodes): acc=0.1064 ± 0.0690
[Monitor]   Honest: 0.0978  Compromised: 0.1405
[Monitor] Round 42 (10/10 nodes): acc=0.1401 ± 0.1023
[Monitor]   Honest: 0.1423  Compromised: 0.1310
[Monitor] Round 43 (10/10 nodes): acc=0.1246 ± 0.0782
[Monitor]   Honest: 0.1105  Compromised: 0.1810
[Monitor] Round 44 (10/10 nodes): acc=0.1533 ± 0.1149
[Monitor]   Honest: 0.1296  Compromised: 0.2484
[Monitor] Round 45 (10/10 nodes): acc=0.1836 ± 0.1238
[Monitor]   Honest: 0.1605  Compromised: 0.2759
[Monitor] Round 46 (10/10 nodes): acc=0.1787 ± 0.1210
[Monitor]   Honest: 0.1657  Compromised: 0.2308
[Monitor] Round 47 (10/10 nodes): acc=0.2151 ± 0.1288
[Monitor]   Honest: 0.2013  Compromised: 0.2705
[Monitor] Round 48 (10/10 nodes): acc=0.1971 ± 0.1421
[Monitor]   Honest: 0.1844  Compromised: 0.2479
[Monitor] Round 49 (10/10 nodes): acc=0.1463 ± 0.1106
[Monitor]   Honest: 0.1324  Compromised: 0.2020
Gaussian Attack: Compromised 2/10 nodes
  Compromised nodes: [3, 7]
  Noise std: 10.0
Gaussian Attack: Compromised 2/10 nodes
  Compromised nodes: [3, 7]
  Noise std: 10.0
Gaussian Attack: Compromised 2/10 nodes
  Compromised nodes: [3, 7]
  Noise std: 10.0
Gaussian Attack: Compromised 2/10 nodes
  Compromised nodes: [3, 7]
  Noise std: 10.0
Gaussian Attack: Compromised 2/10 nodes
  Compromised nodes: [3, 7]
  Noise std: 10.0
Gaussian Attack: Compromised 2/10 nodes
  Compromised nodes: [3, 7]
  Noise std: 10.0
Gaussian Attack: Compromised 2/10 nodes
  Compromised nodes: [3, 7]
  Noise std: 10.0
Gaussian Attack: Compromised 2/10 nodes
  Compromised nodes: [3, 7]
  Noise std: 10.0
Gaussian Attack: Compromised 2/10 nodes
  Compromised nodes: [3, 7]
  Noise std: 10.0
[Monitor] Round 50 (10/10 nodes): acc=0.1770 ± 0.1158
[Monitor]   Honest: 0.1797  Compromised: 0.1661
Gaussian Attack: Compromised 2/10 nodes
  Compromised nodes: [3, 7]
  Noise std: 10.0
                                   Training Results                                   
┏━━━━━━━┳━━━━━━━━━━┳━━━━━━━━━┳━━━━━━━━━━━━┳━━━━━━━━━━━┳━━━━━━━━━┳━━━━━━━━━┳━━━━━━━━━━┓
┃ Round ┃ Mean Acc ┃ Std Acc ┃ Honest Acc ┃ Comp. Acc ┃ Vacuity ┃ Entropy ┃ Strength ┃
┡━━━━━━━╇━━━━━━━━━━╇━━━━━━━━━╇━━━━━━━━━━━━╇━━━━━━━━━━━╇━━━━━━━━━╇━━━━━━━━━╇━━━━━━━━━━┩
│ 1     │ 0.4372   │ 0.1905  │ 0.4762     │ 0.2808    │ nan     │ nan     │ nan      │
│ 2     │ 0.3958   │ 0.3113  │ 0.4816     │ 0.0527    │ nan     │ nan     │ nan      │
│ 3     │ 0.4265   │ 0.3356  │ 0.4957     │ 0.1500    │ 0.3654  │ 1.4351  │ 107.85   │
│ 4     │ 0.4161   │ 0.3689  │ 0.5034     │ 0.0667    │ 0.3641  │ 1.4287  │ 114.09   │
│ 5     │ 0.3654   │ 0.3569  │ 0.4463     │ 0.0418    │ 0.3707  │ 1.4249  │ 103.78   │
│ 6     │ 0.4238   │ 0.3467  │ 0.5201     │ 0.0387    │ 0.3554  │ 1.4568  │ 208.45   │
│ 7     │ 0.3774   │ 0.3342  │ 0.4630     │ 0.0349    │ 0.3057  │ 1.3895  │ 203.64   │
│ 8     │ 0.3710   │ 0.3376  │ 0.4538     │ 0.0398    │ 0.2575  │ 1.4388  │ 377.22   │
│ 9     │ 0.2188   │ 0.2565  │ 0.2507     │ 0.0911    │ 0.2115  │ 1.3790  │ 1583.78  │
│ 10    │ 0.3176   │ 0.2678  │ 0.3835     │ 0.0540    │ 0.2590  │ 1.2465  │ 251.11   │
│ 11    │ 0.2961   │ 0.2374  │ 0.3433     │ 0.1076    │ 0.1745  │ 1.1463  │ 3038.64  │
│ 12    │ 0.3264   │ 0.2410  │ 0.3320     │ 0.3039    │ 0.1441  │ 1.1786  │ 1830.42  │
│ 13    │ 0.2896   │ 0.2509  │ 0.2908     │ 0.2851    │ 0.1387  │ 1.2567  │ 849.55   │
│ 14    │ 0.3430   │ 0.2484  │ 0.3530     │ 0.3031    │ 0.1346  │ 1.2335  │ 657.75   │
│ 15    │ 0.2902   │ 0.2617  │ 0.3040     │ 0.2349    │ 0.1344  │ 1.2252  │ 1499.36  │
│ 16    │ 0.3304   │ 0.2541  │ 0.3585     │ 0.2178    │ 0.1448  │ 1.1307  │ 686.81   │
│ 17    │ 0.3369   │ 0.2899  │ 0.3444     │ 0.3068    │ 0.1352  │ 1.1086  │ 930.81   │
│ 18    │ 0.3692   │ 0.2876  │ 0.3924     │ 0.2767    │ 0.1308  │ 1.1651  │ 1184.32  │
│ 19    │ 0.3383   │ 0.2920  │ 0.3832     │ 0.1588    │ 0.1337  │ 1.1565  │ 644.94   │
│ 20    │ 0.3233   │ 0.3009  │ 0.3716     │ 0.1303    │ 0.1368  │ 1.1787  │ 596.55   │
│ 21    │ 0.2063   │ 0.2286  │ 0.2101     │ 0.1908    │ 0.0883  │ 1.1474  │ 557.10   │
│ 22    │ 0.1403   │ 0.2010  │ 0.1534     │ 0.0882    │ 0.0737  │ 1.1648  │ 2048.67  │
│ 23    │ 0.1979   │ 0.2148  │ 0.1972     │ 0.2009    │ 0.0507  │ 1.1561  │ 1335.65  │
│ 24    │ 0.2677   │ 0.2916  │ 0.2871     │ 0.1902    │ 0.0338  │ 1.0671  │ 447.69   │
│ 25    │ 0.2061   │ 0.2166  │ 0.2117     │ 0.1835    │ 0.0356  │ 1.1926  │ 1597.35  │
│ 26    │ 0.2838   │ 0.2680  │ 0.3098     │ 0.1796    │ 0.0336  │ 1.2090  │ 1171.25  │
│ 27    │ 0.2107   │ 0.1938  │ 0.1798     │ 0.3347    │ 0.0356  │ 1.1706  │ 1298.75  │
│ 28    │ 0.1805   │ 0.1912  │ 0.1819     │ 0.1749    │ 0.0369  │ 1.1671  │ 1232.60  │
│ 29    │ 0.2851   │ 0.2549  │ 0.2962     │ 0.2409    │ 0.0376  │ 1.0647  │ 1083.31  │
│ 30    │ 0.1845   │ 0.1897  │ 0.1815     │ 0.1965    │ 0.0488  │ 1.0375  │ 279.10   │
│ 31    │ 0.1921   │ 0.2012  │ 0.1707     │ 0.2775    │ 0.0551  │ 1.1188  │ 869.20   │
│ 32    │ 0.1523   │ 0.1355  │ 0.1484     │ 0.1678    │ 0.0258  │ 1.0904  │ 492.50   │
│ 33    │ 0.1256   │ 0.0851  │ 0.0990     │ 0.2319    │ 0.0314  │ 0.9904  │ 322.61   │
│ 34    │ 0.1467   │ 0.1073  │ 0.1294     │ 0.2159    │ 0.0413  │ 1.0702  │ 2300.95  │
│ 35    │ 0.1514   │ 0.1212  │ 0.1261     │ 0.2527    │ 0.0315  │ 1.0484  │ 1466.14  │
│ 36    │ 0.1405   │ 0.1190  │ 0.1114     │ 0.2572    │ 0.0234  │ 1.0816  │ 1076.13  │
│ 37    │ 0.1532   │ 0.1218  │ 0.1436     │ 0.1917    │ 0.0198  │ 1.1195  │ 1089.18  │
│ 38    │ 0.1730   │ 0.1233  │ 0.1523     │ 0.2558    │ 0.0173  │ 1.1342  │ 638.04   │
│ 39    │ 0.1525   │ 0.0962  │ 0.1242     │ 0.2657    │ 0.0155  │ 1.1195  │ 796.40   │
│ 40    │ 0.1954   │ 0.1355  │ 0.1859     │ 0.2333    │ 0.0166  │ 1.0977  │ 708.43   │
│ 41    │ 0.1064   │ 0.0690  │ 0.0978     │ 0.1405    │ 0.0148  │ 1.0427  │ 1075.08  │
│ 42    │ 0.1401   │ 0.1023  │ 0.1423     │ 0.1310    │ 0.0148  │ 1.1034  │ 1310.09  │
│ 43    │ 0.1246   │ 0.0782  │ 0.1105     │ 0.1810    │ 0.0150  │ 1.0012  │ 1562.91  │
│ 44    │ 0.1533   │ 0.1149  │ 0.1296     │ 0.2484    │ 0.0157  │ 1.1497  │ 1304.23  │
│ 45    │ 0.1836   │ 0.1238  │ 0.1605     │ 0.2759    │ 0.0180  │ 0.9547  │ 1342.46  │
│ 46    │ 0.1787   │ 0.1210  │ 0.1657     │ 0.2308    │ 0.0153  │ 1.0595  │ 1146.31  │
│ 47    │ 0.2151   │ 0.1288  │ 0.2013     │ 0.2705    │ 0.0143  │ 1.1284  │ 1122.28  │
│ 48    │ 0.1971   │ 0.1421  │ 0.1844     │ 0.2479    │ 0.0139  │ 1.1432  │ 1163.74  │
│ 49    │ 0.1463   │ 0.1106  │ 0.1324     │ 0.2020    │ 0.0140  │ 1.1122  │ 1090.03  │
│ 50    │ 0.1770   │ 0.1158  │ 0.1797     │ 0.1661    │ 0.0131  │ 1.0563  │ 1369.61  │
└───────┴──────────┴─────────┴────────────┴───────────┴─────────┴─────────┴──────────┘

Uncertainty Metrics:
  • Vacuity: epistemic uncertainty — lower is more confident
  • Entropy: aleatoric uncertainty — lower is more decisive
  • Strength: Dirichlet strength — higher means more evidence
Results written → /DataVol/projects/murmura/experiments/paper/dmtt/exp1_main_comparison/results/DynBALANCE-byz20-s777.parquet

✓ Distributed training complete
