Loading config: /DataVol/projects/murmura/experiments/paper/dmtt/exp1_main_comparison/dyn_balance/dyn_balance_byz20_s123.yaml

Experiment: DynBALANCE-byz20-s123
  Backend:    distributed (ZMQ IPC)
  Rounds:     50
  Topology:   fully (10 nodes)
  Aggregation:balance
  Attack: topology_liar (20% nodes)

Launching distributed processes…

Gaussian Attack: Compromised 2/10 nodes
  Compromised nodes: [0, 4]
  Noise std: 10.0
[DistributedRunner] run_id=ed6c164c  t_start=1003141.477  (startup_grace=5.0s)
[Monitor] Round 1 (10/10 nodes): acc=0.3189 ± 0.2080
[Monitor]   Honest: 0.2806  Compromised: 0.4721
[Monitor] Round 2 (10/10 nodes): acc=0.4137 ± 0.3220
[Monitor]   Honest: 0.4962  Compromised: 0.0833
[Monitor] Round 3 (10/10 nodes): acc=0.4769 ± 0.3285
[Monitor]   Honest: 0.5116  Compromised: 0.3381
[Monitor] Round 4 (10/10 nodes): acc=0.4743 ± 0.3434
[Monitor]   Honest: 0.4995  Compromised: 0.3732
[Monitor] Round 5 (10/10 nodes): acc=0.4121 ± 0.3117
[Monitor]   Honest: 0.4200  Compromised: 0.3806
[Monitor] Round 6 (10/10 nodes): acc=0.4135 ± 0.3167
[Monitor]   Honest: 0.4205  Compromised: 0.3856
[Monitor] Round 7 (10/10 nodes): acc=0.3868 ± 0.3029
[Monitor]   Honest: 0.4453  Compromised: 0.1526
[Monitor] Round 8 (10/10 nodes): acc=0.3778 ± 0.2650
[Monitor]   Honest: 0.4029  Compromised: 0.2776
[Monitor] Round 9 (10/10 nodes): acc=0.3038 ± 0.3049
[Monitor]   Honest: 0.3127  Compromised: 0.2681
[Monitor] Round 10 (10/10 nodes): acc=0.1635 ± 0.1190
[Monitor]   Honest: 0.1459  Compromised: 0.2340
[Monitor] Round 11 (10/10 nodes): acc=0.1584 ± 0.1274
[Monitor]   Honest: 0.1889  Compromised: 0.0365
[Monitor] Round 12 (10/10 nodes): acc=0.1626 ± 0.1256
[Monitor]   Honest: 0.1974  Compromised: 0.0234
[Monitor] Round 13 (10/10 nodes): acc=0.1275 ± 0.1145
[Monitor]   Honest: 0.1529  Compromised: 0.0260
[Monitor] Round 14 (10/10 nodes): acc=0.1410 ± 0.1094
[Monitor]   Honest: 0.1710  Compromised: 0.0210
[Monitor] Round 15 (10/10 nodes): acc=0.1125 ± 0.0954
[Monitor]   Honest: 0.1345  Compromised: 0.0246
[Monitor] Round 16 (10/10 nodes): acc=0.1475 ± 0.1187
[Monitor]   Honest: 0.1808  Compromised: 0.0141
[Monitor] Round 17 (10/10 nodes): acc=0.2642 ± 0.1612
[Monitor]   Honest: 0.2891  Compromised: 0.1643
[Monitor] Round 18 (10/10 nodes): acc=0.2361 ± 0.1364
[Monitor]   Honest: 0.2674  Compromised: 0.1107
[Monitor] Round 19 (10/10 nodes): acc=0.2176 ± 0.1336
[Monitor]   Honest: 0.2430  Compromised: 0.1162
[Monitor] Round 20 (10/10 nodes): acc=0.2330 ± 0.1480
[Monitor]   Honest: 0.2616  Compromised: 0.1183
[Monitor] Round 21 (10/10 nodes): acc=0.2228 ± 0.1643
[Monitor]   Honest: 0.2602  Compromised: 0.0735
[Monitor] Round 22 (10/10 nodes): acc=0.1737 ± 0.1542
[Monitor]   Honest: 0.2015  Compromised: 0.0624
[Monitor] Round 23 (10/10 nodes): acc=0.2123 ± 0.1710
[Monitor]   Honest: 0.2151  Compromised: 0.2011
[Monitor] Round 24 (10/10 nodes): acc=0.2600 ± 0.1824
[Monitor]   Honest: 0.2676  Compromised: 0.2298
[Monitor] Round 25 (10/10 nodes): acc=0.2160 ± 0.2049
[Monitor]   Honest: 0.2530  Compromised: 0.0682
[Monitor] Round 26 (10/10 nodes): acc=0.2130 ± 0.2289
[Monitor]   Honest: 0.2629  Compromised: 0.0133
[Monitor] Round 27 (10/10 nodes): acc=0.2668 ± 0.2071
[Monitor]   Honest: 0.2866  Compromised: 0.1874
[Monitor] Round 28 (10/10 nodes): acc=0.2804 ± 0.2077
[Monitor]   Honest: 0.3116  Compromised: 0.1554
[Monitor] Round 29 (10/10 nodes): acc=0.3518 ± 0.2013
[Monitor]   Honest: 0.3294  Compromised: 0.4412
[Monitor] Round 30 (10/10 nodes): acc=0.3134 ± 0.2397
[Monitor]   Honest: 0.3080  Compromised: 0.3349
[Monitor] Round 31 (10/10 nodes): acc=0.2563 ± 0.2607
[Monitor]   Honest: 0.3101  Compromised: 0.0412
[Monitor] Round 32 (10/10 nodes): acc=0.1056 ± 0.1161
[Monitor]   Honest: 0.1267  Compromised: 0.0214
[Monitor] Round 33 (10/10 nodes): acc=0.1158 ± 0.1172
[Monitor]   Honest: 0.1386  Compromised: 0.0243
[Monitor] Round 34 (10/10 nodes): acc=0.1229 ± 0.0885
[Monitor]   Honest: 0.1389  Compromised: 0.0589
[Monitor] Round 35 (10/10 nodes): acc=0.1658 ± 0.1242
[Monitor]   Honest: 0.1677  Compromised: 0.1582
[Monitor] Round 36 (10/10 nodes): acc=0.1155 ± 0.0879
[Monitor]   Honest: 0.1237  Compromised: 0.0823
[Monitor] Round 37 (10/10 nodes): acc=0.0842 ± 0.0898
[Monitor]   Honest: 0.1028  Compromised: 0.0095
[Monitor] Round 38 (10/10 nodes): acc=0.0798 ± 0.0743
[Monitor]   Honest: 0.0969  Compromised: 0.0117
[Monitor] Round 39 (10/10 nodes): acc=0.1317 ± 0.1159
[Monitor]   Honest: 0.1136  Compromised: 0.2040
[Monitor] Round 40 (10/10 nodes): acc=0.1505 ± 0.1225
[Monitor]   Honest: 0.1380  Compromised: 0.2007
[Monitor] Round 41 (10/10 nodes): acc=0.1638 ± 0.1559
[Monitor]   Honest: 0.1437  Compromised: 0.2441
[Monitor] Round 42 (10/10 nodes): acc=0.1661 ± 0.1742
[Monitor]   Honest: 0.1366  Compromised: 0.2842
[Monitor] Round 43 (10/10 nodes): acc=0.1275 ± 0.1448
[Monitor]   Honest: 0.1055  Compromised: 0.2157
[Monitor] Round 44 (10/10 nodes): acc=0.1488 ± 0.1498
[Monitor]   Honest: 0.1316  Compromised: 0.2174
[Monitor] Round 45 (10/10 nodes): acc=0.1650 ± 0.1365
[Monitor]   Honest: 0.1497  Compromised: 0.2260
[Monitor] Round 46 (10/10 nodes): acc=0.1424 ± 0.1306
[Monitor]   Honest: 0.1215  Compromised: 0.2257
[Monitor] Round 47 (10/10 nodes): acc=0.1481 ± 0.1330
[Monitor]   Honest: 0.1269  Compromised: 0.2329
[Monitor] Round 48 (10/10 nodes): acc=0.1472 ± 0.1470
[Monitor]   Honest: 0.1201  Compromised: 0.2556
[Monitor] Round 49 (10/10 nodes): acc=0.1464 ± 0.1411
[Monitor]   Honest: 0.1204  Compromised: 0.2505
Gaussian Attack: Compromised 2/10 nodes
  Compromised nodes: [0, 4]
  Noise std: 10.0
Gaussian Attack: Compromised 2/10 nodes
  Compromised nodes: [0, 4]
  Noise std: 10.0
Gaussian Attack: Compromised 2/10 nodes
  Compromised nodes: [0, 4]
  Noise std: 10.0
Gaussian Attack: Compromised 2/10 nodes
  Compromised nodes: [0, 4]
  Noise std: 10.0
Gaussian Attack: Compromised 2/10 nodes
  Compromised nodes: [0, 4]
  Noise std: 10.0
Gaussian Attack: Compromised 2/10 nodes
  Compromised nodes: [0, 4]
  Noise std: 10.0
Gaussian Attack: Compromised 2/10 nodes
  Compromised nodes: [0, 4]
  Noise std: 10.0
Gaussian Attack: Compromised 2/10 nodes
  Compromised nodes: [0, 4]
  Noise std: 10.0
Gaussian Attack: Compromised 2/10 nodes
  Compromised nodes: [0, 4]
  Noise std: 10.0
[Monitor] Round 50 (10/10 nodes): acc=0.1477 ± 0.1339
[Monitor]   Honest: 0.1258  Compromised: 0.2353
Gaussian Attack: Compromised 2/10 nodes
  Compromised nodes: [0, 4]
  Noise std: 10.0
                                   Training Results                                   
┏━━━━━━━┳━━━━━━━━━━┳━━━━━━━━━┳━━━━━━━━━━━━┳━━━━━━━━━━━┳━━━━━━━━━┳━━━━━━━━━┳━━━━━━━━━━┓
┃ Round ┃ Mean Acc ┃ Std Acc ┃ Honest Acc ┃ Comp. Acc ┃ Vacuity ┃ Entropy ┃ Strength ┃
┡━━━━━━━╇━━━━━━━━━━╇━━━━━━━━━╇━━━━━━━━━━━━╇━━━━━━━━━━━╇━━━━━━━━━╇━━━━━━━━━╇━━━━━━━━━━┩
│ 1     │ 0.3189   │ 0.2080  │ 0.2806     │ 0.4721    │ nan     │ nan     │ nan      │
│ 2     │ 0.4137   │ 0.3220  │ 0.4962     │ 0.0833    │ nan     │ nan     │ nan      │
│ 3     │ 0.4769   │ 0.3285  │ 0.5116     │ 0.3381    │ 0.3628  │ 1.5255  │ 797.97   │
│ 4     │ 0.4743   │ 0.3434  │ 0.4995     │ 0.3732    │ 0.3779  │ 1.4698  │ 671.07   │
│ 5     │ 0.4121   │ 0.3117  │ 0.4200     │ 0.3806    │ 0.3901  │ 1.4927  │ 330.11   │
│ 6     │ 0.4135   │ 0.3167  │ 0.4205     │ 0.3856    │ 0.3739  │ 1.5006  │ 2221.21  │
│ 7     │ 0.3868   │ 0.3029  │ 0.4453     │ 0.1526    │ nan     │ nan     │ nan      │
│ 8     │ 0.3778   │ 0.2650  │ 0.4029     │ 0.2776    │ nan     │ nan     │ nan      │
│ 9     │ 0.3038   │ 0.3049  │ 0.3127     │ 0.2681    │ 0.3639  │ 1.4240  │ 650.76   │
│ 10    │ 0.1635   │ 0.1190  │ 0.1459     │ 0.2340    │ 0.2405  │ 1.2638  │ 5223.28  │
│ 11    │ 0.1584   │ 0.1274  │ 0.1889     │ 0.0365    │ 0.2101  │ 1.2279  │ 1274.71  │
│ 12    │ 0.1626   │ 0.1256  │ 0.1974     │ 0.0234    │ 0.2132  │ 1.1810  │ 1017.64  │
│ 13    │ 0.1275   │ 0.1145  │ 0.1529     │ 0.0260    │ 0.2259  │ 1.2234  │ 781.40   │
│ 14    │ 0.1410   │ 0.1094  │ 0.1710     │ 0.0210    │ 0.2057  │ 1.2479  │ 1163.19  │
│ 15    │ 0.1125   │ 0.0954  │ 0.1345     │ 0.0246    │ 0.2251  │ 1.2834  │ 929.01   │
│ 16    │ 0.1475   │ 0.1187  │ 0.1808     │ 0.0141    │ 0.2317  │ 1.3238  │ 1192.09  │
│ 17    │ 0.2642   │ 0.1612  │ 0.2891     │ 0.1643    │ 0.2554  │ 1.3757  │ 1581.71  │
│ 18    │ 0.2361   │ 0.1364  │ 0.2674     │ 0.1107    │ 0.2767  │ 1.3504  │ 1445.77  │
│ 19    │ 0.2176   │ 0.1336  │ 0.2430     │ 0.1162    │ 0.3067  │ 1.4034  │ 1385.18  │
│ 20    │ 0.2330   │ 0.1480  │ 0.2616     │ 0.1183    │ 0.3214  │ 1.3334  │ 1320.82  │
│ 21    │ 0.2228   │ 0.1643  │ 0.2602     │ 0.0735    │ 0.2834  │ 1.3469  │ 758.38   │
│ 22    │ 0.1737   │ 0.1542  │ 0.2015     │ 0.0624    │ 0.2424  │ 1.2200  │ 808.07   │
│ 23    │ 0.2123   │ 0.1710  │ 0.2151     │ 0.2011    │ 0.2621  │ 1.1470  │ 563.46   │
│ 24    │ 0.2600   │ 0.1824  │ 0.2676     │ 0.2298    │ 0.2093  │ 1.2110  │ 616.72   │
│ 25    │ 0.2160   │ 0.2049  │ 0.2530     │ 0.0682    │ 0.2324  │ 1.2169  │ 508.46   │
│ 26    │ 0.2130   │ 0.2289  │ 0.2629     │ 0.0133    │ 0.2225  │ 1.2138  │ 963.34   │
│ 27    │ 0.2668   │ 0.2071  │ 0.2866     │ 0.1874    │ 0.2387  │ 1.3047  │ 1055.66  │
│ 28    │ 0.2804   │ 0.2077  │ 0.3116     │ 0.1554    │ 0.2758  │ 1.2570  │ 809.93   │
│ 29    │ 0.3518   │ 0.2013  │ 0.3294     │ 0.4412    │ 0.2993  │ 1.2221  │ 1112.81  │
│ 30    │ 0.3134   │ 0.2397  │ 0.3080     │ 0.3349    │ 0.2374  │ 1.1656  │ 1080.30  │
│ 31    │ 0.2563   │ 0.2607  │ 0.3101     │ 0.0412    │ 0.2392  │ 1.1496  │ 810.43   │
│ 32    │ 0.1056   │ 0.1161  │ 0.1267     │ 0.0214    │ 0.0402  │ 0.9689  │ 1555.25  │
│ 33    │ 0.1158   │ 0.1172  │ 0.1386     │ 0.0243    │ 0.0252  │ 0.9947  │ 1191.45  │
│ 34    │ 0.1229   │ 0.0885  │ 0.1389     │ 0.0589    │ 0.0225  │ 0.9807  │ 823.79   │
│ 35    │ 0.1658   │ 0.1242  │ 0.1677     │ 0.1582    │ 0.0222  │ 1.0120  │ 1087.26  │
│ 36    │ 0.1155   │ 0.0879  │ 0.1237     │ 0.0823    │ 0.0331  │ 1.0286  │ 989.24   │
│ 37    │ 0.0842   │ 0.0898  │ 0.1028     │ 0.0095    │ 0.0269  │ 1.0651  │ 1692.43  │
│ 38    │ 0.0798   │ 0.0743  │ 0.0969     │ 0.0117    │ 0.0221  │ 1.0438  │ 2295.70  │
│ 39    │ 0.1317   │ 0.1159  │ 0.1136     │ 0.2040    │ 0.0202  │ 1.0449  │ 1696.66  │
│ 40    │ 0.1505   │ 0.1225  │ 0.1380     │ 0.2007    │ 0.0140  │ 1.0131  │ 2428.87  │
│ 41    │ 0.1638   │ 0.1559  │ 0.1437     │ 0.2441    │ 0.0114  │ 1.0075  │ 1719.28  │
│ 42    │ 0.1661   │ 0.1742  │ 0.1366     │ 0.2842    │ 0.0123  │ 0.9934  │ 1606.86  │
│ 43    │ 0.1275   │ 0.1448  │ 0.1055     │ 0.2157    │ 0.0112  │ 0.9521  │ 1371.87  │
│ 44    │ 0.1488   │ 0.1498  │ 0.1316     │ 0.2174    │ 0.0176  │ 0.9365  │ 1146.91  │
│ 45    │ 0.1650   │ 0.1365  │ 0.1497     │ 0.2260    │ 0.0100  │ 0.9755  │ 2393.77  │
│ 46    │ 0.1424   │ 0.1306  │ 0.1215     │ 0.2257    │ 0.0084  │ 1.0780  │ 1361.69  │
│ 47    │ 0.1481   │ 0.1330  │ 0.1269     │ 0.2329    │ 0.0083  │ 1.0594  │ 1542.85  │
│ 48    │ 0.1472   │ 0.1470  │ 0.1201     │ 0.2556    │ 0.0082  │ 1.0735  │ 1464.72  │
│ 49    │ 0.1464   │ 0.1411  │ 0.1204     │ 0.2505    │ 0.0081  │ 1.1058  │ 1474.28  │
│ 50    │ 0.1477   │ 0.1339  │ 0.1258     │ 0.2353    │ 0.0084  │ 1.1116  │ 1654.92  │
└───────┴──────────┴─────────┴────────────┴───────────┴─────────┴─────────┴──────────┘

Uncertainty Metrics:
  • Vacuity: epistemic uncertainty — lower is more confident
  • Entropy: aleatoric uncertainty — lower is more decisive
  • Strength: Dirichlet strength — higher means more evidence
Results written → /DataVol/projects/murmura/experiments/paper/dmtt/exp1_main_comparison/results/DynBALANCE-byz20-s123.parquet

✓ Distributed training complete
