Loading config: /DataVol/projects/murmura/experiments/paper/dmtt/exp1_main_comparison/dyn_balance/dyn_balance_byz30_s123.yaml

Experiment: DynBALANCE-byz30-s123
  Backend:    distributed (ZMQ IPC)
  Rounds:     50
  Topology:   fully (10 nodes)
  Aggregation:balance
  Attack: topology_liar (30% nodes)

Launching distributed processes…

Gaussian Attack: Compromised 3/10 nodes
  Compromised nodes: [0, 1, 4]
  Noise std: 10.0
[DistributedRunner] run_id=a76a2a25  t_start=1007577.608  (startup_grace=5.0s)
[Monitor] Round 1 (10/10 nodes): acc=0.3311 ± 0.2161
[Monitor]   Honest: 0.3122  Compromised: 0.3750
[Monitor] Round 2 (10/10 nodes): acc=0.4694 ± 0.2874
[Monitor]   Honest: 0.5629  Compromised: 0.2511
[Monitor] Round 3 (10/10 nodes): acc=0.5251 ± 0.2947
[Monitor]   Honest: 0.5711  Compromised: 0.4178
[Monitor] Round 4 (10/10 nodes): acc=0.5304 ± 0.2994
[Monitor]   Honest: 0.5683  Compromised: 0.4420
[Monitor] Round 5 (10/10 nodes): acc=0.4688 ± 0.2745
[Monitor]   Honest: 0.4778  Compromised: 0.4477
[Monitor] Round 6 (10/10 nodes): acc=0.4694 ± 0.2813
[Monitor]   Honest: 0.4793  Compromised: 0.4463
[Monitor] Round 7 (10/10 nodes): acc=0.4349 ± 0.2822
[Monitor]   Honest: 0.5052  Compromised: 0.2710
[Monitor] Round 8 (10/10 nodes): acc=0.4322 ± 0.2330
[Monitor]   Honest: 0.4567  Compromised: 0.3750
[Monitor] Round 9 (10/10 nodes): acc=0.3549 ± 0.2953
[Monitor]   Honest: 0.3523  Compromised: 0.3608
[Monitor] Round 10 (10/10 nodes): acc=0.2064 ± 0.1562
[Monitor]   Honest: 0.1646  Compromised: 0.3038
[Monitor] Round 11 (10/10 nodes): acc=0.2077 ± 0.1608
[Monitor]   Honest: 0.2117  Compromised: 0.1984
[Monitor] Round 12 (10/10 nodes): acc=0.2118 ± 0.1583
[Monitor]   Honest: 0.2175  Compromised: 0.1984
[Monitor] Round 13 (10/10 nodes): acc=0.1796 ± 0.1581
[Monitor]   Honest: 0.1722  Compromised: 0.1970
[Monitor] Round 14 (10/10 nodes): acc=0.1937 ± 0.1494
[Monitor]   Honest: 0.1917  Compromised: 0.1984
[Monitor] Round 15 (10/10 nodes): acc=0.1647 ± 0.1502
[Monitor]   Honest: 0.1503  Compromised: 0.1984
[Monitor] Round 16 (10/10 nodes): acc=0.2002 ± 0.1541
[Monitor]   Honest: 0.2016  Compromised: 0.1970
[Monitor] Round 17 (10/10 nodes): acc=0.2605 ± 0.1388
[Monitor]   Honest: 0.2438  Compromised: 0.2995
[Monitor] Round 18 (10/10 nodes): acc=0.2888 ± 0.1377
[Monitor]   Honest: 0.3019  Compromised: 0.2582
[Monitor] Round 19 (10/10 nodes): acc=0.2683 ± 0.1452
[Monitor]   Honest: 0.2714  Compromised: 0.2611
[Monitor] Round 20 (10/10 nodes): acc=0.2833 ± 0.1540
[Monitor]   Honest: 0.2922  Compromised: 0.2625
[Monitor] Round 21 (10/10 nodes): acc=0.2866 ± 0.1638
[Monitor]   Honest: 0.3098  Compromised: 0.2326
[Monitor] Round 22 (10/10 nodes): acc=0.2237 ± 0.1777
[Monitor]   Honest: 0.2278  Compromised: 0.2141
[Monitor] Round 23 (10/10 nodes): acc=0.2173 ± 0.1562
[Monitor]   Honest: 0.2542  Compromised: 0.1312
[Monitor] Round 24 (10/10 nodes): acc=0.2156 ± 0.1864
[Monitor]   Honest: 0.2979  Compromised: 0.0237
[Monitor] Round 25 (10/10 nodes): acc=0.2467 ± 0.1958
[Monitor]   Honest: 0.3127  Compromised: 0.0926
[Monitor] Round 26 (10/10 nodes): acc=0.2506 ± 0.2225
[Monitor]   Honest: 0.2978  Compromised: 0.1405
[Monitor] Round 27 (10/10 nodes): acc=0.2805 ± 0.2184
[Monitor]   Honest: 0.3315  Compromised: 0.1617
[Monitor] Round 28 (10/10 nodes): acc=0.2673 ± 0.2261
[Monitor]   Honest: 0.3601  Compromised: 0.0508
[Monitor] Round 29 (10/10 nodes): acc=0.3214 ± 0.2267
[Monitor]   Honest: 0.3761  Compromised: 0.1938
[Monitor] Round 30 (10/10 nodes): acc=0.2964 ± 0.2524
[Monitor]   Honest: 0.3539  Compromised: 0.1625
[Monitor] Round 31 (10/10 nodes): acc=0.2990 ± 0.2577
[Monitor]   Honest: 0.3598  Compromised: 0.1572
[Monitor] Round 32 (10/10 nodes): acc=0.1170 ± 0.1357
[Monitor]   Honest: 0.1199  Compromised: 0.1104
[Monitor] Round 33 (10/10 nodes): acc=0.1589 ± 0.1578
[Monitor]   Honest: 0.1576  Compromised: 0.1619
[Monitor] Round 34 (10/10 nodes): acc=0.1831 ± 0.1563
[Monitor]   Honest: 0.1901  Compromised: 0.1668
[Monitor] Round 35 (10/10 nodes): acc=0.1733 ± 0.1446
[Monitor]   Honest: 0.1786  Compromised: 0.1611
[Monitor] Round 36 (10/10 nodes): acc=0.1521 ± 0.1336
[Monitor]   Honest: 0.1450  Compromised: 0.1687
[Monitor] Round 37 (10/10 nodes): acc=0.1097 ± 0.1342
[Monitor]   Honest: 0.0846  Compromised: 0.1682
[Monitor] Round 38 (10/10 nodes): acc=0.1761 ± 0.1490
[Monitor]   Honest: 0.1612  Compromised: 0.2109
[Monitor] Round 39 (10/10 nodes): acc=0.1691 ± 0.1302
[Monitor]   Honest: 0.1750  Compromised: 0.1551
[Monitor] Round 40 (10/10 nodes): acc=0.1648 ± 0.1307
[Monitor]   Honest: 0.1670  Compromised: 0.1596
[Monitor] Round 41 (10/10 nodes): acc=0.1918 ± 0.1644
[Monitor]   Honest: 0.2062  Compromised: 0.1582
[Monitor] Round 42 (10/10 nodes): acc=0.1981 ± 0.1630
[Monitor]   Honest: 0.2151  Compromised: 0.1582
[Monitor] Round 43 (10/10 nodes): acc=0.1690 ± 0.1516
[Monitor]   Honest: 0.1730  Compromised: 0.1596
[Monitor] Round 44 (10/10 nodes): acc=0.0689 ± 0.0787
[Monitor]   Honest: 0.0701  Compromised: 0.0662
[Monitor] Round 45 (10/10 nodes): acc=0.1501 ± 0.1759
[Monitor]   Honest: 0.1253  Compromised: 0.2080
[Monitor] Round 46 (10/10 nodes): acc=0.1496 ± 0.1657
[Monitor]   Honest: 0.1446  Compromised: 0.1615
[Monitor] Round 47 (10/10 nodes): acc=0.1553 ± 0.1609
[Monitor]   Honest: 0.1548  Compromised: 0.1566
[Monitor] Round 48 (10/10 nodes): acc=0.1868 ± 0.2250
[Monitor]   Honest: 0.1547  Compromised: 0.2619
[Monitor] Round 49 (10/10 nodes): acc=0.1679 ± 0.1869
[Monitor]   Honest: 0.1536  Compromised: 0.2011
Gaussian Attack: Compromised 3/10 nodes
  Compromised nodes: [0, 1, 4]
  Noise std: 10.0
Gaussian Attack: Compromised 3/10 nodes
  Compromised nodes: [0, 1, 4]
  Noise std: 10.0
Gaussian Attack: Compromised 3/10 nodes
  Compromised nodes: [0, 1, 4]
  Noise std: 10.0
Gaussian Attack: Compromised 3/10 nodes
  Compromised nodes: [0, 1, 4]
  Noise std: 10.0
Gaussian Attack: Compromised 3/10 nodes
  Compromised nodes: [0, 1, 4]
  Noise std: 10.0
Gaussian Attack: Compromised 3/10 nodes
  Compromised nodes: [0, 1, 4]
  Noise std: 10.0
Gaussian Attack: Compromised 3/10 nodes
  Compromised nodes: [0, 1, 4]
  Noise std: 10.0
Gaussian Attack: Compromised 3/10 nodes
  Compromised nodes: [0, 1, 4]
  Noise std: 10.0
Gaussian Attack: Compromised 3/10 nodes
  Compromised nodes: [0, 1, 4]
  Noise std: 10.0
[Monitor] Round 50 (10/10 nodes): acc=0.1665 ± 0.1844
[Monitor]   Honest: 0.1546  Compromised: 0.1942
Gaussian Attack: Compromised 3/10 nodes
  Compromised nodes: [0, 1, 4]
  Noise std: 10.0
                                   Training Results                                    
┏━━━━━━━┳━━━━━━━━━━┳━━━━━━━━━┳━━━━━━━━━━━━┳━━━━━━━━━━━┳━━━━━━━━━┳━━━━━━━━━┳━━━━━━━━━━━┓
┃ Round ┃ Mean Acc ┃ Std Acc ┃ Honest Acc ┃ Comp. Acc ┃ Vacuity ┃ Entropy ┃ Strength  ┃
┡━━━━━━━╇━━━━━━━━━━╇━━━━━━━━━╇━━━━━━━━━━━━╇━━━━━━━━━━━╇━━━━━━━━━╇━━━━━━━━━╇━━━━━━━━━━━┩
│ 1     │ 0.3311   │ 0.2161  │ 0.3122     │ 0.3750    │ nan     │ nan     │ nan       │
│ 2     │ 0.4694   │ 0.2874  │ 0.5629     │ 0.2511    │ nan     │ nan     │ nan       │
│ 3     │ 0.5251   │ 0.2947  │ 0.5711     │ 0.4178    │ nan     │ nan     │ nan       │
│ 4     │ 0.5304   │ 0.2994  │ 0.5683     │ 0.4420    │ nan     │ nan     │ nan       │
│ 5     │ 0.4688   │ 0.2745  │ 0.4778     │ 0.4477    │ nan     │ nan     │ nan       │
│ 6     │ 0.4694   │ 0.2813  │ 0.4793     │ 0.4463    │ nan     │ nan     │ nan       │
│ 7     │ 0.4349   │ 0.2822  │ 0.5052     │ 0.2710    │ nan     │ nan     │ nan       │
│ 8     │ 0.4322   │ 0.2330  │ 0.4567     │ 0.3750    │ nan     │ nan     │ nan       │
│ 9     │ 0.3549   │ 0.2953  │ 0.3523     │ 0.3608    │ nan     │ nan     │ nan       │
│ 10    │ 0.2064   │ 0.1562  │ 0.1646     │ 0.3038    │ nan     │ nan     │ nan       │
│ 11    │ 0.2077   │ 0.1608  │ 0.2117     │ 0.1984    │ nan     │ nan     │ nan       │
│ 12    │ 0.2118   │ 0.1583  │ 0.2175     │ 0.1984    │ nan     │ nan     │ nan       │
│ 13    │ 0.1796   │ 0.1581  │ 0.1722     │ 0.1970    │ nan     │ nan     │ nan       │
│ 14    │ 0.1937   │ 0.1494  │ 0.1917     │ 0.1984    │ nan     │ nan     │ nan       │
│ 15    │ 0.1647   │ 0.1502  │ 0.1503     │ 0.1984    │ nan     │ nan     │ nan       │
│ 16    │ 0.2002   │ 0.1541  │ 0.2016     │ 0.1970    │ nan     │ nan     │ nan       │
│ 17    │ 0.2605   │ 0.1388  │ 0.2438     │ 0.2995    │ nan     │ nan     │ nan       │
│ 18    │ 0.2888   │ 0.1377  │ 0.3019     │ 0.2582    │ nan     │ nan     │ nan       │
│ 19    │ 0.2683   │ 0.1452  │ 0.2714     │ 0.2611    │ nan     │ nan     │ nan       │
│ 20    │ 0.2833   │ 0.1540  │ 0.2922     │ 0.2625    │ nan     │ nan     │ nan       │
│ 21    │ 0.2866   │ 0.1638  │ 0.3098     │ 0.2326    │ nan     │ nan     │ nan       │
│ 22    │ 0.2237   │ 0.1777  │ 0.2278     │ 0.2141    │ nan     │ nan     │ nan       │
│ 23    │ 0.2173   │ 0.1562  │ 0.2542     │ 0.1312    │ nan     │ nan     │ nan       │
│ 24    │ 0.2156   │ 0.1864  │ 0.2979     │ 0.0237    │ 0.1993  │ 1.2734  │ 1761.64   │
│ 25    │ 0.2467   │ 0.1958  │ 0.3127     │ 0.0926    │ 0.2147  │ 1.3521  │ 3522.50   │
│ 26    │ 0.2506   │ 0.2225  │ 0.2978     │ 0.1405    │ 0.2223  │ 1.2297  │ 4098.54   │
│ 27    │ 0.2805   │ 0.2184  │ 0.3315     │ 0.1617    │ 0.2360  │ 1.1634  │ 3098.40   │
│ 28    │ 0.2673   │ 0.2261  │ 0.3601     │ 0.0508    │ 0.2673  │ 1.2649  │ 6717.56   │
│ 29    │ 0.3214   │ 0.2267  │ 0.3761     │ 0.1938    │ 0.2906  │ 1.3236  │ 8794.00   │
│ 30    │ 0.2964   │ 0.2524  │ 0.3539     │ 0.1625    │ 0.2347  │ 1.1871  │ 8250.04   │
│ 31    │ 0.2990   │ 0.2577  │ 0.3598     │ 0.1572    │ 0.2369  │ 1.1560  │ 7648.31   │
│ 32    │ 0.1170   │ 0.1357  │ 0.1199     │ 0.1104    │ 0.0386  │ 0.9871  │ 14699.37  │
│ 33    │ 0.1589   │ 0.1578  │ 0.1576     │ 0.1619    │ 0.0213  │ 0.9082  │ 16785.72  │
│ 34    │ 0.1831   │ 0.1563  │ 0.1901     │ 0.1668    │ 0.0186  │ 0.8868  │ 28634.95  │
│ 35    │ 0.1733   │ 0.1446  │ 0.1786     │ 0.1611    │ 0.0187  │ 0.9031  │ 24282.62  │
│ 36    │ 0.1521   │ 0.1336  │ 0.1450     │ 0.1687    │ 0.0217  │ 0.8846  │ 33674.70  │
│ 37    │ 0.1097   │ 0.1342  │ 0.0846     │ 0.1682    │ 0.0591  │ 1.0152  │ 46164.96  │
│ 38    │ 0.1761   │ 0.1490  │ 0.1612     │ 0.2109    │ 0.0214  │ 0.9734  │ 58945.71  │
│ 39    │ 0.1691   │ 0.1302  │ 0.1750     │ 0.1551    │ 0.0210  │ 0.9716  │ 53791.01  │
│ 40    │ 0.1648   │ 0.1307  │ 0.1670     │ 0.1596    │ 0.0161  │ 0.8719  │ 60321.52  │
│ 41    │ 0.1918   │ 0.1644  │ 0.2062     │ 0.1582    │ 0.0132  │ 0.7594  │ 70164.26  │
│ 42    │ 0.1981   │ 0.1630  │ 0.2151     │ 0.1582    │ 0.0134  │ 0.7468  │ 59478.48  │
│ 43    │ 0.1690   │ 0.1516  │ 0.1730     │ 0.1596    │ 0.0175  │ 0.6472  │ 37388.79  │
│ 44    │ 0.0689   │ 0.0787  │ 0.0701     │ 0.0662    │ 0.0093  │ 0.7429  │ 54610.60  │
│ 45    │ 0.1501   │ 0.1759  │ 0.1253     │ 0.2080    │ 0.0097  │ 0.8640  │ 93449.96  │
│ 46    │ 0.1496   │ 0.1657  │ 0.1446     │ 0.1615    │ 0.0139  │ 0.8231  │ 74695.91  │
│ 47    │ 0.1553   │ 0.1609  │ 0.1548     │ 0.1566    │ 0.0114  │ 0.9371  │ 72120.60  │
│ 48    │ 0.1868   │ 0.2250  │ 0.1547     │ 0.2619    │ 0.0107  │ 0.9325  │ 116171.46 │
│ 49    │ 0.1679   │ 0.1869  │ 0.1536     │ 0.2011    │ 0.0115  │ 0.8563  │ 97275.15  │
│ 50    │ 0.1665   │ 0.1844  │ 0.1546     │ 0.1942    │ 0.0123  │ 0.8557  │ 114977.84 │
└───────┴──────────┴─────────┴────────────┴───────────┴─────────┴─────────┴───────────┘

Uncertainty Metrics:
  • Vacuity: epistemic uncertainty — lower is more confident
  • Entropy: aleatoric uncertainty — lower is more decisive
  • Strength: Dirichlet strength — higher means more evidence
Results written → /DataVol/projects/murmura/experiments/paper/dmtt/exp1_main_comparison/results/DynBALANCE-byz30-s123.parquet

✓ Distributed training complete
